******************************************************************************
                  TI ARM Linker Unix v20.2.1                   
******************************************************************************
>> Linked Tue Jul  7 10:34:17 2020

OUTPUT FILE NAME:   <collector_energia_ti_compiler_bak.out>
ENTRY POINT SYMBOL: "ResetISR"  address: 0000ab2d


MEMORY CONFIGURATION

         name            origin    length      used     unused   attr    fill
----------------------  --------  ---------  --------  --------  ----  --------
  FLASH                 00000000   0004e000  0000e908  0003f6f8  R  X
  FLASH_NV              0004e000   00008000  00000000  00008000  RW X
  FLASH_LAST            00056000   00002000  00002000  00000000  R  X
  SRAM                  20000000   00014000  000031cb  00010e35  RW X


SEGMENT ALLOCATION MAP

run origin  load origin   length   init length attrs members
----------  ----------- ---------- ----------- ----- -------
00000000    00000000    0000e910   0000e910    r-x
  00000000    00000000    0000003c   0000003c    r-- .resetVecs
  0000003c    0000003c    000016b8   000016b8    r-- .const
  000016f4    000016f4    000000cc   000000cc    r-- config_const
  000017c0    000017c0    00000004   00000004    r-- .init_array
  000017c8    000017c8    0000ce04   0000ce04    r-x .text.1
  0000e5d0    0000e5d0    00000340   00000340    r-- .cinit
00056000    00056000    00002000   00002000    r-x
  00056000    00056000    00001fa8   00001fa8    r-x .text.2
  00057fa8    00057fa8    00000058   00000058    r-- .ccfg
20000100    20000100    00002b97   00000000    rw-
  20000100    20000100    00000004   00000000    rw- .data:xdcRomConstPtr
  20000104    20000104    00000004   00000000    rw- .data:xdcRomExternFuncPtr
  20000108    20000108    00000004   00000000    rw- .data:xdcRomStatePtr
  2000010c    2000010c    00000010   00000000    rw- .data:RAM_MAC_BASE_ADDR
  20000120    20000120    0000091e   00000000    rw- .data
  20000a40    20000a40    00002257   00000000    rw- .bss
20013aa0    20013aa0    00000560   00000000    rw-
  20013aa0    20013aa0    00000560   00000000    rw- .stack


SECTION ALLOCATION MAP

 output                                  attributes/
section   page    origin      length       input sections
--------  ----  ----------  ----------   ----------------
.const     0    0000003c    000016b8     
                  0000003c    00000568     hmac_rom_init.obj (.const:HMAC_ROM_Flash_JT)
                  000005a4    000003b8     app_pem4f.oem4f (.const:ROM_constStruct)
                  0000095c    00000258     fh_rom_init.obj (.const:FH_ROM_Flash_JT)
                  00000bb4    00000154     rf_multiMode_cc13x2.aem4f : rf_patch_cpe_prop.c.cc13x2.ccs.o (.const:patchImageProp)
                  00000d08    000000f8     mac_cfg.obj (.const:macPibTbl)
                  00000e00    000000cc     lmac_rom_init.obj (.const:LMAC_ROM_Flash_JT)
                  00000ecc    00000088     mac_cfg.obj (.const:macPibDefaults)
                  00000f54    0000006e     maclib_nosecure_cc13x2.a : hmac_global.obj (.const:macAssociatingSt)
                  00000fc2    0000006e                              : hmac_global.obj (.const:macIdleSt)
                  00001030    0000006e                              : hmac_global.obj (.const:macPollingSt)
                  0000109e    0000006e                              : hmac_global.obj (.const:macScanningSt)
                  0000110c    0000006e                              : hmac_global.obj (.const:macStartingSt)
                  0000117a    00000001     app_pem4f.oem4f (.const:xdc_runtime_Text_charTab__A)
                  0000117b    00000001     --HOLE-- [fill = 0]
                  0000117c    0000006c     icall_osal_rom_init.obj (.const:ICALL_OSAL_ROM_Flash_JT)
                  000011e8    00000054     drivers_cc13x2.aem4f : PowerCC26X2.oem4f (.const:resourceDB)
                  0000123c    00000050     mac_cfg.obj (.const:macMRFSKStdPhyTable)
                  0000128c    0000004c     drivers_cc13x2.aem4f : Random.oem4f (.const:$P$T0$1)
                  000012d8    00000048     app_pem4f.oem4f (.const:.string)
                  00001320    00000048     app_pem4f.oem4f (.const:ROM_externFuncPtrs)
                  00001368    00000040     maclib_nosecure_cc13x2.a : hmac_global.obj (.const:macTimerRolloverValue)
                  000013a8    00000038                              : hmac_global.obj (.const:macCmdIncludeFHIe)
                  000013e0    00000030     ti_radio_config.obj (.const:RF_cmdPropRxAdv_2gfsk50kbps154g)
                  00001410    00000028     ti_radio_config.obj (.const:RF_cmdPropRadioDivSetup_2gfsk50kbps154g)
                  00001438    00000028     app_pem4f.oem4f (.const:ti_sysbios_heaps_HeapCallback_Module__FXNS__C)
                  00001460    00000028     app_pem4f.oem4f (.const:xdc_runtime_Startup_sfxnTab__A)
                  00001488    00000020     ti_radio_config.obj (.const:RF_cmdPropTxAdv_2gfsk50kbps154g)
                  000014a8    00000020     rf_multiMode_cc13x2.aem4f : RFCC26X2_multiMode.c.cc13x2.ccs.o (.const:RF_defaultParams)
                  000014c8    00000020     maclib_nosecure_cc13x2.a : mac_radio.obj (.const:activityObject)
                  000014e8    00000020     app_pem4f.oem4f (.const:ti_sysbios_heaps_HeapCallback_Object__DESC__C)
                  00001508    0000001c     ti_drivers_config.obj (.const:BoardGpioInitTable)
                  00001524    0000001c     ti_radio_config.obj (.const:RF_cmdPropCs_2gfsk50kbps154g)
                  00001540    0000001c     app_pem4f.oem4f (.const:ti_sysbios_heaps_HeapCallback_Object__PARAMS__C)
                  0000155c    00000018     FifteenDotFourCollector.obj (.const:$P$T1$2)
                  00001574    00000018     ti_radio_config.obj (.const:RF_cmdFs_2gfsk50kbps154g)
                  0000158c    00000018     maclib_nosecure_cc13x2.a : hmac_global.obj (.const:macSendMsgBufSize)
                  000015a4    00000014     CC1312R1_LAUNCHXL_fxns.obj (.const:$P$T1$2)
                  000015b8    00000014     ti_drivers_config.obj (.const:PowerCC26X2_config)
                  000015cc    00000014     app_pem4f.oem4f (.const:xdc_runtime_Startup_sfxnRts__A)
                  000015e0    00000013     macTask.obj (.const:.string:msacbackSizeTable)
                  000015f3    00000001     --HOLE-- [fill = 0]
                  000015f4    00000010     drivers_cc13x2.aem4f : TRNG.oem4f (.const:TRNG_defaultParams)
                  00001604    00000010     maclib_nosecure_cc13x2.a : hmac_global.obj (.const:macIEEEPhyTable)
                  00001614    0000000e     main.obj (.const:.string:$P$T0$1)
                  00001622    0000000e     maclib_nosecure_cc13x2.a : hmac_global.obj (.const:.string:macCmdBufSize)
                  00001630    0000000e                              : hmac_global.obj (.const:.string:macTxFrameFailed)
                  0000163e    0000000e                              : hmac_global.obj (.const:.string:macTxFrameSuccess)
                  0000164c    0000000c     drivers_cc13x2.aem4f : Random.oem4f (.const:$P$T1$2)
                  00001658    0000000c     maclib_nosecure_cc13x2.a : hmac_global.obj (.const:.string:macCbackEventTbl)
                  00001664    0000000c                              : hmac_global.obj (.const:.string:macSendMsgDataSize)
                  00001670    0000000c     ti_drivers_config.obj (.const:RFCC26XX_hwAttrs)
                  0000167c    0000000c     app_pem4f.oem4f (.const:xdc_runtime_Startup_firstFxns__A)
                  00001688    0000000a     FifteenDotFourCollector.obj (.const:$P$T0$1)
                  00001692    00000009     maclib_nosecure_cc13x2.a : hmac_global.obj (.const:.string:macCmdLen)
                  0000169b    00000001     --HOLE-- [fill = 0]
                  0000169c    00000008     driverlib.lib : aux_sysif.obj (.const:$O1$$)
                  000016a4    00000008     maclib_nosecure_cc13x2.a : mac_rx.obj (.const:$O2$$)
                  000016ac    00000008     CC1312R1_LAUNCHXL_fxns.obj (.const:$P$T0$1)
                  000016b4    00000008     ti_drivers_config.obj (.const:PINCC26XX_hwAttrs)
                  000016bc    00000008     rf_multiMode_cc13x2.aem4f : RFCC26X2_multiMode.c.cc13x2.ccs.o (.const:RFCC26XX_schedulerPolicy)
                  000016c4    00000008     app_pem4f.oem4f (.const:ti_sysbios_family_arm_m3_Hwi_excHookFuncs__A)
                  000016cc    00000004     app_pem4f.oem4f (.const:ti_sysbios_heaps_HeapCallback_Object__count__C)
                  000016d0    00000004     app_pem4f.oem4f (.const:ti_sysbios_heaps_HeapCallback_allocInstFxn__C)
                  000016d4    00000004     app_pem4f.oem4f (.const:ti_sysbios_heaps_HeapCallback_createInstFxn__C)
                  000016d8    00000004     app_pem4f.oem4f (.const:ti_sysbios_heaps_HeapCallback_deleteInstFxn__C)
                  000016dc    00000004     app_pem4f.oem4f (.const:ti_sysbios_heaps_HeapCallback_freeInstFxn__C)
                  000016e0    00000004     app_pem4f.oem4f (.const:ti_sysbios_heaps_HeapCallback_getStatsInstFxn__C)
                  000016e4    00000004     app_pem4f.oem4f (.const:ti_sysbios_heaps_HeapCallback_initInstFxn__C)
                  000016e8    00000004     app_pem4f.oem4f (.const:ti_sysbios_heaps_HeapCallback_isBlockingInstFxn__C)
                  000016ec    00000004     app_pem4f.oem4f (.const:ti_sysbios_knl_Clock_tickPeriod__C)
                  000016f0    00000004     app_pem4f.oem4f (.const:ti_sysbios_knl_Idle_funcList__A)

config_const 
*          0    000016f4    000000cc     
                  000016f4    0000006c     mac_user_config.obj (.const:macRfDriverTable)
                  00001760    00000040     mac_user_config.obj (.const:macCryptoDriverTable)
                  000017a0    00000020     mac_user_config.obj (.const:$P$T0$1)

.cinit     0    0000e5d0    00000340     
                  0000e5d0    000002d7     (.cinit..data.load) [load image, compression = lzss]
                  0000e8a7    00000001     --HOLE-- [fill = 0]
                  0000e8a8    0000000c     (__TI_handler_table)
                  0000e8b4    00000004     --HOLE-- [fill = 0]
                  0000e8b8    00000008     (.cinit..bss.load) [load image, compression = zero_init]
                  0000e8c0    00000008     (.cinit..data:RAM_MAC_BASE_ADDR.load) [load image, compression = zero_init]
                  0000e8c8    00000008     (.cinit..data:xdcRomConstPtr.load) [load image, compression = lzss]
                  0000e8d0    00000008     (.cinit..data:xdcRomExternFuncPtr.load) [load image, compression = lzss]
                  0000e8d8    00000008     (.cinit..data:xdcRomStatePtr.load) [load image, compression = lzss]
                  0000e8e0    00000030     (__TI_cinit_table)

.init_array 
*          0    000017c0    00000004     
                  000017c0    00000004     main.obj (.init_array)

.ccfg      0    00057fa8    00000058     
                  00057fa8    00000058     ti_devices_config.obj (.ccfg:retain)

.data:xdcRomConstPtr 
*          0    20000100    00000004     UNINITIALIZED
                  20000100    00000004     app_pem4f.oem4f (.data:xdcRomConstPtr)

.data:xdcRomExternFuncPtr 
*          0    20000104    00000004     UNINITIALIZED
                  20000104    00000004     app_pem4f.oem4f (.data:xdcRomExternFuncPtr)

.data:xdcRomStatePtr 
*          0    20000108    00000004     UNINITIALIZED
                  20000108    00000004     app_pem4f.oem4f (.data:xdcRomStatePtr)

.data      0    20000120    0000091e     UNINITIALIZED
                  20000120    00000134     drivers_cc13x2.aem4f : PowerCC26X2.oem4f (.data:PowerCC26X2_module)
                  20000254    0000010c     app_pem4f.oem4f (.data:ROM_stateStruct)
                  20000360    000000a0     maclib_nosecure_cc13x2.a : mac.obj (.data:$O1$$)
                  20000400    000000a0     mac_cfg.obj (.data:macMRFSKGenPhyTable)
                  200004a0    0000006c     maclib_nosecure_cc13x2.a : hmac_global.obj (.data:fhObject)
                  2000050c    00000064     ti_radio_config.obj (.data:txPowerTable_868_pa13)
                  20000570    0000004c     app_pem4f.oem4f (.data:ti_sysbios_knl_Task_Object__table__V)
                  200005bc    00000048     FifteenDotFourCollector.obj (.data:Collector_macCallbacks)
                  20000604    00000004     maclib_nosecure_cc13x2.a : mac_autopend.obj (.data:$O1$$)
                  20000608    00000048     app_pem4f.oem4f (.data:ti_sysbios_family_arm_cc26xx_Timer_Object__table__V)
                  20000650    00000040     maclib_nosecure_cc13x2.a : mac_radio.obj (.data:$O1$$)
                  20000690    00000038     app_pem4f.oem4f (.data:ti_sysbios_gates_GateMutex_Object__table__V)
                  200006c8    00000034     maclib_nosecure_cc13x2.a : hmac_global.obj (.data:macBeaconPayload)
                  200006fc    00000030                              : hmac_global.obj (.data)
                  2000072c    00000030     app_pem4f.oem4f (.data:ti_sysbios_knl_Swi_Module_State_0_readyQ__A)
                  2000075c    00000030     app_pem4f.oem4f (.data:ti_sysbios_knl_Swi_Object__table__V)
                  2000078c    00000030     app_pem4f.oem4f (.data:ti_sysbios_knl_Task_Module_State_0_readyQ__A)
                  200007bc    00000028     maclib_nosecure_cc13x2.a : mac_symbol_timer.obj (.data:$O1$$)
                  200007e4    00000028     ti_radio_config.obj (.data:pOverrides_2gfsk50kbps154g)
                  2000080c    00000024     maclib_nosecure_cc13x2.a : mac_tx.obj (.data:$O1$$)
                  20000830    00000024                              : hmac_global.obj (.data:macActionSet)
                  20000854    00000004                              : lmac_global.obj (.data)
                  20000858    00000020     drivers_cc13x2.aem4f : TRNGCC26XX.oem4f (.data:entropyPoolBuffer)
                  20000878    00000020     app_pem4f.oem4f (.data:ti_sysbios_knl_Clock_Object__table__V)
                  20000898    00000020     app_pem4f.oem4f (.data:xdc_runtime_Error_IgnoreBlock)
                  200008b8    0000001a     osal_port.obj (.data)
                  200008d2    00000002     drivers_cc13x2.aem4f : TRNGCC26XX.oem4f (.data)
                  200008d4    00000018     app_pem4f.oem4f (.data:ti_sysbios_family_arm_m3_Hwi_Object__table__V)
                  200008ec    00000014     maclib_nosecure_cc13x2.a : mac_radio_tx.obj (.data:$O1$$)
                  20000900    00000014                              : hmac_global.obj (.data:macStateTbl)
                  20000914    00000014     macTask.obj (.data)
                  20000928    00000010     mac_settings.obj (.data:RF_cmdNop)
                  20000938    00000010     mac_settings.obj (.data:RF_cmdNopFg)
                  20000948    00000010     ti_radio_config.obj (.data:RF_prop_2gfsk50kbps154g)
                  20000958    00000010     mac_cfg.obj (.data:macCfg)
                  20000968    0000000f     maclib_nosecure_cc13x2.a : mac.obj (.data)
                  20000977    00000001     asserts.obj (.data)
                  20000978    0000000c     maclib_nosecure_cc13x2.a : mac_hl_patch.obj (.data:$O1$$)
                  20000984    0000000c     app_pem4f.oem4f (.data:ti_sysbios_heaps_HeapCallback_Object__table__V)
                  20000990    00000008     rtsv7M4_T_le_v4SPD16_eabi.lib : _lock.c.obj (.data:$O1$$)
                  20000998    00000008     api_mac.obj (.data)
                  200009a0    00000008     drivers_cc13x2.aem4f : PINCC26XX.oem4f (.data)
                  200009a8    00000008                          : TRNGCC26XX.oem4f (.data:jobList)
                  200009b0    00000008     osal_port_timers.obj (.data)
                  200009b8    00000008     app_pem4f.oem4f (.data:ti_sysbios_family_arm_m3_Hwi_Module__root__V)
                  200009c0    00000008     app_pem4f.oem4f (.data:ti_sysbios_gates_GateHwi_Module__root__V)
                  200009c8    00000008     app_pem4f.oem4f (.data:ti_sysbios_gates_GateMutex_Module__root__V)
                  200009d0    00000008     app_pem4f.oem4f (.data:ti_sysbios_hal_Hwi_Module__root__V)
                  200009d8    00000008     app_pem4f.oem4f (.data:ti_sysbios_heaps_HeapCallback_Module__root__V)
                  200009e0    00000008     app_pem4f.oem4f (.data:ti_sysbios_heaps_HeapMem_Module__root__V)
                  200009e8    00000008     app_pem4f.oem4f (.data:ti_sysbios_knl_Clock_Module__root__V)
                  200009f0    00000008     app_pem4f.oem4f (.data:ti_sysbios_knl_Event_Module__root__V)
                  200009f8    00000008     app_pem4f.oem4f (.data:ti_sysbios_knl_Mailbox_Module__root__V)
                  20000a00    00000008     app_pem4f.oem4f (.data:ti_sysbios_knl_Queue_Module__root__V)
                  20000a08    00000008     app_pem4f.oem4f (.data:ti_sysbios_knl_Semaphore_Module__root__V)
                  20000a10    00000008     app_pem4f.oem4f (.data:ti_sysbios_knl_Swi_Module__root__V)
                  20000a18    00000008     app_pem4f.oem4f (.data:ti_sysbios_knl_Task_Module__root__V)
                  20000a20    00000005     drivers_cc13x2.aem4f : TemperatureCC26X2.oem4f (.data)
                  20000a25    00000001     maclib_nosecure_cc13x2.a : mac_sleep.obj (.data)
                  20000a26    00000002     app_pem4f.oem4f (.data:ti_sysbios_family_arm_m3_Hwi_Module_State_0_excActive__A)
                  20000a28    00000004     maclib_nosecure_cc13x2.a : mac_mcu.obj (.data)
                  20000a2c    00000004     rtsv7M4_T_le_v4SPD16_eabi.lib : stkdepth_vars.c.obj (.data)
                  20000a30    00000004     app_pem4f.oem4f (.data:ti_sysbios_family_arm_m3_Hwi_Module_State_0_excContext__A)
                  20000a34    00000004     app_pem4f.oem4f (.data:ti_sysbios_family_arm_m3_Hwi_Module_State_0_excStack__A)
                  20000a38    00000004     app_pem4f.oem4f (.data:ti_sysbios_knl_Task_Module_State_0_idleTask__A)
                  20000a3c    00000001     maclib_nosecure_cc13x2.a : mac_tx.obj (.data)
                  20000a3d    00000001     rf_multiMode_cc13x2.aem4f : rf_patch_cpe_prop.c.cc13x2.ccs.o (.data)

.bss       0    20000a40    00002257     UNINITIALIZED
                  20000a40    00000800     main.obj (.bss:appTaskStack)
                  20001240    00000800     macTask.obj (.bss:macTaskStack)
                  20001a40    000004b8     rf_multiMode_cc13x2.aem4f : RFCC26X2_multiMode.c.cc13x2.ccs.o (.bss:$O1$$)
                  20001ef8    00000200     app_pem4f.oem4f (.bss:taskStackSection)
                  200020f8    00000168     (.common:taskTbl)
                  20002260    000000fc     (.common:enhancedAckBuf)
                  2000235c    000000d8     (.common:ti_sysbios_family_arm_m3_Hwi_dispatchTable)
                  20002434    00000004     drivers_cc13x2.aem4f : PINCC26XX.oem4f (.bss)
                  20002438    000000b0     maclib_nosecure_cc13x2.a : mac_radio.obj (.bss:RF_object)
                  200024e8    00000088     (.common:macPib)
                  20002570    0000007c     (.common:pinHandleTable)
                  200025ec    00000054     (.common:macScan)
                  20002640    00000050     (.common:appTask)
                  20002690    00000050     (.common:macTask)
                  200026e0    0000003c     macTask.obj (.bss:macTaskParams)
                  2000271c    0000003c     (.common:RF_cmdIEEERx)
                  20002758    0000003c     (.common:macBeaconCoord)
                  20002794    00000038     (.common:macDeviceAction1)
                  200027cc    00000034     drivers_cc13x2.aem4f : PINCC26XX.oem4f (.bss:pinSwi)
                  20002800    00000034     (.common:macBeaconDevice)
                  20002834    00000030     (.common:RF_cmdPropRadioDivSetup)
                  20002864    00000030     (.common:RF_cmdPropRxAdv)
                  20002894    0000002c     (.common:macCoord)
                  200028c0    0000002c     (.common:macDevice)
                  200028ec    00000028     maclib_nosecure_cc13x2.a : mac_rx.obj (.bss:$O1$$)
                  20002914    00000028     (.common:macMgmtAction1)
                  2000293c    00000020     drivers_cc13x2.aem4f : PINCC26XX.oem4f (.bss:pinGpioConfigTable)
                  2000295c    00000020     (.common:RF_cmdIEEECsma)
                  2000297c    00000020     (.common:RF_cmdPropTxAdv)
                  2000299c    00000020     (.common:RF_cmdRadioSetup)
                  200029bc    00000020     (.common:macBeacon)
                  200029dc    0000001c     driverlib.lib : osc.obj (.bss:$O1$$)
                  200029f8    0000001c     drivers_cc13x2.aem4f : TRNGCC26XX.oem4f (.bss:TRNGCC26XX_hwi)
                  20002a14    0000001c                          : TRNGCC26XX.oem4f (.bss:entropyPool)
                  20002a30    0000001c                          : PINCC26XX.oem4f (.bss:pinHwi)
                  20002a4c    0000001c                          : PINCC26XX.oem4f (.bss:pinSemaphore)
                  20002a68    0000001c     (.common:RF_cmdPropCs)
                  20002a84    0000001c     (.common:RF_cmdPropCsSlotted)
                  20002aa0    0000001c     (.common:appSem)
                  20002abc    0000001c     (.common:macCoordAction2)
                  20002ad8    0000001c     (.common:macReset)
                  20002af4    0000001c     (.common:macSem)
                  20002b10    00000018     (.common:RF_cmdFs)
                  20002b28    00000018     (.common:RF_cmdIEEETx)
                  20002b40    00000018     (.common:macScanAction)
                  20002b58    00000014     rf_multiMode_cc13x2.aem4f : RFCC26X2_multiMode.c.cc13x2.ccs.o (.bss:RF_ratSyncCmd)
                  20002b6c    00000014     main.obj (.bss:myNode)
                  20002b80    00000014     drivers_cc13x2.aem4f : Random.oem4f (.bss:state)
                  20002b94    00000014     (.common:RF_cmdRxAckCmd)
                  20002ba8    00000014     (.common:macDeviceAction2)
                  20002bbc    00000014     (.common:macMgmtAction2)
                  20002bd0    00000010     (.common:macBeaconDeviceAction)
                  20002be0    00000010     (.common:macCoordAction3)
                  20002bf0    00000010     (.common:macData)
                  20002c00    00000010     (.common:macDataTxDelay)
                  20002c10    0000000c     osal_port.obj (.bss)
                  20002c1c    0000000c     (.common:macMain)
                  20002c28    00000009     macTask.obj (.bss)
                  20002c31    00000001     maclib_nosecure_cc13x2.a : mac_tx.obj (.bss)
                  20002c32    00000001     rf_multiMode_cc13x2.aem4f : RFCC26X2_multiMode.c.cc13x2.ccs.o (.bss)
                  20002c33    00000001     (.common:AppTaskId)
                  20002c34    00000008     drivers_cc13x2.aem4f : TemperatureCC26X2.oem4f (.bss:notificationList)
                  20002c3c    00000008     osal_port_timers.obj (.bss)
                  20002c44    00000008     (.common:ApiMac_extAddr)
                  20002c4c    00000008     (.common:macBeaconCoordAction1)
                  20002c54    00000008     (.common:macCoordAction1)
                  20002c5c    00000005     api_mac.obj (.bss)
                  20002c61    00000001     (.common:appTaskId)
                  20002c62    00000001     (.common:driverlib_release_0_56804)
                  20002c63    00000001     (.common:macMgmt)
                  20002c64    00000004     (.common:FH_test_var)
                  20002c68    00000004     (.common:HEAPMGR_SIZE)
                  20002c6c    00000004     (.common:PowerCC26XX_swiKey)
                  20002c70    00000004     (.common:PowerCC26XX_taskKey)
                  20002c74    00000004     (.common:_this)
                  20002c78    00000004     (.common:macRxSymbol)
                  20002c7c    00000004     (.common:macTimerActive)
                  20002c80    00000004     (.common:macTxTimestamp)
                  20002c84    00000004     (.common:timerAlignedQ)
                  20002c88    00000004     (.common:timerUnalignedQ)
                  20002c8c    00000001     (.common:macPanCoordinator)
                  20002c8d    00000001     (.common:macPhyChannel)
                  20002c8e    00000001     (.common:macPwr)
                  20002c8f    00000001     (.common:macRxActive)
                  20002c90    00000001     (.common:macRxEnableFlags)
                  20002c91    00000001     (.common:macRxOutgoingAckFlag)
                  20002c92    00000001     (.common:macSymbolTimerImpending)
                  20002c93    00000001     (.common:macTaskId)
                  20002c94    00000001     (.common:macTxActive)
                  20002c95    00000001     (.common:macUnitBackoffPeriod)
                  20002c96    00000001     (.common:rxFhRsl)

.vtable    0    20002c97    00000000     UNINITIALIZED

.vtable_ram 
*          0    20002c97    00000000     UNINITIALIZED

vtable_ram 
*          0    20002c97    00000000     UNINITIALIZED

.sysmem    0    20002c97    00000000     UNINITIALIZED

.nonretenvar 
*          0    20002c97    00000000     UNINITIALIZED

.stack     0    20013aa0    00000560     UNINITIALIZED
                  20013aa0    00000560     --HOLE--

.bootVecs 
*          0    00000000    00000008     DSECT
                  00000000    00000008     boot.aem4f : boot.oem4f (.bootVecs)

.resetVecs 
*          0    00000000    0000003c     
                  00000000    0000003c     app_pem4f.oem4f (.resetVecs)

.vecs      0    20000000    000000d8     NOLOAD SECTION
                  20000000    000000d8     app_pem4f.oem4f (.vecs)

xdc.meta   0    00000000    00000102     COPY SECTION
                  00000000    00000102     app_pem4f.oem4f (xdc.meta)

xdc.noload 
*          0    00000000    00000000     COPY SECTION

.data:RAM_MAC_BASE_ADDR 
*          0    2000010c    00000010     UNINITIALIZED
                  2000010c    00000010     rom_init_154.obj (.data:RAM_MAC_BASE_ADDR)

.text.1    0    000017c8    0000ce04     
                  000017c8    0000032c     macTask.obj (.text:macTaskFxn)
                  00001af4    000002e4     maclib_nosecure_cc13x2.a : mac_radio_tx.obj (.text:macRadioTxGoSubG)
                  00001dd8    000002d0                              : mac_rx.obj (.text:rxPayloadIsr)
                  000020a8    00000210                              : mac_radio.obj (.text:macRadioInitSubG)
                  000022b8    00000200     rf_multiMode_cc13x2.aem4f : RFCC26X2_multiMode.c.cc13x2.ccs.o (.text:RF_open)
                  000024b8    000001c4     drivers_cc13x2.aem4f : PINCC26XX.oem4f (.text:PIN_init)
                  0000267c    000001c0     maclib_nosecure_cc13x2.a : mac_tx.obj (.text:macTxFrame)
                  0000283c    000001bc                              : mac.obj (.text:macSendReceiveCmdIeee)
                  000029f8    000001b4                              : mac_radio_tx.obj (.text:macRadioTxGoIeee)
                  00002bac    000001b4                              : mac_hl_patch.obj (.text:macRxBeaconCritical)
                  00002d60    000001a4                              : mac_hl_patch.obj (.text:macWrapperDeleteKeyAndAssociatedDevices)
                  00002f04    00000198     drivers_cc13x2.aem4f : PowerCC26X2.oem4f (.text:Power_sleep)
                  0000309c    00000198     rf_multiMode_cc13x2.aem4f : RFCC26X2_multiMode.c.cc13x2.ccs.o (.text:RF_dispatchNextCmd)
                  00003234    00000198     maclib_nosecure_cc13x2.a : mac_radio_tx.obj (.text:macRadioTxAck)
                  000033cc    00000198                              : mac_tx.obj (.text:txCsmaDelay)
                  00003564    00000194     drivers_cc13x2.aem4f : PowerCC26X2.oem4f (.text:Power_init)
                  000036f8    00000190                          : PowerCC26X2_calibrateRCOSC.oem4f (.text:calibrateRcoscHf1)
                  00003888    00000190     maclib_nosecure_cc13x2.a : mac_radio_tx.obj (.text:macRadioLbtTxCb)
                  00003a18    00000190     app_pem4f.oem4f (.text:xdc_runtime_System_printfExtend__I)
                  00003ba8    0000018c     drivers_cc13x2.aem4f : PowerCC26X2_calibrateRCOSC.oem4f (.text:runCalibrateFsm)
                  00003d34    00000174     maclib_nosecure_cc13x2.a : mac_hl_patch.obj (.text:macWrapperDeleteAllDevices)
                  00003ea8    00000170     macTask.obj (.text:MAC_CbackEvent)
                  00004018    00000160     osal_port.obj (.text:OsalPort_heapInit)
                  00004178    0000015c     maclib_nosecure_cc13x2.a : mac.obj (.text:macSendReceiveCmdSubG)
                  000042d4    00000004     dpl_cc13x2.aem4f : ClockP_tirtos.oem4f (.text:ClockP_destruct)
                  000042d8    00000156     osal_port.obj (.text:OsalPort_heapMalloc)
                  0000442e    00000002     rf_multiMode_cc13x2.aem4f : rfc.c.cc13x2.ccs.o (.text:NOROM_RFCCpePatchReset)
                  00004430    00000148                               : RFCC26X2_multiMode.c.cc13x2.ccs.o (.text:RF_fsmSetupState)
                  00004578    00000140                               : RFCC26X2_multiMode.c.cc13x2.ccs.o (.text:RF_close)
                  000046b8    0000013c                               : RFCC26X2_multiMode.c.cc13x2.ccs.o (.text:RF_ratSetupChannel)
                  000047f4    00000134                               : RFCC26X2_multiMode.c.cc13x2.ccs.o (.text:RF_abortCmd)
                  00004928    00000134     maclib_nosecure_cc13x2.a : mac_radio.obj (.text:macRadioInitIeee)
                  00004a5c    00000120     drivers_cc13x2.aem4f : PowerCC26X2.oem4f (.text:configureXOSCHF)
                  00004b7c    0000011c     rf_multiMode_cc13x2.aem4f : RFCC26X2_multiMode.c.cc13x2.ccs.o (.text:RF_radioOpDoneCb)
                  00004c98    00000118     maclib_nosecure_cc13x2.a : mac_hl_patch.obj (.text:macScanNextChan)
                  00004db0    00000114                              : mac.obj (.text:macSetupRATChanCompare)
                  00004ec4    00000112     rf_multiMode_cc13x2.aem4f : RFCC26X2_multiMode.c.cc13x2.ccs.o (.text:RF_decodeOverridePointers)
                  00004fd6    00000002                               : RFCC26X2_multiMode.c.cc13x2.ccs.o (.text:RF_defaultCallback)
                  00004fd8    00000110                               : RFCC26X2_multiMode.c.cc13x2.ccs.o (.text:RF_initRadioSetup)
                  000050e8    0000010e     osal_port.obj (.text:OsalPort_pwrmgrTaskState)
                  000051f6    00000002     rtsv7M4_T_le_v4SPD16_eabi.lib : _lock.c.obj (.text:_nop)
                  000051f8    00000104     rf_multiMode_cc13x2.aem4f : RFCC26X2_multiMode.c.cc13x2.ccs.o (.text:RF_hwiCpe0Active)
                  000052fc    00000004     dpl_cc13x2.aem4f : ClockP_tirtos.oem4f (.text:ClockP_getTimeout)
                  00005300    00000104     main.obj (.text:_Z10appTaskFxnjj)
                  00005404    000000fc     driverlib.lib : sys_ctrl.obj (.text:NOROM_SysCtrlStandby)
                  00005500    000000fc     macTask.obj (.text:macTaskInit)
                  000055fc    000000f8     drivers_cc13x2.aem4f : PINCC26XX.oem4f (.text:PINCC26XX_setIoCfg)
                  000056f4    000000f8     maclib_nosecure_cc13x2.a : mac_radio_tx.obj (.text:macRadioTxPrepCsmaSlottedSubG)
                  000057ec    000000f8                              : mac_rx.obj (.text:macRxInit)
                  000058e4    000000f0     rf_multiMode_cc13x2.aem4f : RFCC26X2_multiMode.c.cc13x2.ccs.o (.text:RF_fsmPowerUpState)
                  000059d4    00000004     dpl_cc13x2.aem4f : ClockP_tirtos.oem4f (.text:ClockP_setTimeout)
                  000059d8    000000ec     api_mac.obj (.text:ApiMac_init)
                  00005ac4    00000004     dpl_cc13x2.aem4f : ClockP_tirtos.oem4f (.text:ClockP_start)
                  00005ac8    000000ec     api_mac.obj (.text:processBeaconNotifyInd)
                  00005bb4    00000004     dpl_cc13x2.aem4f : ClockP_tirtos.oem4f (.text:ClockP_stop)
                  00005bb8    000000e8     osal_port.obj (.text:OsalPort_registerTask)
                  00005ca0    000000e8     maclib_nosecure_cc13x2.a : mac_radio.obj (.text:macRadioPowerUp)
                  00005d88    000000e8                              : mac.obj (.text:macSendFsCmd)
                  00005e70    000000e4                              : mac_hl_patch.obj (.text:macEdScanISR)
                  00005f54    000000e4                              : mac_tx.obj (.text:txCsmaPrep)
                  00006038    000000dc                              : mac_symbol_timer.obj (.text:macSymbolTimerUpdateWakeup)
                  00006114    000000d8     rf_multiMode_cc13x2.aem4f : RFCC26X2_multiMode.c.cc13x2.ccs.o (.text:RF_control)
                  000061ec    000000d8     maclib_nosecure_cc13x2.a : mac_tx.obj (.text:macTxChannelBusyCallback)
                  000062c4    000000d4     rf_multiMode_cc13x2.aem4f : RFCC26X2_multiMode.c.cc13x2.ccs.o (.text:RF_pendCmd)
                  00006398    000000d2                               : RFCC26X2_multiMode.c.cc13x2.ccs.o (.text:RF_updatePaConfiguration)
                  0000646a    00000002     drivers_cc13x2.aem4f : PowerCC26X2.oem4f (.text:emptyClockFunc)
                  0000646c    000000d0     rf_multiMode_cc13x2.aem4f : RFCC26X2_multiMode.c.cc13x2.ccs.o (.text:RF_swiHw)
                  0000653c    00000004     maclib_nosecure_cc13x2.a : fh_ie_patch.obj (.text:FHIEPATCH_extractHie)
                  00006540    000000d0     api_mac.obj (.text:copyDataInd)
                  00006610    000000d0     maclib_nosecure_cc13x2.a : mac_hl_patch.obj (.text:macApiStartReq)
                  000066e0    000000d0                              : mac_tx.obj (.text:macTxRequestCsmaDelay)
                  000067b0    000000ce     FifteenDotFourCollector.obj (.text:_ZN23FifteenDotFourCollector5beginEv)
                  0000687e    00000002     maclib_nosecure_cc13x2.a : mac_pwr.obj (.text:macApiPwrOnReq)
                  00006880    000000cc     osal_port.obj (.text:OsalPort_setEvent)
                  0000694c    000000cc     maclib_nosecure_cc13x2.a : mac_timer.obj (.text:macSymbolTimerTriggerCallback)
                  00006a18    000000c8     drivers_cc13x2.aem4f : PowerCC26X2.oem4f (.text:Power_releaseDependency)
                  00006ae0    000000c4     maclib_nosecure_cc13x2.a : mac_autopend.obj (.text:MAC_SrcMatchAddEntry)
                  00006ba4    000000c4     drivers_cc13x2.aem4f : PowerCC26X2.oem4f (.text:Power_setDependency)
                  00006c68    000000c0     osal_port.obj (.text:HEAPMGR_GETLARGESTFREEBUF)
                  00006d28    000000c0     osal_port.obj (.text:OsalPort_clearEvent)
                  00006de8    000000c0     maclib_nosecure_cc13x2.a : mac.obj (.text:macGetRFCmdDuration)
                  00006ea8    000000c0                              : mac.obj (.text:macSetupReceiveCmd)
                  00006f68    000000bc                              : mac_radio_tx.obj (.text:macRadioTxAckCb)
                  00007024    000000bc                              : mac_hl_patch.obj (.text:macScanRxCoordRealign)
                  000070e0    000000b8     FifteenDotFourCollector.obj (.text:_ZN23FifteenDotFourCollector7processEv)
                  00007198    000000b6     osal_port.obj (.text:OsalPort_msgReceive)
                  0000724e    00000002     maclib_nosecure_cc13x2.a : mac_mcu.obj (.text:macMcuBitReverse)
                  00007250    000000b4     osal_port.obj (.text:OsalPort_setTimer)
                  00007304    000000b4     dpl_cc13x2.aem4f : PowerCC26X2_tirtos.oem4f (.text:PowerCC26XX_standbyPolicy)
                  000073b8    000000b4     drivers_cc13x2.aem4f : TRNGCC26XX.oem4f (.text:TRNG_generateEntropy)
                  0000746c    000000b0     maclib_nosecure_cc13x2.a : mac_hl_patch.obj (.text:macApiBeaconStartReq)
                  0000751c    00000004                              : fh_ie_patch.obj (.text:FHIEPATCH_extractPie)
                  00007520    000000ae     api_mac.obj (.text:convertTxOptions)
                  000075ce    00000002     maclib_nosecure_cc13x2.a : mac_radio.obj (.text:macRadioSetRE)
                  000075d0    000000ac     drivers_cc13x2.aem4f : PINCC26XX.oem4f (.text:PIN_open)
                  0000767c    000000ac     driverlib.lib : setup.obj (.text:TrimAfterColdResetWakeupFromShutDown)
                  00007728    000000ac     maclib_nosecure_cc13x2.a : mac_symbol_timer.obj (.text:macSymbolTimerInit)
                  000077d4    00000004                              : fh_ie_patch.obj (.text:FHIEPATCH_genHie)
                  000077d8    000000aa     osal_port.obj (.text:OsalPort_msgSend)
                  00007882    00000002     maclib_nosecure_cc13x2.a : mac_radio_tx.obj (.text:macRadioTxCancelTxAck)
                  00007884    000000a8                              : mac_hl_patch.obj (.text:macTrackTimeoutCallback)
                  0000792c    000000a8                              : mac_tx.obj (.text:txComplete)
                  000079d4    00000004                              : fh_ie_patch.obj (.text:FHIEPATCH_genPieContent)
                  000079d8    000000a6     osal_port.obj (.text:OsalPort_buildUint32)
                  00007a7e    00000002     maclib_nosecure_cc13x2.a : mac_rx.obj (.text:macRxRadioPowerUpInit)
                  00007a80    000000a4     rf_multiMode_cc13x2.aem4f : RFCC26X2_multiMode.c.cc13x2.ccs.o (.text:RF_ratRestartChannels)
                  00007b24    000000a4     maclib_nosecure_cc13x2.a : mac_radio_tx.obj (.text:macRadioTxEnhAckCb)
                  00007bc8    000000a0     rf_multiMode_cc13x2.aem4f : RFCC26X2_multiMode.c.cc13x2.ccs.o (.text:RF_requestAccess)
                  00007c68    000000a0     auto_init.aem4f : auto_init.oem4f (.text)
                  00007d08    000000a0     maclib_nosecure_cc13x2.a : mac_radio_tx.obj (.text:macRadioSendImmAck)
                  00007da8    0000009c                              : mac_radio_tx.obj (.text:macRadioTxPrepLbt)
                  00007e44    0000009c     rtsv7M4_T_le_v4SPD16_eabi.lib : memcpy_t2.asm.obj (.text)
                  00007ee0    00000098     driverlib.lib : setup.obj (.text:NOROM_SetupTrimDevice)
                  00007f78    00000098     rf_multiMode_cc13x2.aem4f : RFCC26X2_multiMode.c.cc13x2.ccs.o (.text:RF_calculateDispatchTime)
                  00008010    00000098     maclib_nosecure_cc13x2.a : mac_radio.obj (.text:macRadioStartScan)
                  000080a8    00000098                              : mac_radio.obj (.text:macRadioUpdateChannel)
                  00008140    00000098                              : mac_radio.obj (.text:macRadioUpdateChannelRx)
                  000081d8    00000098                              : mac_tx.obj (.text:macTxStartQueuedFrame)
                  00008270    00000096     macTask.obj (.text:macApp)
                  00008306    00000096     rtsv7M4_T_le_v4SPD16_eabi.lib : ull_div_t2.asm.obj (.text)
                  0000839c    00000094     rf_multiMode_cc13x2.aem4f : RFCC26X2_multiMode.c.cc13x2.ccs.o (.text:RF_getInfo)
                  00008430    00000094     drivers_cc13x2.aem4f : TRNGCC26XX.oem4f (.text:TRNGCC26XX_hwiFxn)
                  000084c4    00000094     maclib_nosecure_cc13x2.a : mac_radio_tx.obj (.text:macRadioTxPrepSlotted)
                  00008558    00000094                              : mac_timer.obj (.text:macTimerUpdateSymbolTimer)
                  000085ec    00000094                              : mac_hl_patch.obj (.text:macTrackStartCallback)
                  00008680    00000092     osal_port.obj (.text:OsalPort_heapFree)
                  00008712    00000006     rf_multiMode_cc13x2.aem4f : RFCC26X2_multiMode.c.cc13x2.ccs.o (.text:RF_clkReqAccess)
                  00008718    00000090     osal_port.obj (.text:OsalPort_waitEvent)
                  000087a8    00000090     rf_multiMode_cc13x2.aem4f : RFCC26X2_multiMode.c.cc13x2.ccs.o (.text:RF_discardPendCmd)
                  00008838    00000090     maclib_nosecure_cc13x2.a : mac_hl_patch.obj (.text:macCcmDecrypt)
                  000088c8    00000090                              : mac_sleep.obj (.text:macSleep)
                  00008958    00000090                              : mac_autopend.obj (.text:macSrcMatchCheckSrcAddr)
                  000089e8    0000008e     CC1312R1_LAUNCHXL_fxns.obj (.text:CC1312R1_LAUNCHXL_sendExtFlashByte)
                  00008a76    00000002     rtsv7M4_T_le_v4SPD16_eabi.lib : div0.asm.obj (.text)
                  00008a78    0000008c     maclib_nosecure_cc13x2.a : mac_hl_patch.obj (.text:MAC_ResumeReq)
                  00008b04    0000008c                              : mac_hl_patch.obj (.text:macCcmEncrypt)
                  00008b90    0000008c                              : mac_mcu.obj (.text:macMcuOverflowSetPeriod)
                  00008c1c    00000088     driverlib.lib : osc.obj (.text:NOROM_OSCHF_AttemptToSwitchToXosc)
                  00008ca4    00000088     rf_multiMode_cc13x2.aem4f : RFCC26X2_multiMode.c.cc13x2.ccs.o (.text:RF_cmdDispatchTime)
                  00008d2c    00000088                               : RFCC26X2_multiMode.c.cc13x2.ccs.o (.text:RF_getTxPower)
                  00008db4    00000088     drivers_cc13x2.aem4f : PowerCC26X2_calibrateRCOSC.oem4f (.text:calibrateRcoscHf2)
                  00008e3c    00000088                          : PowerCC26X2.oem4f (.text:disableLFClockQualifiers)
                  00008ec4    00000088     maclib_nosecure_cc13x2.a : mac_mcu.obj (.text:macMcuOverflowSetCompare)
                  00008f4c    00000088                              : mac_pwr.obj (.text:macPwrVote)
                  00008fd4    00000088     drivers_cc13x2.aem4f : PowerCC26X2_calibrateRCOSC.oem4f (.text:updateSubSecInc)
                  0000905c    00000084     rf_multiMode_cc13x2.aem4f : RFCC26X2_multiMode.c.cc13x2.ccs.o (.text:RF_issueRadioFreeCb)
                  000090e0    00000084                               : RFCC26X2_multiMode.c.cc13x2.ccs.o (.text:RF_verifyGap)
                  00009164    00000084     maclib_nosecure_cc13x2.a : mac_rx_onoff.obj (.text:macRxOffRequest)
                  000091e8    00000084                              : mac_timer.obj (.text:macTimerSetRollover)
                  0000926c    00000004                              : fh_ie_patch.obj (.text:FHIEPATCH_getHieLen)
                  00009270    00000080     api_mac.obj (.text:ApiMac_convertCapabilityInfo)
                  000092f0    00000080     maclib_nosecure_cc13x2.a : mac_radio.obj (.text:macRadioWakeupCb)
                  00009370    00000080                              : mac.obj (.text:macSetTxPowerVal)
                  000093f0    00000080     rom_sysbios.aem4f : rom_sysbios.obj (.text:ti_sysbios_family_arm_cc26xx_Timer_start__E)
                  00009470    0000007c     rf_multiMode_cc13x2.aem4f : RFCC26X2_multiMode.c.cc13x2.ccs.o (.text:RF_ratFreeChannel)
                  000094ec    00000004     maclib_nosecure_cc13x2.a : fh_ie_patch.obj (.text:FHIEPATCH_getPieContentLen)
                  000094f0    0000007a     api_mac.obj (.text:processScanCnf)
                  0000956a    0000007a     rtsv7M4_T_le_v4SPD16_eabi.lib : memset_t2.asm.obj (.text)
                  000095e4    00000078     maclib_nosecure_cc13x2.a : mac_autopend.obj (.text:MAC_SrcMatchEnable)
                  0000965c    00000078                              : mac_symbol_timer.obj (.text:macSymbolTimerPeriodIsr)
                  000096d4    00000078                              : mac_timer.obj (.text:macTimerRealign)
                  0000974c    00000004                              : fh_ie_patch.obj (.text:FHIEPATCH_parseHie)
                  00009750    00000076     osal_port.obj (.text:OsalPort_msgEnqueueMax)
                  000097c6    00000002     rom_sysbios.aem4f : rom_sysbios.obj (.text:ti_sysbios_heaps_HeapCallback_defaultDelete)
                  000097c8    00000074     drivers_cc13x2.aem4f : PowerCC26X2_calibrateRCOSC.oem4f (.text:PowerCC26X2_auxISR)
                  0000983c    00000074     rf_multiMode_cc13x2.aem4f : RFCC26X2_multiMode.c.cc13x2.ccs.o (.text:RF_yield)
                  000098b0    00000074     drivers_cc13x2.aem4f : TRNGCC26XX.oem4f (.text:TRNG_construct)
                  00009924    00000074     maclib_nosecure_cc13x2.a : mac_hl_patch.obj (.text:macAutoPoll)
                  00009998    00000072     rf_multiMode_cc13x2.aem4f : RFCC26X2_multiMode.c.cc13x2.ccs.o (.text:RF_detachOverrides)
                  00009a0a    00000070                               : rfc.c.cc13x2.ccs.o (.text:NOROM_RFCAnaDivTxOverride)
                  00009a7a    00000002     rom_sysbios.aem4f : rom_sysbios.obj (.text:xdc_runtime_SysCallback_defaultAbort)
                  00009a7c    00000070     rf_multiMode_cc13x2.aem4f : RFCC26X2_multiMode.c.cc13x2.ccs.o (.text:RF_hwiHw)
                  00009aec    00000070                               : RFCC26X2_multiMode.c.cc13x2.ccs.o (.text:RF_ratDisableChannel)
                  00009b5c    00000070     drivers_cc13x2.aem4f : Random.oem4f (.text:Random_seedAutomatic)
                  00009bcc    00000004     maclib_nosecure_cc13x2.a : fh_ie_patch.obj (.text:FHIEPATCH_parsePie)
                  00009bd0    00000070     api_mac.obj (.text:copyMacPanDescToApiMacPanDesc)
                  00009c40    0000006e     rf_multiMode_cc13x2.aem4f : RFCC26X2_multiMode.c.cc13x2.ccs.o (.text:RF_attachOverrides)
                  00009cae    0000006e                               : RFCC26X2_multiMode.c.cc13x2.ccs.o (.text:RF_howToSchedule)
                  00009d1c    00000004     dpl_cc13x2.aem4f : HwiP_tirtos.oem4f (.text:HwiP_destruct)
                  00009d20    0000006e     mac_user_config.obj (.text:rfSelect)
                  00009d8e    0000006e     rtsv7M4_T_le_v4SPD16_eabi.lib : ll_div_t2.asm.obj (.text)
                  00009dfc    0000006d     rom_sysbios.aem4f : rom_sysbios.obj (.text:xdc_runtime_System_formatNum__I)
                  00009e69    00000001     --HOLE-- [fill = 0]
                  00009e6a    00000002                       : rom_sysbios.obj (.text:xdc_runtime_SysCallback_defaultExit)
                  00009e6c    0000006c     rf_multiMode_cc13x2.aem4f : RFCC26X2_multiMode.c.cc13x2.ccs.o (.text:RF_getCurrentTime)
                  00009ed8    0000006c     maclib_nosecure_cc13x2.a : mac_radio.obj (.text:macRadioPowerDown)
                  00009f44    0000006c                              : mac_rx.obj (.text:macRxHaltCleanup)
                  00009fb0    0000006c                              : mac_rx_onoff.obj (.text:macRxOn)
                  0000a01c    0000006c                              : mac_hl_patch.obj (.text:macTrackPeriodCallback)
                  0000a088    0000006a     macTask.obj (.text:macInit)
                  0000a0f2    00000002     rom_sysbios.aem4f : rom_sysbios.obj (.text:xdc_runtime_SysCallback_defaultFlush)
                  0000a0f4    00000068     driverlib.lib : osc.obj (.text:NOROM_OSCHF_SwitchToRcOscTurnOffXosc)
                  0000a15c    00000068                   : sys_ctrl.obj (.text:NOROM_SysCtrlSetRechargeBeforePowerDown)
                  0000a1c4    00000068     rtsv7M4_T_le_v4SPD16_eabi.lib : copy_decompress_lzss.c.obj (.text:decompress:lzss:__TI_decompress_lzss)
                  0000a22c    00000068     maclib_nosecure_cc13x2.a : mac_timer.obj (.text:macSymbolTimerRolloverCallback)
                  0000a294    00000068                              : mac_timer.obj (.text:macTimerAddTimer)
                  0000a2fc    00000004     dpl_cc13x2.aem4f : HwiP_tirtos.oem4f (.text:HwiP_disable)
                  0000a300    00000068     saddr.obj (.text:sAddrCmp)
                  0000a368    00000064     osal_port.obj (.text:OsalPort_msgEnqueue)
                  0000a3cc    00000064     rf_multiMode_cc13x2.aem4f : RFCC26X2_multiMode.c.cc13x2.ccs.o (.text:RF_dispatchNextEvent)
                  0000a430    00000064     maclib_nosecure_cc13x2.a : mac.obj (.text:macSetupFsCmd)
                  0000a494    00000064                              : mac_timer.obj (.text:macTimerGetNextTimer)
                  0000a4f8    00000062     api_mac.obj (.text:ApiMac_buildMsgCapInfo)
                  0000a55a    00000002     rom_sysbios.aem4f : rom_sysbios.obj (.text:xdc_runtime_SysCallback_defaultPutch)
                  0000a55c    00000060     rf_multiMode_cc13x2.aem4f : RFCC26X2_multiMode.c.cc13x2.ccs.o (.text:RF_applyRfCorePatch)
                  0000a5bc    00000060     drivers_cc13x2.aem4f : TRNGCC26XX.oem4f (.text:TRNGCC26XX_startTrng)
                  0000a61c    00000060     maclib_nosecure_cc13x2.a : mac.obj (.text:macFsCb)
                  0000a67c    00000060                              : mac_mcu.obj (.text:macMcuInit)
                  0000a6dc    00000060                              : mac_radio_tx.obj (.text:macRadioTxBackoffBoundary)
                  0000a73c    00000060                              : mac_radio_tx.obj (.text:macRadioTxGoLbt)
                  0000a79c    00000060                              : mac_timer.obj (.text:macTimerCancel)
                  0000a7fc    00000004     dpl_cc13x2.aem4f : HwiP_tirtos.oem4f (.text:HwiP_enableInterrupt)
                  0000a800    0000005e     app_pem4f.oem4f (.text:xdc_runtime_Startup_getState__I)
                  0000a85e    00000002     --HOLE-- [fill = 0]
                  0000a860    0000005c     osal_port.obj (.text:OsalPort_deleteTimer)
                  0000a8bc    0000005c     drivers_cc13x2.aem4f : PINCC26XX.oem4f (.text:PIN_remove)
                  0000a918    0000005c     rf_multiMode_cc13x2.aem4f : RFCC26X2_multiMode.c.cc13x2.ccs.o (.text:RF_syncCb)
                  0000a974    00000058     drivers_cc13x2.aem4f : PowerCC26X2_calibrateRCOSC.oem4f (.text:PowerCC26X2_initiateCalibration)
                  0000a9cc    00000058     rf_multiMode_cc13x2.aem4f : RFCC26X2_multiMode.c.cc13x2.ccs.o (.text:RF_TxPowerTable_findValue)
                  0000aa24    00000058                               : RFCC26X2_multiMode.c.cc13x2.ccs.o (.text:RF_fsmXOSCState)
                  0000aa7c    00000058                               : RFCC26X2_multiMode.c.cc13x2.ccs.o (.text:RF_hwiCpe0PowerFsm)
                  0000aad4    00000058     drivers_cc13x2.aem4f : TRNGCC26XX.oem4f (.text:TRNG_init)
                  0000ab2c    00000058     boot.aem4f : boot.oem4f (.text)
                  0000ab84    00000058     maclib_nosecure_cc13x2.a : mac_radio.obj (.text:macRadioSetChannelRx)
                  0000abdc    00000058                              : mac_radio_tx.obj (.text:macRadioTxRequestTxAck)
                  0000ac34    00000058                              : mac_hl_patch.obj (.text:macSetDefaultsByPatch)
                  0000ac8c    00000058                              : mac_symbol_timer.obj (.text:macSymbolTimerEventHandler)
                  0000ace4    00000058                              : mac_rx.obj (.text:rxPostRxUpdates)
                  0000ad3c    00000056     rf_multiMode_cc13x2.aem4f : RFCC26X2_multiMode.c.cc13x2.ccs.o (.text:RF_defaultSubmitPolicy)
                  0000ad92    00000002     --HOLE-- [fill = 0]
                  0000ad94    00000054     driverlib.lib : chipinfo.obj (.text:NOROM_ChipInfo_GetChipType)
                  0000ade8    00000054     osal_port_timers.obj (.text:OsalPortTimers_cleanUpTimers)
                  0000ae3c    00000054     drivers_cc13x2.aem4f : StructRingBuf.oem4f (.text:StructRingBuf_put)
                  0000ae90    00000054     maclib_nosecure_cc13x2.a : mac_radio.obj (.text:macRadioSetChannel)
                  0000aee4    00000054                              : mac_radio_tx.obj (.text:macRadioTxPrepCsmaSlottedIeee)
                  0000af38    00000054                              : mac_radio_tx.obj (.text:macRadioTxPrepCsmaUnslottedIeee)
                  0000af8c    00000054                              : mac.obj (.text:macRatDisableChannels)
                  0000afe0    00000054                              : mac_rx_onoff.obj (.text:macRxDisable)
                  0000b034    00000054                              : mac.obj (.text:macStopCmd)
                  0000b088    00000054                              : mac_tx.obj (.text:macTxDoneCallback)
                  0000b0dc    00000050     rf_multiMode_cc13x2.aem4f : RFCC26X2_multiMode.c.cc13x2.ccs.o (.text:RF_wakeupNotification)
                  0000b12c    00000050     drivers_cc13x2.aem4f : TRNGCC26XX.oem4f (.text:TRNGCC26XX_waitForResult)
                  0000b17c    00000050                          : TemperatureCC26X2.oem4f (.text:degreesToCode)
                  0000b1cc    00000050     maclib_nosecure_cc13x2.a : mac_sleep.obj (.text:macCanSleep)
                  0000b21c    00000050                              : mac_radio_tx.obj (.text:macRadioTxHandleAck)
                  0000b26c    00000004     dpl_cc13x2.aem4f : HwiP_tirtos.oem4f (.text:HwiP_post)
                  0000b270    0000004e     osal_port.obj (.text:OsalPort_msgExtract)
                  0000b2be    00000002     --HOLE-- [fill = 0]
                  0000b2c0    0000004c     CC1312R1_LAUNCHXL_fxns.obj (.text:CC1312R1_LAUNCHXL_wakeUpExtFlash)
                  0000b30c    0000004c     drivers_cc13x2.aem4f : StructRingBuf.oem4f (.text:StructRingBuf_get)
                  0000b358    0000004c     rtsv7M4_T_le_v4SPD16_eabi.lib : cpy_tbl.c.obj (.text:copy_in)
                  0000b3a4    0000004c     maclib_nosecure_cc13x2.a : mac_radio.obj (.text:macGetRadioTxPowerReg)
                  0000b3f0    0000004c                              : mac_radio_tx.obj (.text:macRadioSendEnhAck)
                  0000b43c    0000004c                              : mac_radio.obj (.text:macRadioSetPanCoordinator)
                  0000b488    0000004c                              : mac_timer.obj (.text:macTimerUpdActive)
                  0000b4d4    0000004c                              : mac_tx.obj (.text:macTxAckReceivedCallback)
                  0000b520    0000004c     drivers_cc13x2.aem4f : PowerCC26X2.oem4f (.text:switchXOSCHF)
                  0000b56c    00000048     rf_multiMode_cc13x2.aem4f : rfc.c.cc13x2.ccs.o (.text:NOROM_RFCSynthPowerDown)
                  0000b5b4    00000004     dpl_cc13x2.aem4f : HwiP_tirtos.oem4f (.text:HwiP_setPriority)
                  0000b5b8    00000048     osal_port.obj (.text:OsalPort_heapGetStats)
                  0000b600    00000048     osal_port.obj (.text:OsalPort_memcmp)
                  0000b648    00000048     osal_port.obj (.text:OsalPort_msgAllocate)
                  0000b690    00000048     drivers_cc13x2.aem4f : PowerCC26X2_calibrateRCOSC.oem4f (.text:PowerCC26X2_RCOSC_clockFunc)
                  0000b6d8    00000048                          : PowerCC26X2.oem4f (.text:PowerCC26XX_switchXOSC_HF)
                  0000b720    00000048     FifteenDotFourCollector.obj (.text:_ZN23FifteenDotFourCollectorC1Ev)
                  0000b768    00000048     maclib_nosecure_cc13x2.a : mac_radio_tx.obj (.text:macRadioTxPrepCsmaUnslottedSubG)
                  0000b7b0    00000048     saddr.obj (.text:sAddrExtCmp)
                  0000b7f8    00000046     main.obj (.text:main)
                  0000b83e    00000002     --HOLE-- [fill = 0]
                  0000b840    00000044     driverlib.lib : chipinfo.obj (.text:NOROM_ChipInfo_GetHwRevision)
                  0000b884    00000004     rf_multiMode_cc13x2.aem4f : rfc.c.cc13x2.ccs.o (.text:NOROM_RFCOverrideUpdate)
                  0000b888    00000044     osal_port.obj (.text:OsalPort_msgDequeue)
                  0000b8cc    00000044     drivers_cc13x2.aem4f : PINCC26XX.oem4f (.text:PIN_swi)
                  0000b910    00000044     maclib_nosecure_cc13x2.a : mac_radio.obj (.text:macRadioStopScan)
                  0000b954    00000044                              : mac_rx.obj (.text:macRxNokIsr)
                  0000b998    00000042     CC1312R1_LAUNCHXL_fxns.obj (.text:CC1312R1_LAUNCHXL_shutDownExtFlash)
                  0000b9da    00000006     rf_multiMode_cc13x2.aem4f : RFCC26X2_multiMode.c.cc13x2.ccs.o (.text:RF_runDirectCmd)
                  0000b9e0    00000042     osal_port.obj (.text:OsalPort_memcpy)
                  0000ba22    00000040     dpl_cc13x2.aem4f : ClockP_tirtos.oem4f (.text:ClockP_construct)
                  0000ba62    00000002     --HOLE-- [fill = 0]
                  0000ba64    00000040     maclib_nosecure_cc13x2.a : mac_timer.obj (.text:MAC_PwrNextTimeout)
                  0000baa4    00000040     drivers_cc13x2.aem4f : PowerCC26X2.oem4f (.text:PowerCC26XX_isStableXOSC_HF)
                  0000bae4    00000040                          : Random.oem4f (.text:Random_getNumber)
                  0000bb24    00000040                          : TRNGCC26XX.oem4f (.text:TRNGCC26XX_copyToClient)
                  0000bb64    00000040     maclib_nosecure_cc13x2.a : mac_low_level.obj (.text:macLowLevelYield)
                  0000bba4    00000040                              : mac_radio.obj (.text:macRadioUpdateTxPower)
                  0000bbe4    00000040                              : mac_autopend.obj (.text:macSrcMatchSetEnableBit)
                  0000bc24    00000040                              : mac_symbol_timer.obj (.text:macSymbolTimerRealignIeee)
                  0000bc64    00000040                              : mac_symbol_timer.obj (.text:macSymbolTimerRealignSubG)
                  0000bca4    00000040                              : mac_timer.obj (.text:macTimerRecalcUnaligned)
                  0000bce4    00000040                              : mac_tx.obj (.text:macTxTimestampCallback)
                  0000bd24    00000040     rtsv7M4_T_le_v4SPD16_eabi.lib : u_divt2.asm.obj (.text)
                  0000bd64    00000040     drivers_cc13x2.aem4f : TemperatureCC26X2.oem4f (.text:setNextThresholds)
                  0000bda4    00000040     rom_sysbios.aem4f : rom_sysbios.obj (.text:ti_sysbios_family_arm_cc26xx_Timer_setThreshold__I)
                  0000bde4    00000040                       : rom_sysbios.obj (.text:ti_sysbios_heaps_HeapCallback_Module_startup__E)
                  0000be24    0000003e     dpl_cc13x2.aem4f : HwiP_tirtos.oem4f (.text:HwiP_construct)
                  0000be62    00000002     --HOLE-- [fill = 0]
                  0000be64    0000003c     drivers_cc13x2.aem4f : PINCC26XX.oem4f (.text:PIN_setOutputValue)
                  0000bea0    0000003c     rf_multiMode_cc13x2.aem4f : RFCC26X2_multiMode.c.cc13x2.ccs.o (.text:RF_cmdGet)
                  0000bedc    0000003c                               : RFCC26X2_multiMode.c.cc13x2.ccs.o (.text:RF_cmdStoreEvents)
                  0000bf18    0000003c     dpl_cc13x2.aem4f : SwiP_tirtos.oem4f (.text:SwiP_construct)
                  0000bf54    0000003c     maclib_nosecure_cc13x2.a : mac_low_level.obj (.text:macLowLevelInit)
                  0000bf90    0000003c                              : mac_radio.obj (.text:macRadioNeedAdjustPower)
                  0000bfcc    0000003c                              : mac_radio_tx.obj (.text:macRadioTxGoSlottedCsma)
                  0000c008    0000003c                              : mac_radio_tx.obj (.text:macRadioTxPrepGreenPower)
                  0000c044    0000003c                              : mac_tx.obj (.text:macTxUpdateIE)
                  0000c080    0000003c     rom_sysbios.aem4f : rom_sysbios.obj (.text:ti_sysbios_family_arm_m3_Hwi_construct2__E)
                  0000c0bc    00000004     rf_multiMode_cc13x2.aem4f : RFCC26X2_multiMode.c.cc13x2.ccs.o (.text:RF_defaultConflictPolicy)
                  0000c0c0    0000003a     api_mac.obj (.text:ApiMac_processIncoming)
                  0000c0fa    00000002     --HOLE-- [fill = 0]
                  0000c0fc    00000038     driverlib.lib : osc.obj (.text:NOROM_OSC_HPOSCRelativeFrequencyOffsetGet)
                  0000c134    00000038     drivers_cc13x2.aem4f : PINCC26XX.oem4f (.text:PIN_setConfig)
                  0000c16c    00000038     rf_multiMode_cc13x2.aem4f : RFCC26X2_multiMode.c.cc13x2.ccs.o (.text:RF_checkCmdFsError)
                  0000c1a4    00000038                               : RFCC26X2_multiMode.c.cc13x2.ccs.o (.text:RF_powerConstraintRelease)
                  0000c1dc    00000004     dpl_cc13x2.aem4f : SemaphoreP_tirtos.oem4f (.text:SemaphoreP_destruct)
                  0000c1e0    00000038     FifteenDotFourCollector.obj (.text:_ZN23FifteenDotFourCollector10assocIndCbEP24_apimac_mlmeassociateind)
                  0000c218    00000038     api_mac.obj (.text:copyApiMacAddrToMacAddr)
                  0000c250    00000038     api_mac.obj (.text:copyMacAddrToApiMacAddr)
                  0000c288    00000038     maclib_nosecure_cc13x2.a : mac_radio.obj (.text:macRadioPowerUpWait)
                  0000c2c0    00000038                              : mac_radio.obj (.text:macRadioSetIEEEAddr)
                  0000c2f8    00000038                              : mac.obj (.text:macRatCb_B)
                  0000c330    00000038                              : mac_symbol_timer.obj (.text:macSymbolTimerSetTrigger)
                  0000c368    00000038                              : mac_timer.obj (.text:macTimerAligned)
                  0000c3a0    00000038     drivers_cc13x2.aem4f : PowerCC26X2.oem4f (.text:notify)
                  0000c3d8    00000038     rom_sysbios.aem4f : rom_sysbios.obj (.text:ti_sysbios_family_arm_cc26xx_Timer_getCurrentTick__E)
                  0000c410    00000038     maclib_nosecure_cc13x2.a : mac_tx.obj (.text:txGo)
                  0000c448    00000036     rf_multiMode_cc13x2.aem4f : rf_patch_cpe_prop.c.cc13x2.ccs.o (.text:configurePropPatch)
                  0000c47e    00000036     rom_sysbios.aem4f : rom_sysbios.obj (.text:ti_sysbios_family_arm_cc26xx_Timer_setNextTick__E)
                  0000c4b4    00000034     driverlib.lib : aux_sysif.obj (.text:NOROM_AUXSYSIFOpModeChange)
                  0000c4e8    00000034                   : sys_ctrl.obj (.text:NOROM_SysCtrlIdle)
                  0000c51c    00000034     rf_multiMode_cc13x2.aem4f : RFCC26X2_multiMode.c.cc13x2.ccs.o (.text:RF_runDirectImmediateCmd)
                  0000c550    00000034     maclib_nosecure_cc13x2.a : mac_hl_patch.obj (.text:macCheckPhyRate)
                  0000c584    00000034                              : mac_low_level.obj (.text:macLowLevelDiags)
                  0000c5b8    00000034                              : mac.obj (.text:macRatDisableChannelB)
                  0000c5ec    00000034                              : mac_rx_onoff.obj (.text:macRxHardDisable)
                  0000c620    00000034                              : mac_sleep.obj (.text:macSleepWakeUp)
                  0000c654    00000034                              : mac_symbol_timer.obj (.text:macSymbolTimerBCWakeUp)
                  0000c688    00000034                              : mac_symbol_timer.obj (.text:macSymbolTimerSetCount)
                  0000c6bc    00000034                              : mac_timer.obj (.text:macTimerInit)
                  0000c6f0    00000034                              : mac_timer.obj (.text:macTimerStart)
                  0000c724    00000034                              : mac_tx.obj (.text:macTxAckNotReceivedCallback)
                  0000c758    00000034                              : mac_tx.obj (.text:macTxFrameIsr)
                  0000c78c    00000004     dpl_cc13x2.aem4f : SemaphoreP_tirtos.oem4f (.text:SemaphoreP_post)
                  0000c790    00000034     saddr.obj (.text:sAddrCpy)
                  0000c7c4    00000034     rom_sysbios.aem4f : rom_sysbios.obj (.text:ti_sysbios_knl_Swi_setPri__E)
                  0000c7f8    00000034     drivers_cc13x2.aem4f : TemperatureCC26X2.oem4f (.text:updateThresholds)
                  0000c82c    00000004     dpl_cc13x2.aem4f : SwiP_tirtos.oem4f (.text:SwiP_destruct)
                  0000c830    00000032     macTask.obj (.text:MAC_CbackCheckPending)
                  0000c862    00000006     rf_multiMode_cc13x2.aem4f : RFCC26X2_multiMode.c.cc13x2.ccs.o (.text:RF_runImmediateCmd)
                  0000c868    00000032     macTask.obj (.text:MAC_CbackQueryRetransmit)
                  0000c89a    00000006     drivers_cc13x2.aem4f : PowerCC26X2.oem4f (.text:delayUs)
                  0000c8a0    00000032     osal_port.obj (.text:OsalPort_msgDeallocate)
                  0000c8d2    00000006     maclib_nosecure_cc13x2.a : mac_radio_tx.obj (.text:macRadioTxGoGreenPower)
                  0000c8d8    00000032     app_pem4f.oem4f (.text:ti_sysbios_BIOS_atExitFunc__I)
                  0000c90a    00000006     maclib_nosecure_cc13x2.a : mac_radio_tx.obj (.text:macRadioTxGoSlotted)
                  0000c910    00000032     app_pem4f.oem4f (.text:ti_sysbios_heaps_HeapCallback_Object__create__S)
                  0000c942    00000002     --HOLE-- [fill = 0]
                  0000c944    00000030     drivers_cc13x2.aem4f : PowerCC26X2.oem4f (.text:Power_releaseConstraint)
                  0000c974    00000030                          : PowerCC26X2.oem4f (.text:Power_setConstraint)
                  0000c9a4    00000030                          : TRNGCC26XX.oem4f (.text:TRNGCC26XX_fillEntropyPool)
                  0000c9d4    00000030                          : TemperatureCC26X2.oem4f (.text:Temperature_unregisterNotify)
                  0000ca04    00000030     maclib_nosecure_cc13x2.a : mac_radio.obj (.text:macRadioLimitTxPower)
                  0000ca34    00000030                              : mac.obj (.text:macRatCb_A)
                  0000ca64    00000030                              : mac_rx_onoff.obj (.text:macRxSoftDisable)
                  0000ca94    00000030                              : mac_symbol_timer.obj (.text:macSymbolTimerCount)
                  0000cac4    00000030                              : mac_symbol_timer.obj (.text:macSymbolTimerICallTimerCback)
                  0000caf4    00000030                              : mac_timer.obj (.text:macTimerCheckUnAlignedQ)
                  0000cb24    00000030                              : mac_tx.obj (.text:macTxInit)
                  0000cb54    00000030                              : mac_tx.obj (.text:macTxRequestCsmaRtcDelay)
                  0000cb84    00000004     dpl_cc13x2.aem4f : SwiP_tirtos.oem4f (.text:SwiP_disable)
                  0000cb88    00000030     app_pem4f.oem4f (.text:ti_sysbios_BIOS_startFunc__I)
                  0000cbb8    00000030     rom_sysbios.aem4f : rom_sysbios.obj (.text:ti_sysbios_family_arm_cc26xx_Timer_initDevice__I)
                  0000cbe8    0000002e     rf_multiMode_cc13x2.aem4f : RFCC26X2_multiMode.c.cc13x2.ccs.o (.text:RF_queueEnd)
                  0000cc16    00000002     --HOLE-- [fill = 0]
                  0000cc18    0000002c                               : RFCC26X2_multiMode.c.cc13x2.ccs.o (.text:RF_executeDirectImmediateCmd)
                  0000cc44    0000002c     dpl_cc13x2.aem4f : SemaphoreP_tirtos.oem4f (.text:SemaphoreP_constructBinary)
                  0000cc70    0000002c     drivers_cc13x2.aem4f : TRNGCC26XX.oem4f (.text:TRNGCC26XX_stopTrng)
                  0000cc9c    0000002c     rf_multiMode_cc13x2.aem4f : rf_patch_cpe_prop.c.cc13x2.ccs.o (.text:applyPropPatch)
                  0000ccc8    0000002c     maclib_nosecure_cc13x2.a : mac_tx.obj (.text:macHandleTxAck)
                  0000ccf4    0000002c                              : mac_radio.obj (.text:macRadioSetShortAddr)
                  0000cd20    0000002c                              : mac_rx_onoff.obj (.text:macRxSoftEnable)
                  0000cd4c    00000004     dpl_cc13x2.aem4f : SwiP_tirtos.oem4f (.text:SwiP_getTrigger)
                  0000cd50    0000002c     app_pem4f.oem4f (.text:ti_sysbios_heaps_HeapCallback_Handle__label__S)
                  0000cd7c    0000002c     rom_sysbios.aem4f : rom_sysbios.obj (.text:ti_sysbios_knl_Clock_getTicksUntilInterrupt__E)
                  0000cda8    0000002a     drivers_cc13x2.aem4f : List.oem4f (.text:List_insert)
                  0000cdd2    0000002a     maclib_nosecure_cc13x2.a : mac_autopend.obj (.text:MAC_SrcMatchDeleteEntry)
                  0000cdfc    00000004     dpl_cc13x2.aem4f : SwiP_tirtos.oem4f (.text:SwiP_or)
                  0000ce00    0000002a     osal_port.obj (.text:OsalPort_msgPush)
                  0000ce2a    0000002a     rf_multiMode_cc13x2.aem4f : RFCC26X2_multiMode.c.cc13x2.ccs.o (.text:RF_searchAndReplacePAOverride)
                  0000ce54    0000002a     rom_sysbios.aem4f : rom_sysbios.obj (.text:ti_sysbios_knl_Clock_getTimeout__E)
                  0000ce7e    00000002     --HOLE-- [fill = 0]
                  0000ce80    00000028     driverlib.lib : osc.obj (.text:NOROM_OSCHF_TurnOnXosc)
                  0000cea8    00000028     rf_multiMode_cc13x2.aem4f : rfc.c.cc13x2.ccs.o (.text:NOROM_RFCOverrideSearch)
                  0000ced0    00000028     osal_port_timers.obj (.text:OsalPortTimers_registerCleanupEvent)
                  0000cef8    00000028     drivers_cc13x2.aem4f : PowerCC26X2.oem4f (.text:Power_registerNotify)
                  0000cf20    00000028     rf_multiMode_cc13x2.aem4f : RFCC26X2_multiMode.c.cc13x2.ccs.o (.text:RF_calculateDeltaTimeUs)
                  0000cf48    00000028     drivers_cc13x2.aem4f : TRNGCC26XX.oem4f (.text:TRNGCC26XX_serviceJob)
                  0000cf70    00000028     maclib_nosecure_cc13x2.a : mac_radio.obj (.text:macRadioSetPanID)
                  0000cf98    00000028                              : mac_rx_onoff.obj (.text:macRxEnable)
                  0000cfc0    00000028                              : mac_rx_onoff.obj (.text:macRxOnOffInit)
                  0000cfe8    00000028                              : mac.obj (.text:macSetCurrChan)
                  0000d010    00000028                              : mac.obj (.text:macSetUserConfig)
                  0000d038    00000028                              : mac_tx.obj (.text:macTxAbortIsr)
                  0000d060    00000028     drivers_cc13x2.aem4f : PowerCC26X2.oem4f (.text:oscillatorISR)
                  0000d088    00000028     app_pem4f.oem4f (.text:ti_sysbios_BIOS_registerRTSLock__I)
                  0000d0b0    00000026     ti_drivers_config.obj (.text:Board_init)
                  0000d0d6    00000026     drivers_cc13x2.aem4f : List.oem4f (.text:List_put)
                  0000d0fc    00000026                          : List.oem4f (.text:List_putHead)
                  0000d122    00000026                          : List.oem4f (.text:List_remove)
                  0000d148    00000026     app_pem4f.oem4f (.text:ti_sysbios_heaps_HeapCallback_Object__delete__S)
                  0000d16e    00000002     --HOLE-- [fill = 0]
                  0000d170    00000024     rf_multiMode_cc13x2.aem4f : rfc.c.cc13x2.ccs.o (.text:NOROM_RFCDoorbellSendTo)
                  0000d194    00000024                               : RFCC26X2_multiMode.c.cc13x2.ccs.o (.text:RF_cmdAlloc)
                  0000d1b8    00000024                               : RFCC26X2_multiMode.c.cc13x2.ccs.o (.text:RF_invokeGlobalCallback)
                  0000d1dc    00000024     drivers_cc13x2.aem4f : PowerCC26X2_calibrateRCOSC.oem4f (.text:getTdcSemaphore)
                  0000d200    00000024     maclib_nosecure_cc13x2.a : mac_radio.obj (.text:macGetRadioState)
                  0000d224    00000024                              : mac_radio.obj (.text:macRadioSelectConfig)
                  0000d248    00000024                              : mac_radio.obj (.text:macRadioSwInit)
                  0000d26c    00000024                              : mac_symbol_timer.obj (.text:macSymbolTimerPowerDown)
                  0000d290    00000024                              : mac_timer.obj (.text:macTimer)
                  0000d2b4    00000024     rtsv7M4_T_le_v4SPD16_eabi.lib : memcmp.c.obj (.text:memcmp)
                  0000d2d8    00000024     app_pem4f.oem4f (.text:ti_sysbios_BIOS_removeRTSLock__I)
                  0000d2fc    00000024     rom_sysbios.aem4f : rom_sysbios.obj (.text:ti_sysbios_family_arm_cc26xx_Timer_getMaxTicks__E)
                  0000d320    00000022     drivers_cc13x2.aem4f : List.oem4f (.text:List_get)
                  0000d342    00000022     maclib_nosecure_cc13x2.a : mac_radio.obj (.text:radioComputeED)
                  0000d364    00000004     dpl_cc13x2.aem4f : SwiP_tirtos.oem4f (.text:SwiP_setPriority)
                  0000d368    00000022     app_pem4f.oem4f (.text:ti_sysbios_BIOS_rtsLock__I)
                  0000d38a    00000006     rom_sysbios.aem4f : rom_sysbios.obj (.text:ti_sysbios_family_arm_m3_Hwi_setFunc__E)
                  0000d390    00000022     app_pem4f.oem4f (.text:ti_sysbios_heaps_HeapCallback_Object__get__S)
                  0000d3b2    00000020     dpl_cc13x2.aem4f : HwiP_tirtos.oem4f (.text:HwiP_setFunc)
                  0000d3d2    00000002     --HOLE-- [fill = 0]
                  0000d3d4    00000020     maclib_nosecure_cc13x2.a : mac_autopend.obj (.text:MAC_SrcMatchAckAllPending)
                  0000d3f4    00000004     drivers_cc13x2.aem4f : PowerCC26X2.oem4f (.text:configureRFCoreClocks)
                  0000d3f8    00000020     osal_port.obj (.text:OsalPort_leaveCS)
                  0000d418    00000020     drivers_cc13x2.aem4f : PINCC26XX.oem4f (.text:PINCC26XX_setIoCfgMux)
                  0000d438    00000020                          : PowerCC26X2.oem4f (.text:Power_unregisterNotify)
                  0000d458    00000020     rf_multiMode_cc13x2.aem4f : RFCC26X2_multiMode.c.cc13x2.ccs.o (.text:RF_clkPowerUp)
                  0000d478    00000020                               : RFCC26X2_multiMode.c.cc13x2.ccs.o (.text:RF_hwiCpe0ChangePhy)
                  0000d498    00000020                               : RFCC26X2_multiMode.c.cc13x2.ccs.o (.text:RF_isStateTransitionAllowed)
                  0000d4b8    00000020                               : RFCC26X2_multiMode.c.cc13x2.ccs.o (.text:RF_ratIsRunning)
                  0000d4d8    00000020                               : RFCC26X2_multiMode.c.cc13x2.ccs.o (.text:RF_setTxPower)
                  0000d4f8    00000020     maclib_nosecure_cc13x2.a : mac_mcu.obj (.text:macMcuTimerCapture)
                  0000d518    00000020                              : mac_rx_onoff.obj (.text:macRxOff)
                  0000d538    00000020                              : mac_symbol_timer.obj (.text:macSymbolTimerSetRollover)
                  0000d558    00000020                              : mac_tx.obj (.text:macTxFrameRetransmit)
                  0000d578    00000020     drivers_cc13x2.aem4f : TemperatureCC26X2.oem4f (.text:setTempLowerLimit)
                  0000d598    00000020                          : TemperatureCC26X2.oem4f (.text:setTempUpperLimit)
                  0000d5b8    00000020     rom_sysbios.aem4f : rom_sysbios.obj (.text:ti_sysbios_family_arm_cc26xx_Timer_dynamicStub__E)
                  0000d5d8    0000001e     drivers_cc13x2.aem4f : PINCC26XX.oem4f (.text:PIN_close)
                  0000d5f6    0000001e                          : PowerCC26X2.oem4f (.text:Power_getTransitionLatency)
                  0000d614    0000001e     maclib_nosecure_cc13x2.a : mac_hl_patch.obj (.text:macPibIndex)
                  0000d632    00000002     --HOLE-- [fill = 0]
                  0000d634    0000001c     driverlib.lib : chipinfo.obj (.text:NOROM_ChipInfo_GetChipFamily)
                  0000d650    0000001c     drivers_cc13x2.aem4f : PINCC26XX.oem4f (.text:PIN_hwi)
                  0000d66c    0000001c     dpl_cc13x2.aem4f : PowerCC26X2_tirtos.oem4f (.text:PowerCC26XX_schedulerDisable)
                  0000d688    0000001c                      : PowerCC26X2_tirtos.oem4f (.text:PowerCC26XX_schedulerRestore)
                  0000d6a4    0000001c     rf_multiMode_cc13x2.aem4f : RFCC26X2_multiMode.c.cc13x2.ccs.o (.text:RF_ScheduleCmdParams_init)
                  0000d6c0    0000001c                               : RFCC26X2_multiMode.c.cc13x2.ccs.o (.text:RF_clkInactivityCallback)
                  0000d6dc    0000001c                               : RFCC26X2_multiMode.c.cc13x2.ccs.o (.text:RF_getPAOverrideOffsetAndValue)
                  0000d6f8    0000001c                               : RFCC26X2_multiMode.c.cc13x2.ccs.o (.text:RF_getRssi)
                  0000d714    0000001c                               : RFCC26X2_multiMode.c.cc13x2.ccs.o (.text:RF_powerConstraintSet)
                  0000d730    0000001c     FifteenDotFourCollector.obj (.text:_ZN23FifteenDotFourCollector10startCnfCbEP20_apimac_mlmestartcnf)
                  0000d74c    0000001c     maclib_nosecure_cc13x2.a : mac_mcu.obj (.text:macMcuOverflowCapture)
                  0000d768    0000001c                              : mac_radio.obj (.text:macRadioEnergyDetectStop)
                  0000d784    0000001c                              : mac_radio.obj (.text:macRadioInit)
                  0000d7a0    0000001c                              : mac_radio_tx.obj (.text:macRadioTxGo)
                  0000d7bc    0000001c                              : mac_radio_tx.obj (.text:macRadioTxPrepCsmaSlotted)
                  0000d7d8    0000001c                              : mac_radio_tx.obj (.text:macRadioTxPrepCsmaUnslotted)
                  0000d7f4    0000001c                              : mac_rx.obj (.text:macRxAckTxDoneCallback)
                  0000d810    0000001c                              : mac.obj (.text:macSendReceiveCmd)
                  0000d82c    0000001c                              : mac_symbol_timer.obj (.text:macSymbolTimerCompareIsr)
                  0000d848    0000001c                              : mac_symbol_timer.obj (.text:macSymbolTimerRealign)
                  0000d864    0000001c                              : mac_symbol_timer.obj (.text:macSymbolTimerRestore)
                  0000d880    0000001c                              : mac_timer.obj (.text:macTimerRemoveTimer)
                  0000d89c    0000001c                              : mac_rx.obj (.text:rxDone)
                  0000d8b8    0000001c     rom_sysbios.aem4f : rom_sysbios.obj (.text:ti_sysbios_knl_Swi_construct2__E)
                  0000d8d4    00000004     maclib_nosecure_cc13x2.a : mac_hl_patch.obj (.text:macBlacklistChecking)
                  0000d8d8    0000001a     api_mac.obj (.text:ApiMac_mlmeSetReqArray)
                  0000d8f2    00000004     maclib_nosecure_cc13x2.a : mac_hl_patch.obj (.text:macCcmStarInverseTransform)
                  0000d8f6    00000002     --HOLE-- [fill = 0]
                  0000d8f8    0000001a     asserts.obj (.text:Main_assertHandler)
                  0000d912    00000004     maclib_nosecure_cc13x2.a : mac_hl_patch.obj (.text:macCcmStarTransform)
                  0000d916    00000002     --HOLE-- [fill = 0]
                  0000d918    0000001a     osal_port.obj (.text:OsalPort_clockFunc)
                  0000d932    0000001a     drivers_cc13x2.aem4f : PowerCC26X2.oem4f (.text:PowerCC26XX_calibrate)
                  0000d94c    0000001a     maclib_nosecure_cc13x2.a : mac_hl_patch.obj (.text:macCheckPhyMode)
                  0000d966    0000001a                              : mac_mcu.obj (.text:macMcuLongDiv)
                  0000d980    0000001a     app_pem4f.oem4f (.text:ti_sysbios_BIOS_rtsUnlock__I)
                  0000d99a    00000004     maclib_nosecure_cc13x2.a : mac_hl_patch.obj (.text:macDeviceDescriptorLookup)
[...]
20000100  xdcRomConstPtr                                                                 
20000104  xdcRomExternFuncPtr                                                            
20000108  xdcRomStatePtr                                                                 
2000010c  RAM_MAC_BASE_ADDR                                                              
20000120  PowerCC26X2_module                                                             
20000254  ROM_stateStruct                                                                
20000254  ti_sysbios_knl_Clock_Module__state__V                                          
20000280  ti_sysbios_family_arm_cc26xx_TimestampProvider_Module__state__V                
20000284  xdc_runtime_Startup_Module__state__V                                           
2000028c  xdc_runtime_Registry_Module__state__V                                          
20000294  ti_sysbios_BIOS_Module__state__V                                               
200002b8  ti_sysbios_knl_Swi_Module__state__V                                            
200002d4  ti_sysbios_knl_Task_Module__state__V                                           
20000318  xdc_runtime_Memory_Module__state__V                                            
2000031c  xdc_runtime_System_Module__state__V                                            
20000324  ti_sysbios_family_arm_m3_Hwi_Module__state__V                                  
20000358  ti_sysbios_family_arm_cc26xx_Timer_Module__state__V                            
20000362  rxCmdHandle                                                                    
20000364  fsCmdHandle                                                                    
2000036c  lastPostCmd                                                                    
20000370  macSfdDetectCback                                                              
20000374  pMacRadioConfig                                                                
20000378  macRfDrvTblPtr                                                                 
20000388  macRxOutputSubG                                                                
20000394  macRxOutputIeee                                                                
200003a4  macFrmFilter                                                                   
200003b4  macSrcShortAddrList                                                            
200003d0  macSrcExtAddrList                                                              
20000400  macMRFSKGenPhyTable                                                            
200004a0  fhObject                                                                       
2000050c  txPowerTable_868_pa13                                                          
20000570  ti_sysbios_knl_Task_Object__table__V                                           
200005bc  Collector_macCallbacks                                                         
20000604  macSrcMatchIsAckAllPending                                                     
20000605  macSrcResIndex                                                                 
20000608  ti_sysbios_family_arm_cc26xx_Timer_Object__table__V                            
20000658  macPhyTxPower                                                                  
20000660  pRfMode                                                                        
20000664  pRfPowerTable                                                                  
20000668  pMaxPower                                                                      
2000066c  RF_handle                                                                      
20000670  RF_params                                                                      
20000690  ti_sysbios_gates_GateMutex_Object__table__V                                    
200006c8  macBeaconPayload                                                               
200006fc  pMacDataTx                                                                     
20000700  macDataTxIndirect                                                              
20000704  macDataRequeueIndirect                                                         
20000708  macDataRxBeaconCritical                                                        
2000070c  macDataTxBeaconComplete                                                        
20000710  macDataSetSched                                                                
20000714  macDataCheckSched                                                              
20000718  macDataCheckTxTime                                                             
2000071c  macDataBeaconRequeue                                                           
20000720  csmPhy                                                                         
20000724  macTimerRollover                                                               
20000728  macTimerNewRollover                                                            
2000072c  ti_sysbios_knl_Swi_Module_State_0_readyQ__A                                    
2000075c  ti_sysbios_knl_Swi_Object__table__V                                            
2000078c  ti_sysbios_knl_Task_Module_State_0_readyQ__A                                   
200007bc  macSpecUsecsPerSymbol                                                          
200007c0  macSymbolTimerRollover                                                         
200007c4  macPrevPeriodRatCount                                                          
200007c8  macSymbolTimerTrigger                                                          
200007e4  pOverrides_2gfsk50kbps154g                                                     
2000080c  macTxType                                                                      
2000080d  macTxBe                                                                        
2000080e  macTxGpInterframeDelay                                                         
2000080f  txAckReq                                                                       
20000812  txSeqn                                                                         
20000814  numTx                                                                          
20000816  macTxCsmaBackoffDelay                                                          
20000818  macCsmaRtcTimerId                                                              
2000081c  macAckDbg                                                                      
20000830  macActionSet                                                                   
20000854  macTxSlottedDelay                                                              
20000855  bInSwi                                                                         
20000856  macSrcMatchIsEnabled                                                           
20000857  macRadioYielded                                                                
20000878  ti_sysbios_knl_Clock_Object__table__V                                          
20000898  xdc_runtime_Error_IgnoreBlock                                                  
200008b8  taskCnt                                                                        
200008bc  macTasksEvents                                                                 
200008c0  heapmgrMemFreeTotal                                                            
200008c4  heapmgrMemFreeError                                                            
200008d4  ti_sysbios_family_arm_m3_Hwi_Object__table__V                                  
200008ec  txCmdHandle                                                                    
200008ee  macRadioAckIeeeFrame                                                           
200008f4  pMacEnhancedAck                                                                
200008f8  macRadioAckFrame                                                               
20000900  macStateTbl                                                                    
20000920  pMacCbackQueryRetransmit                                                       
20000924  pMacCbackCheckPending                                                          
20000928  RF_cmdNop                                                                      
20000938  RF_cmdNopFg                                                                    
20000948  RF_prop_2gfsk50kbps154g                                                        
20000958  macCfg                                                                         
20000968  lastRatChanA                                                                   
20000969  lastRatChanB                                                                   
2000096a  macRxCmdActive                                                                 
2000096b  macTxCmdActive                                                                 
2000096c  macFsCmdActive                                                                 
2000096e  macReqAccessCnt                                                                
20000970  macReqAccessTimeCnt                                                            
20000971  reqAccessAlloc                                                                 
20000972  macReqAccErrCnt                                                                
20000974  numRfCmd                                                                       
20000975  numRxCmd                                                                       
20000976  numRxPostCmd                                                                   
20000977  Main_assertReason                                                              
20000980  pClockHandleEDScan                                                             
20000984  ti_sysbios_heaps_HeapCallback_Object__table__V                                 
20000990  _lock                                                                          
20000994  _unlock                                                                        
20000998  appEvents                                                                      
200009a0  pinUpperBound                                                                  
200009a4  pinLowerBound                                                                  
200009b8  ti_sysbios_family_arm_m3_Hwi_Module__root__V                                   
200009c0  ti_sysbios_gates_GateHwi_Module__root__V                                       
200009c8  ti_sysbios_gates_GateMutex_Module__root__V                                     
200009d0  ti_sysbios_hal_Hwi_Module__root__V                                             
200009d8  ti_sysbios_heaps_HeapCallback_Module__root__V                                  
200009e0  ti_sysbios_heaps_HeapMem_Module__root__V                                       
200009e8  ti_sysbios_knl_Clock_Module__root__V                                           
200009f0  ti_sysbios_knl_Event_Module__root__V                                           
200009f8  ti_sysbios_knl_Mailbox_Module__root__V                                         
20000a00  ti_sysbios_knl_Queue_Module__root__V                                           
20000a08  ti_sysbios_knl_Semaphore_Module__root__V                                       
20000a10  ti_sysbios_knl_Swi_Module__root__V                                             
20000a18  ti_sysbios_knl_Task_Module__root__V                                            
20000a25  macSleepState                                                                  
20000a26  ti_sysbios_family_arm_m3_Hwi_Module_State_0_excActive__A                       
20000a2c  main_func_sp                                                                   
20000a30  ti_sysbios_family_arm_m3_Hwi_Module_State_0_excContext__A                      
20000a34  ti_sysbios_family_arm_m3_Hwi_Module_State_0_excStack__A                        
20000a38  ti_sysbios_knl_Task_Module_State_0_idleTask__A                                 
20000a3c  macTxSlottedDelayFactor                                                        
20001ef8  ti_sysbios_knl_Task_Instance_State_0_stack__A                                  
200020f8  taskTbl                                                                        
20002260  enhancedAckBuf                                                                 
2000235c  ti_sysbios_family_arm_m3_Hwi_dispatchTable                                     
200024e8  macPib                                                                         
20002570  pinHandleTable                                                                 
200025ec  macScan                                                                        
20002640  appTask                                                                        
20002690  macTask                                                                        
2000271c  RF_cmdIEEERx                                                                   
20002758  macBeaconCoord                                                                 
20002794  macDeviceAction1                                                               
20002800  macBeaconDevice                                                                
20002834  RF_cmdPropRadioDivSetup                                                        
20002864  RF_cmdPropRxAdv                                                                
20002894  macCoord                                                                       
200028c0  macDevice                                                                      
200028ec  macRxFilter                                                                    
200028ed  rxPromiscuousMode                                                              
200028f0  rxSeqNum                                                                       
200028f8  macRxDataEntryOffset                                                           
20002900  rxRadioBufferPtr                                                               
2000290c  macRxDataEntryQueue                                                            
20002914  macMgmtAction1                                                                 
2000295c  RF_cmdIEEECsma                                                                 
2000297c  RF_cmdPropTxAdv                                                                
2000299c  RF_cmdRadioSetup                                                               
200029bc  macBeacon                                                                      
20002a68  RF_cmdPropCs                                                                   
20002a84  RF_cmdPropCsSlotted                                                            
20002aa0  appSem                                                                         
20002abc  macCoordAction2                                                                
20002ad8  macReset                                                                       
20002af4  macSem                                                                         
20002b10  RF_cmdFs                                                                       
20002b28  RF_cmdIEEETx                                                                   
20002b40  macScanAction                                                                  
20002b6c  myNode                                                                         
20002b94  RF_cmdRxAckCmd                                                                 
20002ba8  macDeviceAction2                                                               
20002bbc  macMgmtAction2                                                                 
20002bd0  macBeaconDeviceAction                                                          
20002be0  macCoordAction3                                                                
20002bf0  macData                                                                        
20002c00  macDataTxDelay                                                                 
20002c1c  macMain                                                                        
20002c33  AppTaskId                                                                      
20002c44  ApiMac_extAddr                                                                 
20002c4c  macBeaconCoordAction1                                                          
20002c54  macCoordAction1                                                                
20002c61  appTaskId                                                                      
20002c62  driverlib_release_0_56804                                                      
20002c63  macMgmt                                                                        
20002c64  FH_test_var                                                                    
20002c68  HEAPMGR_SIZE                                                                   
20002c6c  PowerCC26XX_swiKey                                                             
20002c70  PowerCC26XX_taskKey                                                            
20002c74  _this                                                                          
20002c78  macRxSymbol                                                                    
20002c7c  macTimerActive                                                                 
20002c80  macTxTimestamp                                                                 
20002c84  timerAlignedQ                                                                  
20002c88  timerUnalignedQ                                                                
20002c8c  macPanCoordinator                                                              
20002c8d  macPhyChannel                                                                  
20002c8e  macPwr                                                                         
20002c8f  macRxActive                                                                    
20002c90  macRxEnableFlags                                                               
20002c91  macRxOutgoingAckFlag                                                           
20002c92  macSymbolTimerImpending                                                        
20002c93  macTaskId                                                                      
20002c94  macTxActive                                                                    
20002c95  macUnitBackoffPeriod                                                           
20002c96  rxFhRsl                                                                        
20002c97  heapStart                                                                      
20013aa0  __stack                                                                        
20013aa0  heapEnd                                                                        
20014000  __STACK_END                                                                    
20014000  __STACK_TOP                                                                    
e000e000  ti_sysbios_family_arm_m3_Hwi_nvic                                              
ffffffff  __TI_pprof_out_hndl                                                            
ffffffff  __TI_prof_data_size                                                            
ffffffff  __TI_prof_data_start                                                           
ffffffff  __binit__                                                                      
ffffffff  __c_args__                                                                     
ffffffff  binit                                                                          

[1689 symbols]
