******************************************************************************
                  TI ARM Linker Unix v20.2.1                   
******************************************************************************
>> Linked Mon Jun 29 09:50:12 2020

OUTPUT FILE NAME:   <collector_CC1312R1_LAUNCHXL_tirtos_ccs.out>
ENTRY POINT SYMBOL: "ResetISR"  address: 00014a49


MEMORY CONFIGURATION

         name            origin    length      used     unused   attr    fill
----------------------  --------  ---------  --------  --------  ----  --------
  FLASH                 00000000   0004e000  0001a938  000336c8  R  X
  FLASH_NV              0004e000   00008000  00008000  00000000  RW X
  FLASH_LAST            00056000   00002000  00002000  00000000  R  X
  SRAM                  20000000   00014000  00003e1a  000101e6  RW X


SEGMENT ALLOCATION MAP

run origin  load origin   length   init length attrs members
----------  ----------- ---------- ----------- ----- -------
00000000    00000000    0001a938   0001a938    r-x
  00000000    00000000    0000003c   0000003c    r-- .resetVecs
  0000003c    0000003c    00001c50   00001c50    r-- .const
  00001c8c    00001c8c    000000cc   000000cc    r-- config_const
  00001d58    00001d58    00018790   00018790    r-x .text.1
  0001a4e8    0001a4e8    00000450   00000450    r-- .cinit
0004e000    0004e000    00008000   00000000    rw-
  0004e000    0004e000    00008000   00000000    rw- .TI.bound:flashBuf0
00056000    00056000    00002000   00002000    r-x
  00056000    00056000    00001fa8   00001fa8    r-x .text.2
  00057fa8    00057fa8    00000058   00000058    r-- .ccfg
20000100    20000100    000037e6   00000000    rw-
  20000100    20000100    00000004   00000000    rw- .data:xdcRomConstPtr
  20000104    20000104    00000004   00000000    rw- .data:xdcRomExternFuncPtr
  20000108    20000108    00000004   00000000    rw- .data:xdcRomStatePtr
  2000010c    2000010c    00000010   00000000    rw- .data:RAM_MAC_BASE_ADDR
  20000120    20000120    00000bd8   00000000    rw- .data
  20000cf8    20000cf8    00002bee   00000000    rw- .bss
20013aa0    20013aa0    00000560   00000000    rw-
  20013aa0    20013aa0    00000560   00000000    rw- .stack


SECTION ALLOCATION MAP

 output                                  attributes/
section   page    origin      length       input sections
--------  ----  ----------  ----------   ----------------
.const     0    0000003c    00001c50     
                  0000003c    00000568     hmac_rom_init.obj (.const:HMAC_ROM_Flash_JT)
                  000005a4    000003b8     app_pem4f.oem4f (.const:ROM_constStruct)
                  0000095c    00000258     fh_rom_init.obj (.const:FH_ROM_Flash_JT)
                  00000bb4    00000170     csf.obj (.const:.string)
                  00000d24    00000154     rf_multiMode_cc13x2.aem4f : rf_patch_cpe_prop.c.cc13x2.ccs.o (.const:patchImageProp)
                  00000e78    00000101     rtsv7M4_T_le_v4SPD16_eabi.lib : ctype.c.obj (.const:.string:_ctypes_)
                  00000f79    00000100     crc.obj (.const:.string:crc_table)
                  00001079    000000f8     mac_cfg.obj (.const:macPibTbl)
                  00001171    00000002     cui.obj (.const:.string:$P$T4$9)
                  00001173    00000001     cui.obj (.const:.string:$P$T2$6)
                  00001174    000000cc     lmac_rom_init.obj (.const:LMAC_ROM_Flash_JT)
                  00001240    00000088     mac_cfg.obj (.const:macPibDefaults)
                  000012c8    0000006e     maclib_nosecure_cc13x2.a : hmac_global.obj (.const:macAssociatingSt)
                  00001336    0000006e                              : hmac_global.obj (.const:macIdleSt)
                  000013a4    0000006e                              : hmac_global.obj (.const:macPollingSt)
                  00001412    0000006e                              : hmac_global.obj (.const:macScanningSt)
                  00001480    0000006e                              : hmac_global.obj (.const:macStartingSt)
                  000014ee    00000002     ti_drivers_config.obj (.const:ButtonHWAttrs)
                  000014f0    0000006c     icall_osal_rom_init.obj (.const:ICALL_OSAL_ROM_Flash_JT)
                  0000155c    00000054     drivers_cc13x2.aem4f : PowerCC26X2.oem4f (.const:resourceDB)
                  000015b0    00000050     mac_cfg.obj (.const:macMRFSKStdPhyTable)
                  00001600    0000004c     drivers_cc13x2.aem4f : Random.oem4f (.const:$P$T0$1)
                  0000164c    00000048     app_pem4f.oem4f (.const:.string)
                  00001694    00000048     app_pem4f.oem4f (.const:ROM_externFuncPtrs)
                  000016dc    00000040     maclib_nosecure_cc13x2.a : hmac_global.obj (.const:macTimerRolloverValue)
                  0000171c    00000038                              : hmac_global.obj (.const:macCmdIncludeFHIe)
                  00001754    00000030     ti_radio_config.obj (.const:RF_cmdPropRxAdv_2gfsk50kbps154g)
                  00001784    00000028     drivers_cc13x2.aem4f : NVSCC26XX.oem4f (.const:NVSCC26XX_fxnTable)
                  000017ac    00000028     ti_radio_config.obj (.const:RF_cmdPropRadioDivSetup_2gfsk50kbps154g)
                  000017d4    00000028     drivers_cc13x2.aem4f : UARTCC26XX.oem4f (.const:UARTCC26XX_fxnTable)
                  000017fc    00000028     app_pem4f.oem4f (.const:ti_sysbios_heaps_HeapCallback_Module__FXNS__C)
                  00001824    00000028     ti_drivers_config.obj (.const:uartCC26XXHWAttrs)
                  0000184c    00000028     app_pem4f.oem4f (.const:xdc_runtime_Startup_sfxnTab__A)
                  00001874    00000024     drivers_cc13x2.aem4f : UART.oem4f (.const:UART_defaultParams)
                  00001898    00000024     app_pem4f.oem4f (.const:ti_sysbios_gates_GateMutexPri_Module__FXNS__C)
                  000018bc    00000020     ti_radio_config.obj (.const:RF_cmdPropTxAdv_2gfsk50kbps154g)
                  000018dc    00000020     rf_multiMode_cc13x2.aem4f : RFCC26X2_multiMode.c.cc13x2.ccs.o (.const:RF_defaultParams)
                  000018fc    00000020     maclib_nosecure_cc13x2.a : mac_radio.obj (.const:activityObject)
                  0000191c    00000020     app_pem4f.oem4f (.const:ti_sysbios_gates_GateMutexPri_Object__DESC__C)
                  0000193c    00000020     app_pem4f.oem4f (.const:ti_sysbios_heaps_HeapCallback_Object__DESC__C)
                  0000195c    0000001c     ti_drivers_config.obj (.const:BoardGpioInitTable)
                  00001978    0000001c     ti_radio_config.obj (.const:RF_cmdPropCs_2gfsk50kbps154g)
                  00001994    0000001c     app_pem4f.oem4f (.const:ti_sysbios_heaps_HeapCallback_Object__PARAMS__C)
                  000019b0    00000018     drivers_cc13x2.aem4f : PWM.oem4f (.const:PWM_defaultParams)
                  000019c8    00000018     ti_radio_config.obj (.const:RF_cmdFs_2gfsk50kbps154g)
                  000019e0    00000018     drivers_cc13x2.aem4f : GPIOCC26XX.oem4f (.const:interruptType)
                  000019f8    00000018     maclib_nosecure_cc13x2.a : hmac_global.obj (.const:macSendMsgBufSize)
                  00001a10    00000018     app_pem4f.oem4f (.const:ti_sysbios_gates_GateMutexPri_Object__PARAMS__C)
                  00001a28    00000014     CC1312R1_LAUNCHXL_fxns.obj (.const:$P$T1$2)
                  00001a3c    00000014     ti_drivers_config.obj (.const:GPIOCC26XX_config)
                  00001a50    00000014     ti_drivers_config.obj (.const:PowerCC26X2_config)
                  00001a64    00000014     drivers_cc13x2.aem4f : UARTCC26XX.oem4f (.const:parityType)
                  00001a78    00000014     app_pem4f.oem4f (.const:xdc_runtime_Startup_sfxnRts__A)
                  00001a8c    00000013     macTask.obj (.const:.string:msacbackSizeTable)
                  00001a9f    00000001     app_pem4f.oem4f (.const:xdc_runtime_Text_charTab__A)
                  00001aa0    00000010     ti_drivers_config.obj (.const:Button_config)
                  00001ab0    00000010     drivers_cc13x2.aem4f : Button.oem4f (.const:Button_defaultParams)
                  00001ac0    00000010     ti_drivers_config.obj (.const:LED_config)
                  00001ad0    00000010     drivers_cc13x2.aem4f : TRNG.oem4f (.const:TRNG_defaultParams)
                  00001ae0    00000010                          : UARTCC26XX.oem4f (.const:dataLength)
                  00001af0    00000010     maclib_nosecure_cc13x2.a : hmac_global.obj (.const:macIEEEPhyTable)
                  00001b00    00000010     drivers_cc13x2.aem4f : GPIOCC26XX.oem4f (.const:outPinTypes)
                  00001b10    0000000f     cui.obj (.const:.string:$P$T0$1)
                  00001b1f    0000000f     ti_drivers_config.obj (.const)
                  00001b2e    0000000e     cllc.obj (.const:$P$T1$3)
                  00001b3c    0000000e     maclib_nosecure_cc13x2.a : hmac_global.obj (.const:.string:macCmdBufSize)
                  00001b4a    0000000e                              : hmac_global.obj (.const:.string:macTxFrameFailed)
                  00001b58    0000000e                              : hmac_global.obj (.const:.string:macTxFrameSuccess)
                  00001b66    00000002     --HOLE-- [fill = 0]
                  00001b68    0000000c     drivers_cc13x2.aem4f : Random.oem4f (.const:$P$T1$2)
                  00001b74    0000000c     maclib_nosecure_cc13x2.a : hmac_global.obj (.const:.string:macCbackEventTbl)
                  00001b80    0000000c                              : hmac_global.obj (.const:.string:macSendMsgDataSize)
                  00001b8c    0000000c     ti_drivers_config.obj (.const:NVS_config)
                  00001b98    0000000c     ti_drivers_config.obj (.const:RFCC26XX_hwAttrs)
                  00001ba4    0000000c     ti_drivers_config.obj (.const:UART_config)
                  00001bb0    0000000c     drivers_cc13x2.aem4f : GPIOCC26XX.oem4f (.const:inPinTypes)
                  00001bbc    0000000c                          : GPIOCC26XX.oem4f (.const:outPinStrengths)
                  00001bc8    0000000c     app_pem4f.oem4f (.const:xdc_runtime_Startup_firstFxns__A)
                  00001bd4    00000009     maclib_nosecure_cc13x2.a : hmac_global.obj (.const:.string:macCmdLen)
                  00001bdd    00000003     --HOLE-- [fill = 0]
                  00001be0    00000008     driverlib.lib : aux_sysif.obj (.const:$O1$$)
                  00001be8    00000008     maclib_nosecure_cc13x2.a : mac_rx.obj (.const:$O2$$)
                  00001bf0    00000008     CC1312R1_LAUNCHXL_fxns.obj (.const:$P$T0$1)
                  00001bf8    00000008     main.obj (.const:.string:dummyExtAddr)
                  00001c00    00000008     drivers_cc13x2.aem4f : LED.oem4f (.const:LED_defaultParams)
                  00001c08    00000008     ti_drivers_config.obj (.const:PINCC26XX_hwAttrs)
                  00001c10    00000008     rf_multiMode_cc13x2.aem4f : RFCC26X2_multiMode.c.cc13x2.ccs.o (.const:RFCC26XX_schedulerPolicy)
                  00001c18    00000008     ti_drivers_config.obj (.const:nvsCC26XXHWAttrs)
                  00001c20    00000008     drivers_cc13x2.aem4f : UARTCC26XX.oem4f (.const:stopBits)
                  00001c28    00000008     app_pem4f.oem4f (.const:ti_sysbios_family_arm_m3_Hwi_excHookFuncs__A)
                  00001c30    00000006     drivers_cc13x2.aem4f : UARTCC26XX.oem4f (.const:.string:rxFifoBytes)
                  00001c36    00000006                          : UARTCC26XX.oem4f (.const:.string:rxFifoThreshold)
                  00001c3c    00000006                          : UARTCC26XX.oem4f (.const:.string:txFifoBytes)
                  00001c42    00000006                          : UARTCC26XX.oem4f (.const:.string:txFifoThreshold)
                  00001c48    00000005     csf.obj (.const:.string:$P$T0$4)
                  00001c4d    00000001     --HOLE-- [fill = 0]
                  00001c4e    00000004     nvocmp.obj (.const:$P$T0$6)
                  00001c52    00000004     cui.obj (.const:$P$T3$8)
                  00001c56    00000004     ti_drivers_config.obj (.const:LEDHWAttrs)
                  00001c5a    00000002     --HOLE-- [fill = 0]
                  00001c5c    00000004     drivers_cc13x2.aem4f : NVS.oem4f (.const:NVS_defaultParams)
                  00001c60    00000004     app_pem4f.oem4f (.const:ti_sysbios_gates_GateMutexPri_Instance_State_pendQ__O)
                  00001c64    00000004     app_pem4f.oem4f (.const:ti_sysbios_heaps_HeapCallback_Object__count__C)
                  00001c68    00000004     app_pem4f.oem4f (.const:ti_sysbios_heaps_HeapCallback_allocInstFxn__C)
                  00001c6c    00000004     app_pem4f.oem4f (.const:ti_sysbios_heaps_HeapCallback_createInstFxn__C)
                  00001c70    00000004     app_pem4f.oem4f (.const:ti_sysbios_heaps_HeapCallback_deleteInstFxn__C)
                  00001c74    00000004     app_pem4f.oem4f (.const:ti_sysbios_heaps_HeapCallback_freeInstFxn__C)
                  00001c78    00000004     app_pem4f.oem4f (.const:ti_sysbios_heaps_HeapCallback_getStatsInstFxn__C)
                  00001c7c    00000004     app_pem4f.oem4f (.const:ti_sysbios_heaps_HeapCallback_initInstFxn__C)
                  00001c80    00000004     app_pem4f.oem4f (.const:ti_sysbios_heaps_HeapCallback_isBlockingInstFxn__C)
                  00001c84    00000004     app_pem4f.oem4f (.const:ti_sysbios_knl_Clock_tickPeriod__C)
                  00001c88    00000004     app_pem4f.oem4f (.const:ti_sysbios_knl_Idle_funcList__A)

config_const 
*          0    00001c8c    000000cc     
                  00001c8c    0000006c     mac_user_config.obj (.const:macRfDriverTable)
                  00001cf8    00000040     mac_user_config.obj (.const:macCryptoDriverTable)
                  00001d38    00000020     mac_user_config.obj (.const:$P$T0$1)

.cinit     0    0001a4e8    00000450     
                  0001a4e8    000003e5     (.cinit..data.load) [load image, compression = lzss]
                  0001a8cd    00000003     --HOLE-- [fill = 0]
                  0001a8d0    0000000c     (__TI_handler_table)
                  0001a8dc    00000004     --HOLE-- [fill = 0]
                  0001a8e0    00000008     (.cinit..bss.load) [load image, compression = zero_init]
                  0001a8e8    00000008     (.cinit..data:RAM_MAC_BASE_ADDR.load) [load image, compression = zero_init]
                  0001a8f0    00000008     (.cinit..data:xdcRomConstPtr.load) [load image, compression = lzss]
                  0001a8f8    00000008     (.cinit..data:xdcRomExternFuncPtr.load) [load image, compression = lzss]
                  0001a900    00000008     (.cinit..data:xdcRomStatePtr.load) [load image, compression = lzss]
                  0001a908    00000030     (__TI_cinit_table)

.init_array 
*          0    00000000    00000000     UNINITIALIZED

.TI.bound:flashBuf0 
*          0    0004e000    00008000     UNINITIALIZED
                  0004e000    00008000     ti_drivers_config.obj (.TI.bound:flashBuf0)

.ccfg      0    00057fa8    00000058     
                  00057fa8    00000058     ti_devices_config.obj (.ccfg:retain)

.data:xdcRomConstPtr 
*          0    20000100    00000004     UNINITIALIZED
                  20000100    00000004     app_pem4f.oem4f (.data:xdcRomConstPtr)

.data:xdcRomExternFuncPtr 
*          0    20000104    00000004     UNINITIALIZED
                  20000104    00000004     app_pem4f.oem4f (.data:xdcRomExternFuncPtr)

.data:xdcRomStatePtr 
*          0    20000108    00000004     UNINITIALIZED
                  20000108    00000004     app_pem4f.oem4f (.data:xdcRomStatePtr)

.data      0    20000120    00000bd8     UNINITIALIZED
                  20000120    00000134     drivers_cc13x2.aem4f : PowerCC26X2.oem4f (.data:PowerCC26X2_module)
                  20000254    0000010c     app_pem4f.oem4f (.data:ROM_stateStruct)
                  20000360    000000a0     maclib_nosecure_cc13x2.a : mac.obj (.data:$O1$$)
                  20000400    000000a0     mac_cfg.obj (.data:macMRFSKGenPhyTable)
                  200004a0    0000006c     maclib_nosecure_cc13x2.a : hmac_global.obj (.data:fhObject)
                  2000050c    00000064     ti_radio_config.obj (.data:txPowerTable_868_pa13)
                  20000570    00000058     csf.obj (.data:appSubMenu)
                  200005c8    00000054     main.obj (.data:Main_user1Cfg)
                  2000061c    0000004c     app_pem4f.oem4f (.data:ti_sysbios_knl_Task_Object__table__V)
                  20000668    00000048     collector.obj (.data:Collector_macCallbacks)
                  200006b0    00000048     cllc.obj (.data:macCallbacksCopy)
                  200006f8    00000048     app_pem4f.oem4f (.data:ti_sysbios_family_arm_cc26xx_Timer_Object__table__V)
                  20000740    00000040     maclib_nosecure_cc13x2.a : mac_radio.obj (.data:$O1$$)
                  20000780    00000040     csf.obj (.data:commissionSubMenu)
                  200007c0    00000040     csf.obj (.data:csfMainMenu)
                  20000800    00000038     app_pem4f.oem4f (.data:ti_sysbios_gates_GateMutex_Object__table__V)
                  20000838    00000034     csf.obj (.data:configureSubMenu)
                  2000086c    00000034     maclib_nosecure_cc13x2.a : hmac_global.obj (.data:macBeaconPayload)
                  200008a0    00000030                              : hmac_global.obj (.data)
                  200008d0    00000030     app_pem4f.oem4f (.data:ti_sysbios_knl_Swi_Module_State_0_readyQ__A)
                  20000900    00000030     app_pem4f.oem4f (.data:ti_sysbios_knl_Swi_Object__table__V)
                  20000930    00000030     app_pem4f.oem4f (.data:ti_sysbios_knl_Task_Module_State_0_readyQ__A)
                  20000960    0000002c     cui.obj (.data)
                  2000098c    00000028     maclib_nosecure_cc13x2.a : mac_symbol_timer.obj (.data:$O1$$)
                  200009b4    00000028     ti_radio_config.obj (.data:pOverrides_2gfsk50kbps154g)
                  200009dc    00000024     maclib_nosecure_cc13x2.a : mac_tx.obj (.data:$O1$$)
                  20000a00    00000024                              : hmac_global.obj (.data:macActionSet)
                  20000a24    00000004                              : mac_autopend.obj (.data:$O1$$)
                  20000a28    00000020     drivers_cc13x2.aem4f : TRNGCC26XX.oem4f (.data:entropyPoolBuffer)
                  20000a48    00000020     app_pem4f.oem4f (.data:ti_sysbios_knl_Clock_Object__table__V)
                  20000a68    00000020     app_pem4f.oem4f (.data:xdc_runtime_Error_IgnoreBlock)
                  20000a88    0000001a     cllc.obj (.data)
                  20000aa2    00000002     drivers_cc13x2.aem4f : TRNGCC26XX.oem4f (.data)
                  20000aa4    0000001a     osal_port.obj (.data)
                  20000abe    00000002     app_pem4f.oem4f (.data:ti_sysbios_family_arm_m3_Hwi_Module_State_0_excActive__A)
                  20000ac0    00000018     app_pem4f.oem4f (.data:ti_sysbios_family_arm_m3_Hwi_Object__table__V)
                  20000ad8    00000017     csf.obj (.data)
                  20000aef    00000015     cui.obj (.data:gpMultiMenuTitle)
                  20000b04    00000014     maclib_nosecure_cc13x2.a : mac_radio_tx.obj (.data:$O1$$)
                  20000b18    00000014                              : hmac_global.obj (.data:macStateTbl)
                  20000b2c    00000014     macTask.obj (.data)
                  20000b40    00000014     main.obj (.data:macUser0Cfg)
                  20000b54    00000011     cllc.obj (.data:chanMask)
                  20000b65    00000001     drivers_cc13x2.aem4f : NVS.oem4f (.data)
                  20000b66    00000001                          : PWM.oem4f (.data)
                  20000b67    00000001                          : UART.oem4f (.data)
                  20000b68    00000010     mac_settings.obj (.data:RF_cmdNop)
                  20000b78    00000010     mac_settings.obj (.data:RF_cmdNopFg)
                  20000b88    00000010     ti_radio_config.obj (.data:RF_prop_2gfsk50kbps154g)
                  20000b98    00000010     ti_drivers_config.obj (.data:gpioCallbackFunctions)
                  20000ba8    00000010     ti_drivers_config.obj (.data:gpioPinConfigs)
                  20000bb8    00000010     mac_cfg.obj (.data:macCfg)
                  20000bc8    0000000f     maclib_nosecure_cc13x2.a : mac.obj (.data)
                  20000bd7    00000001                              : mac_sleep.obj (.data)
                  20000bd8    0000000c                              : mac_hl_patch.obj (.data:$O1$$)
                  20000be4    0000000c     collector.obj (.data:cllcCallbacks)
                  20000bf0    0000000c     app_pem4f.oem4f (.data:ti_sysbios_heaps_HeapCallback_Object__table__V)
                  20000bfc    00000009     csf.obj (.data:reportIntervalASCII$14)
                  20000c05    00000001     maclib_nosecure_cc13x2.a : mac_tx.obj (.data)
                  20000c06    00000001     main.obj (.data)
                  20000c07    00000001     rf_multiMode_cc13x2.aem4f : rf_patch_cpe_prop.c.cc13x2.ccs.o (.data)
                  20000c08    00000008     rtsv7M4_T_le_v4SPD16_eabi.lib : _lock.c.obj (.data:$O1$$)
                  20000c10    00000008     api_mac.obj (.data)
                  20000c18    00000008     collector.obj (.data)
                  20000c20    00000008     cllc.obj (.data:coordInfoBlock)
                  20000c28    00000008     drivers_cc13x2.aem4f : PINCC26XX.oem4f (.data)
                  20000c30    00000008                          : TRNGCC26XX.oem4f (.data:jobList)
                  20000c38    00000008     osal_port_timers.obj (.data)
                  20000c40    00000008     app_pem4f.oem4f (.data:ti_sysbios_family_arm_m3_Hwi_Module__root__V)
                  20000c48    00000008     app_pem4f.oem4f (.data:ti_sysbios_gates_GateHwi_Module__root__V)
                  20000c50    00000008     app_pem4f.oem4f (.data:ti_sysbios_gates_GateMutexPri_Module__root__V)
                  20000c58    00000008     app_pem4f.oem4f (.data:ti_sysbios_gates_GateMutex_Module__root__V)
                  20000c60    00000008     app_pem4f.oem4f (.data:ti_sysbios_hal_Hwi_Module__root__V)
                  20000c68    00000008     app_pem4f.oem4f (.data:ti_sysbios_heaps_HeapCallback_Module__root__V)
                  20000c70    00000008     app_pem4f.oem4f (.data:ti_sysbios_heaps_HeapMem_Module__root__V)
                  20000c78    00000008     app_pem4f.oem4f (.data:ti_sysbios_knl_Clock_Module__root__V)
                  20000c80    00000008     app_pem4f.oem4f (.data:ti_sysbios_knl_Event_Module__root__V)
                  20000c88    00000008     app_pem4f.oem4f (.data:ti_sysbios_knl_Mailbox_Module__root__V)
                  20000c90    00000008     app_pem4f.oem4f (.data:ti_sysbios_knl_Queue_Module__root__V)
                  20000c98    00000008     app_pem4f.oem4f (.data:ti_sysbios_knl_Semaphore_Module__root__V)
                  20000ca0    00000008     app_pem4f.oem4f (.data:ti_sysbios_knl_Swi_Module__root__V)
                  20000ca8    00000008     app_pem4f.oem4f (.data:ti_sysbios_knl_Task_Module__root__V)
                  20000cb0    00000006     nvocmp.obj (.data)
                  20000cb6    00000002     --HOLE--
                  20000cb8    00000005     drivers_cc13x2.aem4f : GPIOCC26XX.oem4f (.data)
                  20000cbd    00000001     --HOLE--
                  20000cbe    00000005                          : TemperatureCC26X2.oem4f (.data)
                  20000cc3    00000001     --HOLE--
                  20000cc4    00000004     csf.obj (.data:cursor$10)
                  20000cc8    00000004     csf.obj (.data:cursor$11)
                  20000ccc    00000004     csf.obj (.data:cursor$13)
                  20000cd0    00000004     csf.obj (.data:cursor$5)
                  20000cd4    00000004     drivers_cc13x2.aem4f : GPIOCC26XX.oem4f (.data:gpioPinTable)
                  20000cd8    00000004     maclib_nosecure_cc13x2.a : lmac_global.obj (.data)
                  20000cdc    00000004                              : mac_mcu.obj (.data)
                  20000ce0    00000004     cui.obj (.data:refreshChars$4)
                  20000ce4    00000004     rtsv7M4_T_le_v4SPD16_eabi.lib : errno.c.obj (.data)
                  20000ce8    00000004                                   : stkdepth_vars.c.obj (.data)
                  20000cec    00000004     app_pem4f.oem4f (.data:ti_sysbios_family_arm_m3_Hwi_Module_State_0_excContext__A)
                  20000cf0    00000004     app_pem4f.oem4f (.data:ti_sysbios_family_arm_m3_Hwi_Module_State_0_excStack__A)
                  20000cf4    00000004     app_pem4f.oem4f (.data:ti_sysbios_knl_Task_Module_State_0_idleTask__A)

.bss       0    20000cf8    00002bee     UNINITIALIZED
                  20000cf8    00000800     macTask.obj (.bss:macTaskStack)
                  200014f8    00000600     main.obj (.bss:appTaskStack)
                  20001af8    000004b8     rf_multiMode_cc13x2.aem4f : RFCC26X2_multiMode.c.cc13x2.ccs.o (.bss:$O1$$)
                  20001fb0    00000258     (.common:Cllc_associatedDevList)
                  20002208    00000200     cui.obj (.bss:gRingBuff)
                  20002408    00000200     app_pem4f.oem4f (.bss:taskStackSection)
                  20002608    000001a8     (.common:menuBuff)
                  200027b0    00000168     (.common:taskTbl)
                  20002918    00000130     (.common:uartCC26XXObjects)
                  20002a48    000000fc     (.common:enhancedAckBuf)
                  20002b44    000000d8     (.common:ti_sysbios_family_arm_m3_Hwi_dispatchTable)
                  20002c1c    00000004     cllc.obj (.bss)
                  20002c20    000000b0     maclib_nosecure_cc13x2.a : mac_radio.obj (.bss:RF_object)
                  20002cd0    00000088     (.common:macPib)
                  20002d58    00000080     (.common:LEDObjects)
                  20002dd8    0000007c     (.common:pinHandleTable)
                  20002e54    00000054     (.common:macScan)
                  20002ea8    00000050     (.common:ButtonObjects)
                  20002ef8    00000050     (.common:appTask)
                  20002f48    00000050     (.common:macTask)
                  20002f98    0000004c     (.common:cuiMultiMenuData)
                  20002fe4    00000046     (.common:NVOCMP_nvHandle)
                  2000302a    00000001                              : mac_tx.obj (.bss)
                  2000302b    00000001     main.obj (.bss)
                  2000302c    00000042     csf.obj (.bss)
                  2000306e    00000001     rf_multiMode_cc13x2.aem4f : RFCC26X2_multiMode.c.cc13x2.ccs.o (.bss)
                  2000306f    00000001     (.common:AppTaskId)
                  20003070    0000003c     macTask.obj (.bss:macTaskParams)
                  200030ac    0000003c     (.common:Collector_statistics)
                  200030e8    0000003c     (.common:RF_cmdIEEERx)
                  20003124    0000003c     (.common:macBeaconCoord)
                  20003160    00000038     (.common:macDeviceAction1)
                  20003198    00000034     drivers_cc13x2.aem4f : PINCC26XX.oem4f (.bss:pinSwi)
                  200031cc    00000034     (.common:macBeaconDevice)
                  20003200    00000030     (.common:RF_cmdPropRadioDivSetup)
                  20003230    00000030     (.common:RF_cmdPropRxAdv)
                  20003260    0000002c     (.common:macCoord)
                  2000328c    0000002c     (.common:macDevice)
                  200032b8    00000028     maclib_nosecure_cc13x2.a : mac_rx.obj (.bss:$O1$$)
                  200032e0    00000028     (.common:macMgmtAction1)
                  20003308    00000024     csf.obj (.bss:broadcastClkStruct)
                  2000332c    00000024     csf.obj (.bss:configClkStruct)
                  20003350    00000024     cui.obj (.bss:gSemParams)
                  20003374    00000024     cui.obj (.bss:gUartParams)
                  20003398    00000024     csf.obj (.bss:identifyClkStruct)
                  200033bc    00000024     csf.obj (.bss:joinClkStruct)
                  200033e0    00000024     csf.obj (.bss:trackingClkStruct)
                  20003404    00000020     cui.obj (.bss:gMenuResources)
                  20003424    00000020     drivers_cc13x2.aem4f : GPIOCC26XX.oem4f (.bss:gpioCallbackInfo)
                  20003444    00000020                          : PINCC26XX.oem4f (.bss:pinGpioConfigTable)
                  20003464    00000020     ti_drivers_config.obj (.bss:uartCC26XXRingBuffer0)
                  20003484    00000020     (.common:RF_cmdIEEECsma)
                  200034a4    00000020     (.common:RF_cmdPropTxAdv)
                  200034c4    00000020     (.common:RF_cmdRadioSetup)
                  200034e4    00000020     (.common:macBeacon)
                  20003504    0000001c     driverlib.lib : osc.obj (.bss:$O1$$)
                  20003520    0000001c     drivers_cc13x2.aem4f : TRNGCC26XX.oem4f (.bss:TRNGCC26XX_hwi)
                  2000353c    0000001c     cui.obj (.bss)
                  20003558    0000001c     drivers_cc13x2.aem4f : TRNGCC26XX.oem4f (.bss:entropyPool)
                  20003574    0000001c     cui.obj (.bss:gClientsSemStruct)
                  20003590    0000001c     cui.obj (.bss:gMenuSemStruct)
                  200035ac    0000001c     cui.obj (.bss:gStatusSemStruct)
                  200035c8    0000001c     cui.obj (.bss:gUartSemStruct)
                  200035e4    0000001c     drivers_cc13x2.aem4f : PINCC26XX.oem4f (.bss:pinHwi)
                  20003600    0000001c                          : PINCC26XX.oem4f (.bss:pinSemaphore)
                  2000361c    0000001c     (.common:RF_cmdPropCs)
                  20003638    0000001c     (.common:RF_cmdPropCsSlotted)
                  20003654    0000001c     (.common:appSem)
                  20003670    0000001c     (.common:macCoordAction2)
                  2000368c    0000001c     (.common:macReset)
                  200036a8    0000001c     (.common:macSem)
                  200036c4    00000018     (.common:RF_cmdFs)
                  200036dc    00000018     (.common:RF_cmdIEEETx)
                  200036f4    00000018     (.common:macScanAction)
                  2000370c    00000014     rf_multiMode_cc13x2.aem4f : RFCC26X2_multiMode.c.cc13x2.ccs.o (.bss:RF_ratSyncCmd)
                  20003720    00000014     csf.obj (.bss:channelMask$8)
                  20003734    00000014     drivers_cc13x2.aem4f : Random.oem4f (.bss:state)
                  20003748    00000014     (.common:RF_cmdRxAckCmd)
                  2000375c    00000014     (.common:macDeviceAction2)
                  20003770    00000014     (.common:macMgmtAction2)
                  20003784    00000012     nvocmp.obj (.bss)
                  20003796    00000001     (.common:NVOCMP_size)
                  20003797    00000001     (.common:appTaskId)
                  20003798    00000010     (.common:macBeaconDeviceAction)
                  200037a8    00000010     (.common:macCoordAction3)
                  200037b8    00000010     (.common:macData)
                  200037c8    00000010     (.common:macDataTxDelay)
                  200037d8    0000000e     csf.obj (.bss:networkInfo$2)
                  200037e6    0000000c     nvocmp.obj (.bss:NVOCMP_itemBuffer)
                  200037f2    00000001     (.common:driverlib_release_0_56804)
                  200037f3    00000001     (.common:gAction)
                  200037f4    0000000c     nvocmp.obj (.bss:NVOCMP_nvsAttrs)
                  20003800    0000000c     drivers_cc13x2.aem4f : NVSCC26XX.oem4f (.bss)
                  2000380c    0000000c                          : GPIOCC26XX.oem4f (.bss:gpioPinState)
                  20003818    0000000c     osal_port.obj (.bss)
                  20003824    0000000c     (.common:macMain)
                  20003830    00000009     macTask.obj (.bss)
                  20003839    00000001     (.common:macMgmt)
                  2000383a    00000001     (.common:macPanCoordinator)
                  2000383b    00000001     (.common:macPhyChannel)
                  2000383c    00000008     drivers_cc13x2.aem4f : GPIOCC26XX.oem4f (.bss)
                  20003844    00000008     cui.obj (.bss:gClientHandles)
                  2000384c    00000008     cui.obj (.bss:gMaxStatusLines)
                  20003854    00000008     cui.obj (.bss:gStatusLineResources)
                  2000385c    00000008     cui.obj (.bss:gUartRxBuffer)
                  20003864    00000008     cui.obj (.bss:gUartTxBuffer)
                  2000386c    00000008     drivers_cc13x2.aem4f : TemperatureCC26X2.oem4f (.bss:notificationList)
                  20003874    00000008     osal_port_timers.obj (.bss)
                  2000387c    00000008     (.common:ApiMac_extAddr)
                  20003884    00000008     (.common:macBeaconCoordAction1)
                  2000388c    00000008     (.common:macCoordAction1)
                  20003894    00000005     api_mac.obj (.bss)
                  20003899    00000001     (.common:macPwr)
                  2000389a    00000001     (.common:macRxActive)
                  2000389b    00000001     (.common:macRxEnableFlags)
                  2000389c    00000004     collector.obj (.bss)
                  200038a0    00000004     drivers_cc13x2.aem4f : PINCC26XX.oem4f (.bss)
                  200038a4    00000004     cui.obj (.bss:gCursorInfo)
                  200038a8    00000004     (.common:FH_test_var)
                  200038ac    00000004     (.common:HEAPMGR_SIZE)
                  200038b0    00000004     (.common:PowerCC26XX_swiKey)
                  200038b4    00000004     (.common:PowerCC26XX_taskKey)
                  200038b8    00000004     (.common:collectorStatusLine)
                  200038bc    00000004     (.common:csfCuiHndl)
                  200038c0    00000004     (.common:deviceStatusLine)
                  200038c4    00000004     (.common:macRxSymbol)
                  200038c8    00000004     (.common:macTimerActive)
                  200038cc    00000004     (.common:macTxTimestamp)
                  200038d0    00000004     (.common:numJoinDevStatusLine)
                  200038d4    00000004     (.common:nvsCC26XXObjects)
                  200038d8    00000004     (.common:timerAlignedQ)
                  200038dc    00000004     (.common:timerUnalignedQ)
                  200038e0    00000001     (.common:macRxOutgoingAckFlag)
                  200038e1    00000001     (.common:macSymbolTimerImpending)
                  200038e2    00000001     (.common:macTaskId)
                  200038e3    00000001     (.common:macTxActive)
                  200038e4    00000001     (.common:macUnitBackoffPeriod)
                  200038e5    00000001     (.common:rxFhRsl)

.vtable    0    200038e6    00000000     UNINITIALIZED

.vtable_ram 
*          0    200038e6    00000000     UNINITIALIZED

vtable_ram 
*          0    200038e6    00000000     UNINITIALIZED

.sysmem    0    200038e6    00000000     UNINITIALIZED

.nonretenvar 
*          0    200038e6    00000000     UNINITIALIZED

.stack     0    20013aa0    00000560     UNINITIALIZED
                  20013aa0    00000560     --HOLE--

.bootVecs 
*          0    00000000    00000008     DSECT
                  00000000    00000008     boot.aem4f : boot.oem4f (.bootVecs)

.resetVecs 
*          0    00000000    0000003c     
                  00000000    0000003c     app_pem4f.oem4f (.resetVecs)

.vecs      0    20000000    000000d8     NOLOAD SECTION
                  20000000    000000d8     app_pem4f.oem4f (.vecs)

xdc.meta   0    00000000    00000107     COPY SECTION
                  00000000    00000107     app_pem4f.oem4f (xdc.meta)

xdc.noload 
*          0    00000000    00000000     COPY SECTION

.data:RAM_MAC_BASE_ADDR 
*          0    2000010c    00000010     UNINITIALIZED
                  2000010c    00000010     rom_init_154.obj (.data:RAM_MAC_BASE_ADDR)

.text.1    0    00001d58    00018790     
                  00001d58    0000044e     nvocmp.obj (.text:NVOCMP_compactPage)
                  000021a6    00000002     rf_multiMode_cc13x2.aem4f : RFCC26X2_multiMode.c.cc13x2.ccs.o (.text:RF_defaultCallback)
                  000021a8    00000438     maclib_nosecure_cc13x2.a : mac.obj (.text:macRxCb)
                  000025e0    0000041b     cui.obj (.text:CUI_registerMenu)
                  000029fb    00000001     --HOLE-- [fill = 0]
                  000029fc    00000004     dpl_cc13x2.aem4f : PowerCC26X2_tirtos.oem4f (.text:CPUwfi)
                  00002a00    0000040a     nvocmp.obj (.text:NVOCMP_compact)
                  00002e0a    00000006     driverlib.lib : cpu.obj (.text:NOROM_CPUdelay)
                  00002e10    00000408     collector.obj (.text:processSensorData)
                  00003218    000003b7     csf.obj (.text:setChMaskAction)
                  000035cf    00000001     --HOLE-- [fill = 0]
                  000035d0    0000033c     maclib_nosecure_cc13x2.a : mac_radio_tx.obj (.text:macRadioCsmaTxCb)
                  0000390c    00000004     dpl_cc13x2.aem4f : ClockP_tirtos.oem4f (.text:ClockP_destruct)
                  00003910    0000032c     macTask.obj (.text:macTaskFxn)
                  00003c3c    000002d0     maclib_nosecure_cc13x2.a : mac_rx.obj (.text:rxPayloadIsr)
                  00003f0c    00000004     dpl_cc13x2.aem4f : ClockP_tirtos.oem4f (.text:ClockP_getCpuFreq)
                  00003f10    000002a8     nvocmp.obj (.text:NVOCMP_writeItem)
                  000041b8    000002a0     csf.obj (.text:setPanIdAction)
                  00004458    00000286     cui.obj (.text:CUI_processMenuUpdate)
                  000046de    00000002     rtsv7M4_T_le_v4SPD16_eabi.lib : _lock.c.obj (.text:_nop)
                  000046e0    00000282     cui.obj (.text:CUI_init)
                  00004962    00000006     drivers_cc13x2.aem4f : NVSCC26XX.oem4f (.text:NVSCC26XX_control)
                  00004968    00000278     cui.obj (.text:CUI_writeString)
                  00004be0    00000274     nvocmp.obj (.text:NVOCMP_migratePage)
                  00004e54    00000004     dpl_cc13x2.aem4f : ClockP_tirtos.oem4f (.text:ClockP_getTimeout)
                  00004e58    00000270     nvocmp.obj (.text:NVOCMP_findItem)
                  000050c8    00000256     collector.obj (.text:generateTrackingRequests)
                  0000531e    00000002     drivers_cc13x2.aem4f : PowerCC26X2.oem4f (.text:emptyClockFunc)
                  00005320    00000252     csf.obj (.text:sensorSelectAction)
                  00005572    00000006     rf_multiMode_cc13x2.aem4f : RFCC26X2_multiMode.c.cc13x2.ccs.o (.text:RF_clkReqAccess)
                  00005578    0000021e     csf.obj (.text:sensorSetReportInterval)
                  00005796    00000002     maclib_nosecure_cc13x2.a : mac_pwr.obj (.text:macApiPwrOnReq)
                  00005798    00000218     cui.obj (.text:CUI_dispMenu)
                  000059b0    00000216     csf.obj (.text:updateCollectorStatusLine)
                  00005bc6    00000002     maclib_nosecure_cc13x2.a : mac_mcu.obj (.text:macMcuBitReverse)
                  00005bc8    00000210     rf_multiMode_cc13x2.aem4f : RFCC26X2_multiMode.c.cc13x2.ccs.o (.text:RF_scheduleCmd)
                  00005dd8    00000210     maclib_nosecure_cc13x2.a : mac_radio.obj (.text:macRadioInitSubG)
                  00005fe8    00000200     rf_multiMode_cc13x2.aem4f : RFCC26X2_multiMode.c.cc13x2.ccs.o (.text:RF_open)
                  000061e8    000001d8     cui.obj (.text:CUI_statusLinePrintf)
                  000063c0    000001d6     nvocmp.obj (.text:NVOCMP_scanPage)
                  00006596    00000002     maclib_nosecure_cc13x2.a : mac_radio.obj (.text:macRadioSetRE)
                  00006598    000001c5     cui.obj (.text:CUI_acquireStatusLine)
                  0000675d    00000001     --HOLE-- [fill = 0]
                  0000675e    00000002     maclib_nosecure_cc13x2.a : mac_radio_tx.obj (.text:macRadioTxCancelTxAck)
                  00006760    000001c4     drivers_cc13x2.aem4f : PINCC26XX.oem4f (.text:PIN_init)
                  00006924    000001c0     maclib_nosecure_cc13x2.a : mac_tx.obj (.text:macTxFrame)
                  00006ae4    00000004     dpl_cc13x2.aem4f : ClockP_tirtos.oem4f (.text:ClockP_setTimeout)
                  00006ae8    000001bf     csf.obj (.text:Csf_init)
                  00006ca7    00000001     --HOLE-- [fill = 0]
                  00006ca8    000001bc     maclib_nosecure_cc13x2.a : mac.obj (.text:macSendReceiveCmdIeee)
                  00006e64    00000004     dpl_cc13x2.aem4f : ClockP_tirtos.oem4f (.text:ClockP_start)
                  00006e68    000001b4     collector.obj (.text:dataCnfCB)
                  0000701c    000001b4     maclib_nosecure_cc13x2.a : mac_radio_tx.obj (.text:macRadioTxGoIeee)
                  000071d0    000001b4                              : mac_hl_patch.obj (.text:macRxBeaconCritical)
                  00007384    00000004     dpl_cc13x2.aem4f : ClockP_tirtos.oem4f (.text:ClockP_stop)
                  00007388    000001ac     nvocmp.obj (.text:NVOCMP_initNvApi)
                  00007534    00000004     maclib_nosecure_cc13x2.a : fh_ie_patch.obj (.text:FHIEPATCH_extractHie)
                  00007538    000001a6     csf.obj (.text:Csf_processEvents)
                  000076de    00000002     maclib_nosecure_cc13x2.a : mac_rx.obj (.text:macRxRadioPowerUpInit)
                  000076e0    000001a4                              : mac_hl_patch.obj (.text:macWrapperDeleteKeyAndAssociatedDevices)
                  00007884    00000198     drivers_cc13x2.aem4f : PowerCC26X2.oem4f (.text:Power_sleep)
                  00007a1c    00000198     rf_multiMode_cc13x2.aem4f : RFCC26X2_multiMode.c.cc13x2.ccs.o (.text:RF_dispatchNextCmd)
                  00007bb4    00000198     maclib_nosecure_cc13x2.a : mac_radio_tx.obj (.text:macRadioTxAck)
                  00007d4c    00000198                              : mac_tx.obj (.text:txCsmaDelay)
                  00007ee4    00000004                              : fh_ie_patch.obj (.text:FHIEPATCH_extractPie)
                  00007ee8    00000197     csf.obj (.text:Csf_deviceSensorDeviceTypeResponseUpdate)
                  0000807f    00000001     --HOLE-- [fill = 0]
                  00008080    00000194     nvocmp.obj (.text:NVOCMP_cleanPage)
                  00008214    00000194     drivers_cc13x2.aem4f : PowerCC26X2.oem4f (.text:Power_init)
                  000083a8    00000190                          : PowerCC26X2_calibrateRCOSC.oem4f (.text:calibrateRcoscHf1)
                  00008538    00000190     maclib_nosecure_cc13x2.a : mac_radio_tx.obj (.text:macRadioLbtTxCb)
                  000086c8    0000018c     drivers_cc13x2.aem4f : PowerCC26X2_calibrateRCOSC.oem4f (.text:runCalibrateFsm)
                  00008854    00000186                          : Button.oem4f (.text:Button_clockTimeoutHandler)
                  000089da    00000006     rf_multiMode_cc13x2.aem4f : RFCC26X2_multiMode.c.cc13x2.ccs.o (.text:RF_runDirectCmd)
                  000089e0    00000186     cui.obj (.text:CUI_handleMenuList)
                  00008b66    00000002     rtsv7M4_T_le_v4SPD16_eabi.lib : div0.asm.obj (.text)
                  00008b68    00000184     cui.obj (.text:CUI_handleMenuIntercept)
                  00008cec    00000004     maclib_nosecure_cc13x2.a : fh_ie_patch.obj (.text:FHIEPATCH_genHie)
                  00008cf0    00000174     collector.obj (.text:generateConfigRequests)
                  00008e64    00000174     maclib_nosecure_cc13x2.a : mac_hl_patch.obj (.text:macWrapperDeleteAllDevices)
                  00008fd8    00000170     macTask.obj (.text:MAC_CbackEvent)
                  00009148    00000164     drivers_cc13x2.aem4f : UARTCC26XX.oem4f (.text:UARTCC26XX_open)
                  000092ac    00000004     maclib_nosecure_cc13x2.a : fh_ie_patch.obj (.text:FHIEPATCH_genPieContent)
                  000092b0    00000160     osal_port.obj (.text:OsalPort_heapInit)
                  00009410    0000015c     maclib_nosecure_cc13x2.a : mac.obj (.text:macSendReceiveCmdSubG)
                  0000956c    00000004                              : fh_ie_patch.obj (.text:FHIEPATCH_getHieLen)
                  00009570    00000157     csf.obj (.text:Csf_deviceSensorDataUpdate)
                  000096c7    00000001     --HOLE-- [fill = 0]
                  000096c8    00000156     osal_port.obj (.text:OsalPort_heapMalloc)
                  0000981e    00000002     app_pem4f.oem4f (.text:ti_sysbios_BIOS_nullFunc__I)
                  00009820    00000154     drivers_cc13x2.aem4f : UARTCC26XX.oem4f (.text:UARTCC26XX_hwiIntFxn)
                  00009974    00000148     rf_multiMode_cc13x2.aem4f : RFCC26X2_multiMode.c.cc13x2.ccs.o (.text:RF_fsmSetupState)
                  00009abc    00000140                               : RFCC26X2_multiMode.c.cc13x2.ccs.o (.text:RF_close)
                  00009bfc    0000013c                               : RFCC26X2_multiMode.c.cc13x2.ccs.o (.text:RF_ratSetupChannel)
                  00009d38    0000013a     cui.obj (.text:CUI_clientOpen)
                  00009e72    0000013a     drivers_cc13x2.aem4f : UARTCC26XX.oem4f (.text:UARTCC26XX_read)
                  00009fac    00000138                          : NVSCC26XX.oem4f (.text:NVSCC26XX_write)
                  0000a0e4    00000134     rf_multiMode_cc13x2.aem4f : RFCC26X2_multiMode.c.cc13x2.ccs.o (.text:RF_abortCmd)
                  0000a218    00000134     maclib_nosecure_cc13x2.a : mac_radio.obj (.text:macRadioInitIeee)
                  0000a34c    00000004                              : fh_ie_patch.obj (.text:FHIEPATCH_getPieContentLen)
                  0000a350    00000130     cui.obj (.text:CUI_menuActionHelp)
                  0000a480    00000130     rtsv7M4_T_le_v4SPD16_eabi.lib : strtol.c.obj (.text:strtol)
                  0000a5b0    00000120     drivers_cc13x2.aem4f : PowerCC26X2.oem4f (.text:configureXOSCHF)
                  0000a6d0    0000011e     nvocmp.obj (.text:NVOCMP_readHeader)
                  0000a7ee    00000002     rom_sysbios.aem4f : rom_sysbios.obj (.text:ti_sysbios_heaps_HeapCallback_defaultDelete)
                  0000a7f0    0000011c     collector.obj (.text:Collector_sendConfigRequest)
                  0000a90c    0000011c     rf_multiMode_cc13x2.aem4f : RFCC26X2_multiMode.c.cc13x2.ccs.o (.text:RF_radioOpDoneCb)
                  0000aa28    0000011a     nvocmp.obj (.text:NVOCMP_erase)
                  0000ab42    00000002     rom_sysbios.aem4f : rom_sysbios.obj (.text:xdc_runtime_SysCallback_defaultAbort)
                  0000ab44    00000118     maclib_nosecure_cc13x2.a : mac_hl_patch.obj (.text:macScanNextChan)
                  0000ac5c    00000114                              : mac.obj (.text:macSetupRATChanCompare)
                  0000ad70    00000112     rf_multiMode_cc13x2.aem4f : RFCC26X2_multiMode.c.cc13x2.ccs.o (.text:RF_decodeOverridePointers)
                  0000ae82    00000002     rom_sysbios.aem4f : rom_sysbios.obj (.text:xdc_runtime_SysCallback_defaultExit)
                  0000ae84    00000110     drivers_cc13x2.aem4f : GPIOCC26XX.oem4f (.text:GPIO_setConfig)
                  0000af94    00000110                          : LED.oem4f (.text:LED_open)
                  0000b0a4    00000110     rf_multiMode_cc13x2.aem4f : RFCC26X2_multiMode.c.cc13x2.ccs.o (.text:RF_initRadioSetup)
                  0000b1b4    00000004     maclib_nosecure_cc13x2.a : fh_ie_patch.obj (.text:FHIEPATCH_parseHie)
                  0000b1b8    00000110     cllc.obj (.text:assocIndCb)
                  0000b2c8    0000010f     csf.obj (.text:Csf_deviceUpdate)
                  0000b3d7    00000001     --HOLE-- [fill = 0]
                  0000b3d8    0000010e     osal_port.obj (.text:OsalPort_pwrmgrTaskState)
                  0000b4e6    00000002     rom_sysbios.aem4f : rom_sysbios.obj (.text:xdc_runtime_SysCallback_defaultFlush)
                  0000b4e8    0000010a     nvocmp.obj (.text:NVOCMP_getDstPage)
                  0000b5f2    00000106     app_pem4f.oem4f (.text:xdc_runtime_System_printfExtend__I)
                  0000b6f8    00000104     nvocmp.obj (.text:NVOCMP_updateItemApi)
                  0000b7fc    00000104     rf_multiMode_cc13x2.aem4f : RFCC26X2_multiMode.c.cc13x2.ccs.o (.text:RF_hwiCpe0Active)
                  0000b900    000000fc     driverlib.lib : sys_ctrl.obj (.text:NOROM_SysCtrlStandby)
                  0000b9fc    00000004     maclib_nosecure_cc13x2.a : fh_ie_patch.obj (.text:FHIEPATCH_parsePie)
                  0000ba00    000000fc     nvocmp.obj (.text:NVOCMP_addItem)
                  0000bafc    00000004     dpl_cc13x2.aem4f : HwiP_tirtos.oem4f (.text:HwiP_destruct)
                  0000bb00    000000fc     macTask.obj (.text:macTaskInit)
                  0000bbfc    000000f8     drivers_cc13x2.aem4f : PINCC26XX.oem4f (.text:PINCC26XX_setIoCfg)
                  0000bcf4    000000f8     maclib_nosecure_cc13x2.a : mac_radio_tx.obj (.text:macRadioTxPrepCsmaSlottedSubG)
                  0000bdec    000000f8                              : mac_rx.obj (.text:macRxInit)
                  0000bee4    00000004     dpl_cc13x2.aem4f : HwiP_tirtos.oem4f (.text:HwiP_disable)
                  0000bee8    000000f4     cllc.obj (.text:Cllc_restoreNetwork)
                  0000bfdc    00000004     dpl_cc13x2.aem4f : HwiP_tirtos.oem4f (.text:HwiP_enableInterrupt)
                  0000bfe0    000000f0     collector.obj (.text:Collector_process)
                  0000c0d0    000000f0     rf_multiMode_cc13x2.aem4f : RFCC26X2_multiMode.c.cc13x2.ccs.o (.text:RF_fsmPowerUpState)
                  0000c1c0    000000f0     cui.obj (.text:UartWriteCallback)
                  0000c2b0    000000ec     api_mac.obj (.text:ApiMac_init)
                  0000c39c    00000004     dpl_cc13x2.aem4f : HwiP_tirtos.oem4f (.text:HwiP_post)
                  0000c3a0    000000ec     cllc.obj (.text:Cllc_init)
                  0000c48c    00000004     dpl_cc13x2.aem4f : HwiP_tirtos.oem4f (.text:HwiP_setPriority)
                  0000c490    000000ec     api_mac.obj (.text:processBeaconNotifyInd)
                  0000c57c    00000004     rf_multiMode_cc13x2.aem4f : rfc.c.cc13x2.ccs.o (.text:NOROM_RFCOverrideUpdate)
                  0000c580    000000ea     cllc.obj (.text:processState)
                  0000c66a    00000002     rom_sysbios.aem4f : rom_sysbios.obj (.text:xdc_runtime_SysCallback_defaultPutch)
                  0000c66c    000000e8     drivers_cc13x2.aem4f : Button.oem4f (.text:Button_open)
                  0000c754    00000004     rf_multiMode_cc13x2.aem4f : RFCC26X2_multiMode.c.cc13x2.ccs.o (.text:RF_defaultConflictPolicy)
                  0000c758    000000e8     osal_port.obj (.text:OsalPort_registerTask)
                  0000c840    000000e8     maclib_nosecure_cc13x2.a : mac_radio.obj (.text:macRadioPowerUp)
                  0000c928    000000e8                              : mac.obj (.text:macSendFsCmd)
                  0000ca10    000000e4     nvocmp.obj (.text:NVOCMP_writeItemApi)
                  0000caf4    000000e4     maclib_nosecure_cc13x2.a : mac_hl_patch.obj (.text:macEdScanISR)
                  0000cbd8    000000e4                              : mac_tx.obj (.text:txCsmaPrep)
                  0000ccbc    00000004     dpl_cc13x2.aem4f : SemaphoreP_tirtos.oem4f (.text:SemaphoreP_destruct)
                  0000ccc0    000000e0     nvocmp.obj (.text:NVOCMP_createItemApi)
                  0000cda0    000000e0     drivers_cc13x2.aem4f : UARTCC26XX.oem4f (.text:UARTCC26XX_write)
                  0000ce80    000000de     nvocmp.obj (.text:NVOCMP_deleteItemApi)
                  0000cf5e    00000002     --HOLE-- [fill = 0]
                  0000cf60    000000de     nvocmp.obj (.text:NVOCMP_readContItemApi)
                  0000d03e    00000002     --HOLE-- [fill = 0]
                  0000d040    000000dc     csf.obj (.text:Csf_clearAllNVItems)
                  0000d11c    000000dc     maclib_nosecure_cc13x2.a : mac_symbol_timer.obj (.text:macSymbolTimerUpdateWakeup)
                  0000d1f8    000000d8     rf_multiMode_cc13x2.aem4f : RFCC26X2_multiMode.c.cc13x2.ccs.o (.text:RF_control)
                  0000d2d0    000000d8     maclib_nosecure_cc13x2.a : mac_tx.obj (.text:macTxChannelBusyCallback)
                  0000d3a8    000000d4     rf_multiMode_cc13x2.aem4f : RFCC26X2_multiMode.c.cc13x2.ccs.o (.text:RF_pendCmd)
                  0000d47c    000000d2                               : RFCC26X2_multiMode.c.cc13x2.ccs.o (.text:RF_updatePaConfiguration)
                  0000d54e    00000002     --HOLE-- [fill = 0]
                  0000d550    000000d0                               : RFCC26X2_multiMode.c.cc13x2.ccs.o (.text:RF_swiHw)
                  0000d620    000000d0     api_mac.obj (.text:copyDataInd)
                  0000d6f0    000000d0     maclib_nosecure_cc13x2.a : mac_hl_patch.obj (.text:macApiStartReq)
                  0000d7c0    000000d0                              : mac_tx.obj (.text:macTxRequestCsmaDelay)
                  0000d890    000000d0     collector.obj (.text:processConfigResponse)
                  0000d960    000000cc     cui.obj (.text:CUI_menuActionExecute)
                  0000da2c    00000004     dpl_cc13x2.aem4f : SemaphoreP_tirtos.oem4f (.text:SemaphoreP_post)
                  0000da30    000000cc     nvocmp.obj (.text:NVOCMP_findSignature)
                  0000dafc    00000004     dpl_cc13x2.aem4f : SwiP_tirtos.oem4f (.text:SwiP_destruct)
                  0000db00    000000cc     osal_port.obj (.text:OsalPort_setEvent)
                  0000dbcc    000000cc     maclib_nosecure_cc13x2.a : mac_timer.obj (.text:macSymbolTimerTriggerCallback)
                  0000dc98    000000c8     csf.obj (.text:Csf_getDevice)
                  0000dd60    000000c8     drivers_cc13x2.aem4f : PowerCC26X2.oem4f (.text:Power_releaseDependency)
                  0000de28    000000c6     nvocmp.obj (.text:NVOCMP_readItem)
                  0000deee    00000002     --HOLE-- [fill = 0]
                  0000def0    000000c4     drivers_cc13x2.aem4f : GPIOCC26XX.oem4f (.text:GPIO_init)
                  0000dfb4    000000c4     maclib_nosecure_cc13x2.a : mac_autopend.obj (.text:MAC_SrcMatchAddEntry)
                  0000e078    000000c4     drivers_cc13x2.aem4f : PowerCC26X2.oem4f (.text:Power_setDependency)
                  0000e13c    00000004     dpl_cc13x2.aem4f : SwiP_tirtos.oem4f (.text:SwiP_disable)
                  0000e140    000000c2     csf.obj (.text:Csf_getDeviceItem)
                  0000e202    00000006     rf_multiMode_cc13x2.aem4f : RFCC26X2_multiMode.c.cc13x2.ccs.o (.text:RF_runImmediateCmd)
                  0000e208    000000c0     osal_port.obj (.text:HEAPMGR_GETLARGESTFREEBUF)
                  0000e2c8    000000c0     osal_port.obj (.text:OsalPort_clearEvent)
                  0000e388    000000c0     drivers_cc13x2.aem4f : UARTCC26XX.oem4f (.text:UARTCC26XX_initIO)
                  0000e448    000000c0     csf.obj (.text:addDeviceListItem)
                  0000e508    000000c0     maclib_nosecure_cc13x2.a : mac.obj (.text:macGetRFCmdDuration)
                  0000e5c8    000000c0                              : mac.obj (.text:macSetupReceiveCmd)
                  0000e688    000000c0     cllc.obj (.text:maintainAssocTable)
                  0000e748    000000be     nvocmp.obj (.text:NVOCMP_checkItem)
                  0000e806    00000002     --HOLE-- [fill = 0]
                  0000e808    000000bc     nvocmp.obj (.text:NVOCMP_doNVCRC)
                  0000e8c4    00000004     dpl_cc13x2.aem4f : SwiP_tirtos.oem4f (.text:SwiP_getTrigger)
                  0000e8c8    000000bc     collector.obj (.text:dataIndCB)
                  0000e984    000000bc     maclib_nosecure_cc13x2.a : mac_radio_tx.obj (.text:macRadioTxAckCb)
                  0000ea40    000000bc                              : mac_hl_patch.obj (.text:macScanRxCoordRealign)
                  0000eafc    00000004     dpl_cc13x2.aem4f : SwiP_tirtos.oem4f (.text:SwiP_or)
                  0000eb00    000000ba     nvocmp.obj (.text:NVOCMP_readItemApi)
                  0000ebba    00000006     drivers_cc13x2.aem4f : UARTCC26XX.oem4f (.text:UARTCC26XX_readPolling)
                  0000ebc0    000000b8     csf.obj (.text:Csf_getDeviceExtAdd)
                  0000ec78    000000b8     drivers_cc13x2.aem4f : UARTCC26XX.oem4f (.text:UARTCC26XX_initHw)
                  0000ed30    000000b6     osal_port.obj (.text:OsalPort_msgReceive)
                  0000ede6    00000002     --HOLE-- [fill = 0]
                  0000ede8    000000b4     nvocmp.obj (.text:NVOCMP_findOffset)
                  0000ee9c    00000004     dpl_cc13x2.aem4f : SwiP_tirtos.oem4f (.text:SwiP_setPriority)
                  0000eea0    000000b4     osal_port.obj (.text:OsalPort_setTimer)
                  0000ef54    000000b4     dpl_cc13x2.aem4f : PowerCC26X2_tirtos.oem4f (.text:PowerCC26XX_standbyPolicy)
                  0000f008    000000b4     drivers_cc13x2.aem4f : TRNGCC26XX.oem4f (.text:TRNG_generateEntropy)
                  0000f0bc    00000004                          : PowerCC26X2.oem4f (.text:configureRFCoreClocks)
                  0000f0c0    000000b4     collector.obj (.text:sendMsg)
                  0000f174    00000004     maclib_nosecure_cc13x2.a : mac_hl_patch.obj (.text:macBlacklistChecking)
                  0000f178    000000b2     nvocmp.obj (.text:NVOCMP_copyItem)
                  0000f22a    00000006     drivers_cc13x2.aem4f : UARTCC26XX.oem4f (.text:UARTCC26XX_writePolling)
                  0000f230    000000b0     csf.obj (.text:Csf_sendDisassociateMsg)
                  0000f2e0    000000b0     maclib_nosecure_cc13x2.a : mac_hl_patch.obj (.text:macApiBeaconStartReq)
                  0000f390    000000ae     api_mac.obj (.text:convertTxOptions)
                  0000f43e    00000002     --HOLE-- [fill = 0]
                  0000f440    000000ac     nvocmp.obj (.text:NVOCMP_setPageState)
                  0000f4ec    000000ac     drivers_cc13x2.aem4f : PINCC26XX.oem4f (.text:PIN_open)
                  0000f598    000000ac     driverlib.lib : setup.obj (.text:TrimAfterColdResetWakeupFromShutDown)
                  0000f644    000000ac     maclib_nosecure_cc13x2.a : mac_symbol_timer.obj (.text:macSymbolTimerInit)
                  0000f6f0    000000aa     osal_port.obj (.text:OsalPort_msgSend)
                  0000f79a    00000006     drivers_cc13x2.aem4f : PowerCC26X2.oem4f (.text:delayUs)
                  0000f7a0    000000a8     csf.obj (.text:Csf_getFrameCounter)
                  0000f848    000000a8     maclib_nosecure_cc13x2.a : mac_hl_patch.obj (.text:macTrackTimeoutCallback)
                  0000f8f0    000000a8                              : mac_tx.obj (.text:txComplete)
                  0000f998    000000a6     osal_port.obj (.text:OsalPort_buildUint32)
                  0000fa3e    00000002     --HOLE-- [fill = 0]
                  0000fa40    000000a4     rf_multiMode_cc13x2.aem4f : RFCC26X2_multiMode.c.cc13x2.ccs.o (.text:RF_ratRestartChannels)
                  0000fae4    00000004     maclib_nosecure_cc13x2.a : mac_hl_patch.obj (.text:macCcmStarInverseTransform)
                  0000fae8    000000a4     collector.obj (.text:getMsduHandle)
                  0000fb8c    000000a4     maclib_nosecure_cc13x2.a : mac_radio_tx.obj (.text:macRadioTxEnhAckCb)
                  0000fc30    000000a2     collector.obj (.text:Collector_init)
                  0000fcd2    00000006     maclib_nosecure_cc13x2.a : mac_radio_tx.obj (.text:macRadioTxGoGreenPower)
                  0000fcd8    000000a0     cui.obj (.text:CUI_menuActionNavigate)
                  0000fd78    000000a0     rf_multiMode_cc13x2.aem4f : RFCC26X2_multiMode.c.cc13x2.ccs.o (.text:RF_requestAccess)
                  0000fe18    000000a0     auto_init.aem4f : auto_init.oem4f (.text)
                  0000feb8    000000a0     maclib_nosecure_cc13x2.a : mac_radio_tx.obj (.text:macRadioSendImmAck)
                  0000ff58    000000a0     rom_sysbios.aem4f : rom_sysbios.obj (.text:ti_sysbios_knl_Task_setPri__E)
                  0000fff8    0000009c     maclib_nosecure_cc13x2.a : mac_radio_tx.obj (.text:macRadioTxPrepLbt)
                  00010094    0000009c     rtsv7M4_T_le_v4SPD16_eabi.lib : memcpy_t2.asm.obj (.text)
                  00010130    0000009a     csf.obj (.text:Csf_updateFrameCounter)
                  000101ca    00000002     --HOLE-- [fill = 0]
                  000101cc    00000098     driverlib.lib : setup.obj (.text:NOROM_SetupTrimDevice)
                  00010264    00000098     rf_multiMode_cc13x2.aem4f : RFCC26X2_multiMode.c.cc13x2.ccs.o (.text:RF_calculateDispatchTime)
                  000102fc    00000098     maclib_nosecure_cc13x2.a : mac_radio.obj (.text:macRadioStartScan)
                  00010394    00000098                              : mac_radio.obj (.text:macRadioUpdateChannel)
                  0001042c    00000098                              : mac_radio.obj (.text:macRadioUpdateChannelRx)
                  000104c4    00000098                              : mac_tx.obj (.text:macTxStartQueuedFrame)
                  0001055c    00000098     drivers_cc13x2.aem4f : UARTCC26XX.oem4f (.text:writeTxFifoFlush)
                  000105f4    00000004     maclib_nosecure_cc13x2.a : mac_hl_patch.obj (.text:macCcmStarTransform)
                  000105f8    00000096     cllc.obj (.text:Cllc_removeDevice)
                  0001068e    00000002     --HOLE-- [fill = 0]
                  00010690    00000096     macTask.obj (.text:macApp)
                  00010726    00000096     rtsv7M4_T_le_v4SPD16_eabi.lib : ull_div_t2.asm.obj (.text)
                  000107bc    00000004     maclib_nosecure_cc13x2.a : mac_hl_patch.obj (.text:macDeviceDescriptorLookup)
                  000107c0    00000096     csf.obj (.text:uintToString)
                  00010856    00000002     --HOLE-- [fill = 0]
                  00010858    00000094     nvocmp.obj (.text:NVOCMP_loadApiPtrs)
                  000108ec    00000004     maclib_nosecure_cc13x2.a : mac_hl_patch.obj (.text:macIncomingFrameSecurity)
                  000108f0    00000094     nvocmp.obj (.text:NVOCMP_setItemInactive)
                  00010984    00000094     rf_multiMode_cc13x2.aem4f : RFCC26X2_multiMode.c.cc13x2.ccs.o (.text:RF_getInfo)
                  00010a18    00000094     drivers_cc13x2.aem4f : TRNGCC26XX.oem4f (.text:TRNGCC26XX_hwiFxn)
                  00010aac    00000094     maclib_nosecure_cc13x2.a : mac_radio_tx.obj (.text:macRadioTxPrepSlotted)
                  00010b40    00000094                              : mac_timer.obj (.text:macTimerUpdateSymbolTimer)
                  00010bd4    00000094                              : mac_hl_patch.obj (.text:macTrackStartCallback)
                  00010c68    00000092     osal_port.obj (.text:OsalPort_heapFree)
                  00010cfa    00000092     drivers_cc13x2.aem4f : UARTCC26XX.oem4f (.text:UARTCC26XX_writeCancel)
                  00010d8c    00000004     maclib_nosecure_cc13x2.a : mac_hl_patch.obj (.text:macIncomingFrameSecurityMaterialRetrieval)
                  00010d90    00000092     collector.obj (.text:findDevice)
                  00010e22    00000006     maclib_nosecure_cc13x2.a : mac_radio_tx.obj (.text:macRadioTxGoSlotted)
                  00010e28    00000092     csf.obj (.text:getTheFirstDevice)
                  00010eba    00000006     rom_sysbios.aem4f : rom_sysbios.obj (.text:ti_sysbios_family_arm_m3_Hwi_setFunc__E)
                  00010ec0    00000090     osal_port.obj (.text:OsalPort_waitEvent)
                  00010f50    00000090     rf_multiMode_cc13x2.aem4f : RFCC26X2_multiMode.c.cc13x2.ccs.o (.text:RF_discardPendCmd)
                  00010fe0    00000090     cllc.obj (.text:findBestChannel)
                  00011070    00000090     maclib_nosecure_cc13x2.a : mac_hl_patch.obj (.text:macCcmDecrypt)
                  00011100    00000090                              : mac_sleep.obj (.text:macSleep)
                  00011190    00000090                              : mac_autopend.obj (.text:macSrcMatchCheckSrcAddr)
                  00011220    0000008e     CC1312R1_LAUNCHXL_fxns.obj (.text:CC1312R1_LAUNCHXL_sendExtFlashByte)
                  000112ae    00000002     --HOLE-- [fill = 0]
                  000112b0    0000008e     nvocmp.obj (.text:NVOCMP_compactNvApi)
                  0001133e    00000002     --HOLE-- [fill = 0]
                  00011340    0000008e     cllc.obj (.text:sendStartReq)
                  000113ce    00000002     --HOLE-- [fill = 0]
                  000113d0    0000008c     csf.obj (.text:Csf_networkUpdate)
                  0001145c    0000008c     maclib_nosecure_cc13x2.a : mac_hl_patch.obj (.text:MAC_ResumeReq)
                  000114e8    0000008c                              : mac_hl_patch.obj (.text:macCcmEncrypt)
                  00011574    0000008c                              : mac_mcu.obj (.text:macMcuOverflowSetPeriod)
                  00011600    0000008c     rom_sysbios.aem4f : rom_sysbios.obj (.text:ti_sysbios_gates_GateMutexPri_enter__E)
                  0001168c    00000004     maclib_nosecure_cc13x2.a : mac_hl_patch.obj (.text:macIncomingKeyUsagePolicyChecking)
                  00011690    0000008a     cllc.obj (.text:Cllc_process)
                  0001171a    00000004     maclib_nosecure_cc13x2.a : mac_hl_patch.obj (.text:macIncomingSecurityLevelChecking)
                  0001171e    00000002     --HOLE-- [fill = 0]
                  00011720    0000008a     csf.obj (.text:Csf_removeDeviceListItem)
                  000117aa    00000004     maclib_nosecure_cc13x2.a : mac_hl_patch.obj (.text:macKeyDescriptorLookup)
                  000117ae    00000002     --HOLE-- [fill = 0]
                  000117b0    0000008a     nvocmp.obj (.text:NVOCMP_getItemLenApi)
                  0001183a    00000002     --HOLE-- [fill = 0]
                  0001183c    00000088     driverlib.lib : osc.obj (.text:NOROM_OSCHF_AttemptToSwitchToXosc)
                  000118c4    00000088     rf_multiMode_cc13x2.aem4f : RFCC26X2_multiMode.c.cc13x2.ccs.o (.text:RF_cmdDispatchTime)
                  0001194c    00000088                               : RFCC26X2_multiMode.c.cc13x2.ccs.o (.text:RF_getTxPower)
                  000119d4    00000088     drivers_cc13x2.aem4f : PowerCC26X2_calibrateRCOSC.oem4f (.text:calibrateRcoscHf2)
                  00011a5c    00000088                          : PowerCC26X2.oem4f (.text:disableLFClockQualifiers)
                  00011ae4    00000004     maclib_nosecure_cc13x2.a : mac_hl_patch.obj (.text:macOutgoingFrameKeyDescRetrieval)
                  00011ae8    00000088     csf.obj (.text:findDeviceListIndex)
                  00011b70    00000088     maclib_nosecure_cc13x2.a : mac_mcu.obj (.text:macMcuOverflowSetCompare)
                  00011bf8    00000088                              : mac_pwr.obj (.text:macPwrVote)
                  00011c80    00000088     drivers_cc13x2.aem4f : PowerCC26X2_calibrateRCOSC.oem4f (.text:updateSubSecInc)
                  00011d08    00000086     nvocmp.obj (.text:NVOCMP_write)
                  00011d8e    00000002     --HOLE-- [fill = 0]
                  00011d90    00000086     main.obj (.text:appTaskFxn)
                  00011e16    00000002     --HOLE-- [fill = 0]
                  00011e18    00000084     rf_multiMode_cc13x2.aem4f : RFCC26X2_multiMode.c.cc13x2.ccs.o (.text:RF_issueRadioFreeCb)
                  00011e9c    00000084                               : RFCC26X2_multiMode.c.cc13x2.ccs.o (.text:RF_verifyGap)
                  00011f20    00000084     drivers_cc13x2.aem4f : UARTCC26XX.oem4f (.text:UARTCC26XX_close)
                  00011fa4    00000004     maclib_nosecure_cc13x2.a : mac_hl_patch.obj (.text:macOutgoingFrameSecurity)
                  00011fa8    00000084     csf.obj (.text:getNumActiveDevices)
                  0001202c    00000084     maclib_nosecure_cc13x2.a : mac_rx_onoff.obj (.text:macRxOffRequest)
                  000120b0    00000084                              : mac_timer.obj (.text:macTimerSetRollover)
                  00012134    00000004                              : mac_hl_patch.obj (.text:macPibCheckByPatch)
                  00012138    00000082     collector.obj (.text:findDeviceStatusBit)
                  000121ba    00000004     maclib_nosecure_cc13x2.a : mac_radio.obj (.text:macRadioComputeLQI)
                  000121be    00000002     --HOLE-- [fill = 0]
                  000121c0    00000080     api_mac.obj (.text:ApiMac_convertCapabilityInfo)
                  00012240    00000080     drivers_cc13x2.aem4f : NVSCC26XX.oem4f (.text:NVSCC26XX_open)
                  000122c0    00000080     maclib_nosecure_cc13x2.a : mac_radio.obj (.text:macRadioWakeupCb)
                  00012340    00000080                              : mac.obj (.text:macSetTxPowerVal)
                  000123c0    00000080     rom_sysbios.aem4f : rom_sysbios.obj (.text:ti_sysbios_family_arm_cc26xx_Timer_start__E)
                  00012440    0000007c     rf_multiMode_cc13x2.aem4f : RFCC26X2_multiMode.c.cc13x2.ccs.o (.text:RF_ratFreeChannel)
                  000124bc    00000004     maclib_nosecure_cc13x2.a : mac_symbol_timer.obj (.text:macSymbolTimerPwrNotify)
                  000124c0    0000007a     main.obj (.text:main)
                  0001253a    00000004     maclib_nosecure_cc13x2.a : mac_hl_patch.obj (.text:macWrapperAddDevice)
                  0001253e    00000002     --HOLE-- [fill = 0]
                  00012540    0000007a     cllc.obj (.text:orphanIndCb)
                  000125ba    00000004     maclib_nosecure_cc13x2.a : mac_hl_patch.obj (.text:macWrapperAddKeyInitFCtr)
                  000125be    00000002     --HOLE-- [fill = 0]
                  000125c0    0000007a     api_mac.obj (.text:processScanCnf)
                  0001263a    0000007a     rtsv7M4_T_le_v4SPD16_eabi.lib : memset_t2.asm.obj (.text)
                  000126b4    00000078     maclib_nosecure_cc13x2.a : mac_autopend.obj (.text:MAC_SrcMatchEnable)
                  0001272c    00000004                              : mac_hl_patch.obj (.text:macWrapperDeleteDevice)
                  00012730    00000078     cllc.obj (.text:addToPANList)
                  000127a8    00000078     maclib_nosecure_cc13x2.a : mac_symbol_timer.obj (.text:macSymbolTimerPeriodIsr)
                  00012820    00000078                              : mac_timer.obj (.text:macTimerRealign)
                  00012898    00000077     cui.obj (.text:CUI_statusLineResourceRequest)
                  0001290f    00000001     --HOLE-- [fill = 0]
                  00012910    00000076     osal_port.obj (.text:OsalPort_msgEnqueueMax)
                  00012986    00000002     --HOLE-- [fill = 0]
                  00012988    00000074     drivers_cc13x2.aem4f : PowerCC26X2_calibrateRCOSC.oem4f (.text:PowerCC26X2_auxISR)
                  000129fc    00000074     rf_multiMode_cc13x2.aem4f : RFCC26X2_multiMode.c.cc13x2.ccs.o (.text:RF_yield)
                  00012a70    00000074     drivers_cc13x2.aem4f : TRNGCC26XX.oem4f (.text:TRNG_construct)
                  00012ae4    00000074     maclib_nosecure_cc13x2.a : mac_hl_patch.obj (.text:macAutoPoll)
                  00012b58    00000074     rom_sysbios.aem4f : rom_sysbios.obj (.text:ti_sysbios_gates_GateMutexPri_leave__E)
                  00012bcc    00000004     drivers_cc13x2.aem4f : PowerCC26X2.oem4f (.text:nopResourceHandler)
                  00012bd0    00000073     csf.obj (.text:Csf_IndicateOrphanReJoin)
                  00012c43    00000001     --HOLE-- [fill = 0]
                  00012c44    00000004     rom_sysbios.aem4f : rom_sysbios.obj (.text:ti_sysbios_gates_GateMutexPri_query__E)
                  00012c48    00000072     nvocmp.obj (.text:NVOCMP_verifyCRC)
                  00012cba    00000072     rf_multiMode_cc13x2.aem4f : RFCC26X2_multiMode.c.cc13x2.ccs.o (.text:RF_detachOverrides)
                  00012d2c    00000070                               : rfc.c.cc13x2.ccs.o (.text:NOROM_RFCAnaDivTxOverride)
                  00012d9c    00000070     drivers_cc13x2.aem4f : PINCC26XX.oem4f (.text:PIN_add)
                  00012e0c    00000070     rf_multiMode_cc13x2.aem4f : RFCC26X2_multiMode.c.cc13x2.ccs.o (.text:RF_hwiHw)
                  00012e7c    00000070                               : RFCC26X2_multiMode.c.cc13x2.ccs.o (.text:RF_ratDisableChannel)
                  00012eec    00000070     drivers_cc13x2.aem4f : Random.oem4f (.text:Random_seedAutomatic)
                  00012f5c    00000004     rom_sysbios.aem4f : rom_sysbios.obj (.text:ti_sysbios_heaps_HeapCallback_defaultCreate)
                  00012f60    00000070     api_mac.obj (.text:copyMacPanDescToApiMacPanDesc)
                  00012fd0    00000070     collector.obj (.text:processDataRetry)
                  00013040    00000070     csf.obj (.text:sendToggleAndUpdateUser)
                  000130b0    0000006f     csf.obj (.text:Csf_deviceDisassocUpdate)
                  0001311f    00000001     --HOLE-- [fill = 0]
                  00013120    0000006e     csf.obj (.text:Csf_stateChangeUpdate)
                  0001318e    0000006e     rf_multiMode_cc13x2.aem4f : RFCC26X2_multiMode.c.cc13x2.ccs.o (.text:RF_attachOverrides)
                  000131fc    0000006e                               : RFCC26X2_multiMode.c.cc13x2.ccs.o (.text:RF_howToSchedule)
                  0001326a    00000004     rom_sysbios.aem4f : rom_sysbios.obj (.text:ti_sysbios_knl_Clock_isActive__E)
                  0001326e    00000002     --HOLE-- [fill = 0]
                  00013270    0000006e     mac_user_config.obj (.text:rfSelect)
                  000132de    0000006e     rtsv7M4_T_le_v4SPD16_eabi.lib : ll_div_t2.asm.obj (.text)
                  0001334c    00000004     rom_sysbios.aem4f : rom_sysbios.obj (.text:ti_sysbios_knl_Task_getPri__E)
                  00013350    0000006e     collector.obj (.text:sendBroadcastMsg)
                  000133be    00000002     --HOLE-- [fill = 0]
                  000133c0    0000006d     rom_sysbios.aem4f : rom_sysbios.obj (.text:xdc_runtime_System_formatNum__I)
                  0001342d    00000003     --HOLE-- [fill = 0]
                  00013430    0000006c     rf_multiMode_cc13x2.aem4f : RFCC26X2_multiMode.c.cc13x2.ccs.o (.text:RF_getCurrentTime)
                  0001349c    0000006c     maclib_nosecure_cc13x2.a : mac_radio.obj (.text:macRadioPowerDown)
                  00013508    0000006c                              : mac_rx.obj (.text:macRxHaltCleanup)
                  00013574    0000006c                              : mac_rx_onoff.obj (.text:macRxOn)
                  000135e0    0000006c                              : mac_hl_patch.obj (.text:macTrackPeriodCallback)
                  0001364c    00000004     app_pem4f.oem4f (.text:xdc_runtime_Startup_reset__I)
                  00013650    0000006c     cllc.obj (.text:sendScanReq)
                  000136bc    00000004     rom_sysbios.aem4f : rom_sysbios.obj (.text:xdc_runtime_SysCallback_defaultReady)
                  000136c0    0000006a     nvocmp.obj (.text:NVOCMP_findDstPage)
                  0001372a    00000004     rom_sysbios.aem4f : rom_sysbios.obj (.text:xdc_runtime_System_snprintf_va__F)
                  0001372e    00000002     --HOLE-- [fill = 0]
                  00013730    0000006a     nvocmp.obj (.text:NVOCMP_findPage)
                  0001379a    00000006     --HOLE-- [fill = 0]
                  000137a0    0000006a     cui.obj (.text:UartReadCallback)
                  0001380a    00000006     --HOLE-- [fill = 0]
                  00013810    0000006a     cllc.obj (.text:scanCnfCb)
                  0001387a    00000002     --HOLE-- [fill = 0]
                  0001387c    00000068     driverlib.lib : osc.obj (.text:NOROM_OSCHF_SwitchToRcOscTurnOffXosc)
                  000138e4    00000068                   : sys_ctrl.obj (.text:NOROM_SysCtrlSetRechargeBeforePowerDown)
                  0001394c    00000068     rtsv7M4_T_le_v4SPD16_eabi.lib : copy_decompress_lzss.c.obj (.text:decompress:lzss:__TI_decompress_lzss)
                  000139b4    00000068     maclib_nosecure_cc13x2.a : mac_timer.obj (.text:macSymbolTimerRolloverCallback)
                  00013a1c    00000068                              : mac_timer.obj (.text:macTimerAddTimer)
                  00013a84    00000004     --HOLE-- [fill = 0]
                  00013a88    00000068     saddr.obj (.text:sAddrCmp)
                  00013af0    00000067     csf.obj (.text:Csf_deviceConfigUpdate)
                  00013b57    00000001     --HOLE-- [fill = 0]
                  00013b58    00000067     csf.obj (.text:formNwkAndUpdateUser)
                  00013bbf    00000001     --HOLE-- [fill = 0]
                  00013bc0    00000066     util_timer.obj (.text:Timer_construct)
                  00013c26    00000002     --HOLE-- [fill = 0]
                  00013c28    00000064     drivers_cc13x2.aem4f : Button.oem4f (.text:Button_gpioCallbackFxn)
                  00013c8c    00000004     --HOLE-- [fill = 0]
                  00013c90    00000064     osal_port.obj (.text:OsalPort_msgEnqueue)
                  00013cf4    00000064     rf_multiMode_cc13x2.aem4f : RFCC26X2_multiMode.c.cc13x2.ccs.o (.text:RF_dispatchNextEvent)
                  00013d58    00000064     drivers_cc13x2.aem4f : UARTCC26XX.oem4f (.text:UARTCC26XX_control)
                  00013dbc    00000064     maclib_nosecure_cc13x2.a : mac.obj (.text:macSetupFsCmd)
                  00013e20    00000064                              : mac_timer.obj (.text:macTimerGetNextTimer)
                  00013e84    00000004     --HOLE-- [fill = 0]
                  00013e88    00000062     api_mac.obj (.text:ApiMac_buildMsgCapInfo)
                  00013eea    00000062     drivers_cc13x2.aem4f : UARTCC26XX.oem4f (.text:UARTCC26XX_swiIntFxn)
                  00013f4c    00000060                          : GPIOCC26XX.oem4f (.text:GPIO_write)
                  00013fac    00000060     rf_multiMode_cc13x2.aem4f : RFCC26X2_multiMode.c.cc13x2.ccs.o (.text:RF_applyRfCorePatch)
                  0001400c    00000060     drivers_cc13x2.aem4f : TRNGCC26XX.oem4f (.text:TRNGCC26XX_startTrng)
                  0001406c    00000060     maclib_nosecure_cc13x2.a : mac.obj (.text:macFsCb)
                  000140cc    00000060                              : mac_mcu.obj (.text:macMcuInit)
                  0001412c    00000060                              : mac_radio_tx.obj (.text:macRadioTxBackoffBoundary)
                  0001418c    00000060                              : mac_radio_tx.obj (.text:macRadioTxGoLbt)
                  000141ec    00000060                              : mac_timer.obj (.text:macTimerCancel)
                  0001424c    00000004     --HOLE-- [fill = 0]
                  00014250    00000060     csf.obj (.text:moveCursorLeft)
                  000142b0    00000060     csf.obj (.text:moveCursorRight)
                  00014310    00000060     collector.obj (.text:sendTrackingRequest)
                  00014370    0000005e     csf.obj (.text:Csf_getNetworkInformation)
                  000143ce    00000002     --HOLE-- [fill = 0]
                  000143d0    0000005e     macTask.obj (.text:macInit)
                  0001442e    00000002     --HOLE-- [fill = 0]
[...]
20000104  xdcRomExternFuncPtr                                                
20000108  xdcRomStatePtr                                                     
2000010c  RAM_MAC_BASE_ADDR                                                  
20000120  PowerCC26X2_module                                                 
20000254  ROM_stateStruct                                                    
20000254  ti_sysbios_knl_Clock_Module__state__V                              
20000280  ti_sysbios_family_arm_cc26xx_TimestampProvider_Module__state__V    
20000284  xdc_runtime_Startup_Module__state__V                               
2000028c  xdc_runtime_Registry_Module__state__V                              
20000294  ti_sysbios_BIOS_Module__state__V                                   
200002b8  ti_sysbios_knl_Swi_Module__state__V                                
200002d4  ti_sysbios_knl_Task_Module__state__V                               
20000318  xdc_runtime_Memory_Module__state__V                                
2000031c  xdc_runtime_System_Module__state__V                                
20000324  ti_sysbios_family_arm_m3_Hwi_Module__state__V                      
20000358  ti_sysbios_family_arm_cc26xx_Timer_Module__state__V                
20000362  rxCmdHandle                                                        
20000364  fsCmdHandle                                                        
2000036c  lastPostCmd                                                        
20000370  macSfdDetectCback                                                  
20000374  pMacRadioConfig                                                    
20000378  macRfDrvTblPtr                                                     
20000388  macRxOutputSubG                                                    
20000394  macRxOutputIeee                                                    
200003a4  macFrmFilter                                                       
200003b4  macSrcShortAddrList                                                
200003d0  macSrcExtAddrList                                                  
20000400  macMRFSKGenPhyTable                                                
200004a0  fhObject                                                           
2000050c  txPowerTable_868_pa13                                              
20000570  appSubMenu                                                         
200005c8  Main_user1Cfg                                                      
2000061c  ti_sysbios_knl_Task_Object__table__V                               
20000668  Collector_macCallbacks                                             
200006f8  ti_sysbios_family_arm_cc26xx_Timer_Object__table__V                
20000748  macPhyTxPower                                                      
20000750  pRfMode                                                            
20000754  pRfPowerTable                                                      
20000758  pMaxPower                                                          
2000075c  RF_handle                                                          
20000760  RF_params                                                          
20000780  commissionSubMenu                                                  
200007c0  csfMainMenu                                                        
20000800  ti_sysbios_gates_GateMutex_Object__table__V                        
20000838  configureSubMenu                                                   
2000086c  macBeaconPayload                                                   
200008a0  pMacDataTx                                                         
200008a4  macDataTxIndirect                                                  
200008a8  macDataRequeueIndirect                                             
200008ac  macDataRxBeaconCritical                                            
200008b0  macDataTxBeaconComplete                                            
200008b4  macDataSetSched                                                    
200008b8  macDataCheckSched                                                  
200008bc  macDataCheckTxTime                                                 
200008c0  macDataBeaconRequeue                                               
200008c4  csmPhy                                                             
200008c8  macTimerRollover                                                   
200008cc  macTimerNewRollover                                                
200008d0  ti_sysbios_knl_Swi_Module_State_0_readyQ__A                        
20000900  ti_sysbios_knl_Swi_Object__table__V                                
20000930  ti_sysbios_knl_Task_Module_State_0_readyQ__A                       
2000097c  cuiMultiMenu                                                       
2000098c  macSpecUsecsPerSymbol                                              
20000990  macSymbolTimerRollover                                             
20000994  macPrevPeriodRatCount                                              
20000998  macSymbolTimerTrigger                                              
200009b4  pOverrides_2gfsk50kbps154g                                         
200009dc  macTxType                                                          
200009dd  macTxBe                                                            
200009de  macTxGpInterframeDelay                                             
200009df  txAckReq                                                           
200009e2  txSeqn                                                             
200009e4  numTx                                                              
200009e6  macTxCsmaBackoffDelay                                              
200009e8  macCsmaRtcTimerId                                                  
200009ec  macAckDbg                                                          
20000a00  macActionSet                                                       
20000a24  macSrcMatchIsAckAllPending                                         
20000a25  macSrcResIndex                                                     
20000a48  ti_sysbios_knl_Clock_Object__table__V                              
20000a68  xdc_runtime_Error_IgnoreBlock                                      
20000a88  Cllc_events                                                        
20000a8a  Cllc_devShortAddr                                                  
20000aa4  taskCnt                                                            
20000aa8  macTasksEvents                                                     
20000aac  heapmgrMemFreeTotal                                                
20000ab0  heapmgrMemFreeError                                                
20000abe  ti_sysbios_family_arm_m3_Hwi_Module_State_0_excActive__A           
20000ac0  ti_sysbios_family_arm_m3_Hwi_Object__table__V                      
20000ae4  Csf_keys                                                           
20000ae8  Csf_events                                                         
20000aea  savedCllcState                                                     
20000aeb  permitJoining                                                      
20000b04  txCmdHandle                                                        
20000b06  macRadioAckIeeeFrame                                               
20000b0c  pMacEnhancedAck                                                    
20000b10  macRadioAckFrame                                                   
20000b18  macStateTbl                                                        
20000b38  pMacCbackQueryRetransmit                                           
20000b3c  pMacCbackCheckPending                                              
20000b40  macUser0Cfg                                                        
20000b68  RF_cmdNop                                                          
20000b78  RF_cmdNopFg                                                        
20000b88  RF_prop_2gfsk50kbps154g                                            
20000b98  gpioCallbackFunctions                                              
20000ba8  gpioPinConfigs                                                     
20000bb8  macCfg                                                             
20000bc8  lastRatChanA                                                       
20000bc9  lastRatChanB                                                       
20000bca  macRxCmdActive                                                     
20000bcb  macTxCmdActive                                                     
20000bcc  macFsCmdActive                                                     
20000bce  macReqAccessCnt                                                    
20000bd0  macReqAccessTimeCnt                                                
20000bd1  reqAccessAlloc                                                     
20000bd2  macReqAccErrCnt                                                    
20000bd4  numRfCmd                                                           
20000bd5  numRxCmd                                                           
20000bd6  numRxPostCmd                                                       
20000bd7  macSleepState                                                      
20000be0  pClockHandleEDScan                                                 
20000bf0  ti_sysbios_heaps_HeapCallback_Object__table__V                     
20000c05  macTxSlottedDelayFactor                                            
20000c06  Main_assertReason                                                  
20000c08  _lock                                                              
20000c0c  _unlock                                                            
20000c10  appEvents                                                          
20000c18  Collector_events                                                   
20000c28  pinUpperBound                                                      
20000c2c  pinLowerBound                                                      
20000c40  ti_sysbios_family_arm_m3_Hwi_Module__root__V                       
20000c48  ti_sysbios_gates_GateHwi_Module__root__V                           
20000c50  ti_sysbios_gates_GateMutexPri_Module__root__V                      
20000c58  ti_sysbios_gates_GateMutex_Module__root__V                         
20000c60  ti_sysbios_hal_Hwi_Module__root__V                                 
20000c68  ti_sysbios_heaps_HeapCallback_Module__root__V                      
20000c70  ti_sysbios_heaps_HeapMem_Module__root__V                           
20000c78  ti_sysbios_knl_Clock_Module__root__V                               
20000c80  ti_sysbios_knl_Event_Module__root__V                               
20000c88  ti_sysbios_knl_Mailbox_Module__root__V                             
20000c90  ti_sysbios_knl_Queue_Module__root__V                               
20000c98  ti_sysbios_knl_Semaphore_Module__root__V                           
20000ca0  ti_sysbios_knl_Swi_Module__root__V                                 
20000ca8  ti_sysbios_knl_Task_Module__root__V                                
20000cd8  macTxSlottedDelay                                                  
20000cd9  bInSwi                                                             
20000cda  macSrcMatchIsEnabled                                               
20000cdb  macRadioYielded                                                    
20000ce4  errno                                                              
20000ce8  main_func_sp                                                       
20000cec  ti_sysbios_family_arm_m3_Hwi_Module_State_0_excContext__A          
20000cf0  ti_sysbios_family_arm_m3_Hwi_Module_State_0_excStack__A            
20000cf4  ti_sysbios_knl_Task_Module_State_0_idleTask__A                     
20001fb0  Cllc_associatedDevList                                             
20002408  ti_sysbios_knl_Task_Instance_State_0_stack__A                      
20002608  menuBuff                                                           
200027b0  taskTbl                                                            
20002918  uartCC26XXObjects                                                  
20002a48  enhancedAckBuf                                                     
20002b44  ti_sysbios_family_arm_m3_Hwi_dispatchTable                         
20002cd0  macPib                                                             
20002d58  LEDObjects                                                         
20002dd8  pinHandleTable                                                     
20002e54  macScan                                                            
20002ea8  ButtonObjects                                                      
20002ef8  appTask                                                            
20002f48  macTask                                                            
20002f98  cuiMultiMenuData                                                   
20002fe4  NVOCMP_nvHandle                                                    
2000306f  AppTaskId                                                          
200030ac  Collector_statistics                                               
200030e8  RF_cmdIEEERx                                                       
20003124  macBeaconCoord                                                     
20003160  macDeviceAction1                                                   
200031cc  macBeaconDevice                                                    
20003200  RF_cmdPropRadioDivSetup                                            
20003230  RF_cmdPropRxAdv                                                    
20003260  macCoord                                                           
2000328c  macDevice                                                          
200032b8  macRxFilter                                                        
200032b9  rxPromiscuousMode                                                  
200032bc  rxSeqNum                                                           
200032c4  macRxDataEntryOffset                                               
200032cc  rxRadioBufferPtr                                                   
200032d8  macRxDataEntryQueue                                                
200032e0  macMgmtAction1                                                     
20003484  RF_cmdIEEECsma                                                     
200034a4  RF_cmdPropTxAdv                                                    
200034c4  RF_cmdRadioSetup                                                   
200034e4  macBeacon                                                          
2000361c  RF_cmdPropCs                                                       
20003638  RF_cmdPropCsSlotted                                                
20003654  appSem                                                             
20003670  macCoordAction2                                                    
2000368c  macReset                                                           
200036a8  macSem                                                             
200036c4  RF_cmdFs                                                           
200036dc  RF_cmdIEEETx                                                       
200036f4  macScanAction                                                      
20003748  RF_cmdRxAckCmd                                                     
2000375c  macDeviceAction2                                                   
20003770  macMgmtAction2                                                     
20003796  NVOCMP_size                                                        
20003797  appTaskId                                                          
20003798  macBeaconDeviceAction                                              
200037a8  macCoordAction3                                                    
200037b8  macData                                                            
200037c8  macDataTxDelay                                                     
200037f2  driverlib_release_0_56804                                          
200037f3  gAction                                                            
20003824  macMain                                                            
20003839  macMgmt                                                            
2000383a  macPanCoordinator                                                  
2000383b  macPhyChannel                                                      
2000387c  ApiMac_extAddr                                                     
20003884  macBeaconCoordAction1                                              
2000388c  macCoordAction1                                                    
20003899  macPwr                                                             
2000389a  macRxActive                                                        
2000389b  macRxEnableFlags                                                   
200038a8  FH_test_var                                                        
200038ac  HEAPMGR_SIZE                                                       
200038b0  PowerCC26XX_swiKey                                                 
200038b4  PowerCC26XX_taskKey                                                
200038b8  collectorStatusLine                                                
200038bc  csfCuiHndl                                                         
200038c0  deviceStatusLine                                                   
200038c4  macRxSymbol                                                        
200038c8  macTimerActive                                                     
200038cc  macTxTimestamp                                                     
200038d0  numJoinDevStatusLine                                               
200038d4  nvsCC26XXObjects                                                   
200038d8  timerAlignedQ                                                      
200038dc  timerUnalignedQ                                                    
200038e0  macRxOutgoingAckFlag                                               
200038e1  macSymbolTimerImpending                                            
200038e2  macTaskId                                                          
200038e3  macTxActive                                                        
200038e4  macUnitBackoffPeriod                                               
200038e5  rxFhRsl                                                            
200038e6  heapStart                                                          
20013aa0  __stack                                                            
20013aa0  heapEnd                                                            
20014000  __STACK_END                                                        
20014000  __STACK_TOP                                                        
e000e000  ti_sysbios_family_arm_m3_Hwi_nvic                                  
ffffffff  __TI_pprof_out_hndl                                                
ffffffff  __TI_prof_data_size                                                
ffffffff  __TI_prof_data_start                                               
ffffffff  __binit__                                                          
ffffffff  __c_args__                                                         
ffffffff  binit                                                              
UNDEFED   PWM_config                                                         
UNDEFED   PWM_count                                                          
UNDEFED   SHT$$INIT_ARRAY$$Base                                              
UNDEFED   SHT$$INIT_ARRAY$$Limit                                             

[1928 symbols]
