******************************************************************************
                  TI ARM Linker Unix v20.2.1                   
******************************************************************************
>> Linked Thu Jul  2 10:44:08 2020

OUTPUT FILE NAME:   <collector_energia_ti_compiler.out>
ENTRY POINT SYMBOL: "ResetISR"  address: 0000aa15


MEMORY CONFIGURATION

         name            origin    length      used     unused   attr    fill
----------------------  --------  ---------  --------  --------  ----  --------
  FLASH                 00000000   0004e000  0000e6a8  0003f958  R  X
  FLASH_NV              0004e000   00008000  00000000  00008000  RW X
  FLASH_LAST            00056000   00002000  00002000  00000000  R  X
  SRAM                  20000000   00014000  00002fd0  00011030  RW X


SEGMENT ALLOCATION MAP

run origin  load origin   length   init length attrs members
----------  ----------- ---------- ----------- ----- -------
00000000    00000000    0000e6b0   0000e6b0    r-x
  00000000    00000000    0000003c   0000003c    r-- .resetVecs
  0000003c    0000003c    0000168c   0000168c    r-- .const
  000016c8    000016c8    000000cc   000000cc    r-- config_const
  00001798    00001798    0000cbd4   0000cbd4    r-x .text.1
  0000e370    0000e370    00000340   00000340    r-- .cinit
00056000    00056000    00002000   00002000    r-x
  00056000    00056000    00001fa8   00001fa8    r-x .text.2
  00057fa8    00057fa8    00000058   00000058    r-- .ccfg
20000100    20000100    0000299c   00000000    rw-
  20000100    20000100    00000004   00000000    rw- .data:xdcRomConstPtr
  20000104    20000104    00000004   00000000    rw- .data:xdcRomExternFuncPtr
  20000108    20000108    00000004   00000000    rw- .data:xdcRomStatePtr
  2000010c    2000010c    00000010   00000000    rw- .data:RAM_MAC_BASE_ADDR
  20000120    20000120    00000934   00000000    rw- .data
  20000a58    20000a58    00002044   00000000    rw- .bss
20013aa0    20013aa0    00000560   00000000    rw-
  20013aa0    20013aa0    00000560   00000000    rw- .stack


SECTION ALLOCATION MAP

 output                                  attributes/
section   page    origin      length       input sections
--------  ----  ----------  ----------   ----------------
.const     0    0000003c    0000168c     
                  0000003c    00000568     hmac_rom_init.obj (.const:HMAC_ROM_Flash_JT)
                  000005a4    000003b8     app_pem4f.oem4f (.const:ROM_constStruct)
                  0000095c    00000258     fh_rom_init.obj (.const:FH_ROM_Flash_JT)
                  00000bb4    00000154     rf_multiMode_cc13x2.aem4f : rf_patch_cpe_prop.c.cc13x2.ccs.o (.const:patchImageProp)
                  00000d08    000000f8     mac_cfg.obj (.const:macPibTbl)
                  00000e00    000000cc     lmac_rom_init.obj (.const:LMAC_ROM_Flash_JT)
                  00000ecc    00000088     mac_cfg.obj (.const:macPibDefaults)
                  00000f54    0000006e     maclib_nosecure_cc13x2.a : hmac_global.obj (.const:macAssociatingSt)
                  00000fc2    0000006e                              : hmac_global.obj (.const:macIdleSt)
                  00001030    0000006e                              : hmac_global.obj (.const:macPollingSt)
                  0000109e    0000006e                              : hmac_global.obj (.const:macScanningSt)
                  0000110c    0000006e                              : hmac_global.obj (.const:macStartingSt)
                  0000117a    00000001     app_pem4f.oem4f (.const:xdc_runtime_Text_charTab__A)
                  0000117b    00000001     --HOLE-- [fill = 0]
                  0000117c    0000006c     icall_osal_rom_init.obj (.const:ICALL_OSAL_ROM_Flash_JT)
                  000011e8    00000054     drivers_cc13x2.aem4f : PowerCC26X2.oem4f (.const:resourceDB)
                  0000123c    00000050     mac_cfg.obj (.const:macMRFSKStdPhyTable)
                  0000128c    0000004c     drivers_cc13x2.aem4f : Random.oem4f (.const:$P$T0$1)
                  000012d8    00000048     app_pem4f.oem4f (.const:.string)
                  00001320    00000048     app_pem4f.oem4f (.const:ROM_externFuncPtrs)
                  00001368    00000040     maclib_nosecure_cc13x2.a : hmac_global.obj (.const:macTimerRolloverValue)
                  000013a8    00000038                              : hmac_global.obj (.const:macCmdIncludeFHIe)
                  000013e0    00000030     ti_radio_config.obj (.const:RF_cmdPropRxAdv_2gfsk50kbps154g)
                  00001410    00000028     ti_radio_config.obj (.const:RF_cmdPropRadioDivSetup_2gfsk50kbps154g)
                  00001438    00000028     app_pem4f.oem4f (.const:ti_sysbios_heaps_HeapCallback_Module__FXNS__C)
                  00001460    00000028     app_pem4f.oem4f (.const:xdc_runtime_Startup_sfxnTab__A)
                  00001488    00000020     ti_radio_config.obj (.const:RF_cmdPropTxAdv_2gfsk50kbps154g)
                  000014a8    00000020     rf_multiMode_cc13x2.aem4f : RFCC26X2_multiMode.c.cc13x2.ccs.o (.const:RF_defaultParams)
                  000014c8    00000020     maclib_nosecure_cc13x2.a : mac_radio.obj (.const:activityObject)
                  000014e8    00000020     app_pem4f.oem4f (.const:ti_sysbios_heaps_HeapCallback_Object__DESC__C)
                  00001508    0000001c     ti_drivers_config.obj (.const:BoardGpioInitTable)
                  00001524    0000001c     ti_radio_config.obj (.const:RF_cmdPropCs_2gfsk50kbps154g)
                  00001540    0000001c     app_pem4f.oem4f (.const:ti_sysbios_heaps_HeapCallback_Object__PARAMS__C)
                  0000155c    00000018     ti_radio_config.obj (.const:RF_cmdFs_2gfsk50kbps154g)
                  00001574    00000018     maclib_nosecure_cc13x2.a : hmac_global.obj (.const:macSendMsgBufSize)
                  0000158c    00000014     CC1312R1_LAUNCHXL_fxns.obj (.const:$P$T1$2)
                  000015a0    00000014     ti_drivers_config.obj (.const:PowerCC26X2_config)
                  000015b4    00000014     app_pem4f.oem4f (.const:xdc_runtime_Startup_sfxnRts__A)
                  000015c8    00000013     macTask.obj (.const:.string:msacbackSizeTable)
                  000015db    00000001     --HOLE-- [fill = 0]
                  000015dc    00000010     drivers_cc13x2.aem4f : TRNG.oem4f (.const:TRNG_defaultParams)
                  000015ec    00000010     maclib_nosecure_cc13x2.a : hmac_global.obj (.const:macIEEEPhyTable)
                  000015fc    0000000e                              : hmac_global.obj (.const:.string:macCmdBufSize)
                  0000160a    0000000e                              : hmac_global.obj (.const:.string:macTxFrameFailed)
                  00001618    0000000e                              : hmac_global.obj (.const:.string:macTxFrameSuccess)
                  00001626    00000002     --HOLE-- [fill = 0]
                  00001628    0000000c     drivers_cc13x2.aem4f : Random.oem4f (.const:$P$T1$2)
                  00001634    0000000c     maclib_nosecure_cc13x2.a : hmac_global.obj (.const:.string:macCbackEventTbl)
                  00001640    0000000c                              : hmac_global.obj (.const:.string:macSendMsgDataSize)
                  0000164c    0000000c     ti_drivers_config.obj (.const:RFCC26XX_hwAttrs)
                  00001658    0000000c     app_pem4f.oem4f (.const:xdc_runtime_Startup_firstFxns__A)
                  00001664    00000009     maclib_nosecure_cc13x2.a : hmac_global.obj (.const:.string:macCmdLen)
                  0000166d    00000003     --HOLE-- [fill = 0]
                  00001670    00000008     driverlib.lib : aux_sysif.obj (.const:$O1$$)
                  00001678    00000008     maclib_nosecure_cc13x2.a : mac_rx.obj (.const:$O2$$)
                  00001680    00000008     CC1312R1_LAUNCHXL_fxns.obj (.const:$P$T0$1)
                  00001688    00000008     ti_drivers_config.obj (.const:PINCC26XX_hwAttrs)
                  00001690    00000008     rf_multiMode_cc13x2.aem4f : RFCC26X2_multiMode.c.cc13x2.ccs.o (.const:RFCC26XX_schedulerPolicy)
                  00001698    00000008     app_pem4f.oem4f (.const:ti_sysbios_family_arm_m3_Hwi_excHookFuncs__A)
                  000016a0    00000004     app_pem4f.oem4f (.const:ti_sysbios_heaps_HeapCallback_Object__count__C)
                  000016a4    00000004     app_pem4f.oem4f (.const:ti_sysbios_heaps_HeapCallback_allocInstFxn__C)
                  000016a8    00000004     app_pem4f.oem4f (.const:ti_sysbios_heaps_HeapCallback_createInstFxn__C)
                  000016ac    00000004     app_pem4f.oem4f (.const:ti_sysbios_heaps_HeapCallback_deleteInstFxn__C)
                  000016b0    00000004     app_pem4f.oem4f (.const:ti_sysbios_heaps_HeapCallback_freeInstFxn__C)
                  000016b4    00000004     app_pem4f.oem4f (.const:ti_sysbios_heaps_HeapCallback_getStatsInstFxn__C)
                  000016b8    00000004     app_pem4f.oem4f (.const:ti_sysbios_heaps_HeapCallback_initInstFxn__C)
                  000016bc    00000004     app_pem4f.oem4f (.const:ti_sysbios_heaps_HeapCallback_isBlockingInstFxn__C)
                  000016c0    00000004     app_pem4f.oem4f (.const:ti_sysbios_knl_Clock_tickPeriod__C)
                  000016c4    00000004     app_pem4f.oem4f (.const:ti_sysbios_knl_Idle_funcList__A)

config_const 
*          0    000016c8    000000cc     
                  000016c8    0000006c     mac_user_config.obj (.const:macRfDriverTable)
                  00001734    00000040     mac_user_config.obj (.const:macCryptoDriverTable)
                  00001774    00000020     mac_user_config.obj (.const:$P$T0$1)

.cinit     0    0000e370    00000340     
                  0000e370    000002d7     (.cinit..data.load) [load image, compression = lzss]
                  0000e647    00000001     --HOLE-- [fill = 0]
                  0000e648    0000000c     (__TI_handler_table)
                  0000e654    00000004     --HOLE-- [fill = 0]
                  0000e658    00000008     (.cinit..bss.load) [load image, compression = zero_init]
                  0000e660    00000008     (.cinit..data:RAM_MAC_BASE_ADDR.load) [load image, compression = zero_init]
                  0000e668    00000008     (.cinit..data:xdcRomConstPtr.load) [load image, compression = lzss]
                  0000e670    00000008     (.cinit..data:xdcRomExternFuncPtr.load) [load image, compression = lzss]
                  0000e678    00000008     (.cinit..data:xdcRomStatePtr.load) [load image, compression = lzss]
                  0000e680    00000030     (__TI_cinit_table)

.init_array 
*          0    00000000    00000000     UNINITIALIZED

.ccfg      0    00057fa8    00000058     
                  00057fa8    00000058     ti_devices_config.obj (.ccfg:retain)

.data:xdcRomConstPtr 
*          0    20000100    00000004     UNINITIALIZED
                  20000100    00000004     app_pem4f.oem4f (.data:xdcRomConstPtr)

.data:xdcRomExternFuncPtr 
*          0    20000104    00000004     UNINITIALIZED
                  20000104    00000004     app_pem4f.oem4f (.data:xdcRomExternFuncPtr)

.data:xdcRomStatePtr 
*          0    20000108    00000004     UNINITIALIZED
                  20000108    00000004     app_pem4f.oem4f (.data:xdcRomStatePtr)

.data      0    20000120    00000934     UNINITIALIZED
                  20000120    00000134     drivers_cc13x2.aem4f : PowerCC26X2.oem4f (.data:PowerCC26X2_module)
                  20000254    0000010c     app_pem4f.oem4f (.data:ROM_stateStruct)
                  20000360    000000a0     maclib_nosecure_cc13x2.a : mac.obj (.data:$O1$$)
                  20000400    000000a0     mac_cfg.obj (.data:macMRFSKGenPhyTable)
                  200004a0    0000006c     maclib_nosecure_cc13x2.a : hmac_global.obj (.data:fhObject)
                  2000050c    00000064     ti_radio_config.obj (.data:txPowerTable_868_pa13)
                  20000570    0000004c     app_pem4f.oem4f (.data:ti_sysbios_knl_Task_Object__table__V)
                  200005bc    00000048     collector.obj (.data:Collector_macCallbacks)
                  20000604    00000004     maclib_nosecure_cc13x2.a : mac_autopend.obj (.data:$O1$$)
                  20000608    00000048     app_pem4f.oem4f (.data:ti_sysbios_family_arm_cc26xx_Timer_Object__table__V)
                  20000650    00000040     maclib_nosecure_cc13x2.a : mac_radio.obj (.data:$O1$$)
                  20000690    00000038     app_pem4f.oem4f (.data:ti_sysbios_gates_GateMutex_Object__table__V)
                  200006c8    00000034     maclib_nosecure_cc13x2.a : hmac_global.obj (.data:macBeaconPayload)
                  200006fc    00000030                              : hmac_global.obj (.data)
                  2000072c    00000030     app_pem4f.oem4f (.data:ti_sysbios_knl_Swi_Module_State_0_readyQ__A)
                  2000075c    00000030     app_pem4f.oem4f (.data:ti_sysbios_knl_Swi_Object__table__V)
                  2000078c    00000030     app_pem4f.oem4f (.data:ti_sysbios_knl_Task_Module_State_0_readyQ__A)
                  200007bc    00000028     maclib_nosecure_cc13x2.a : mac_symbol_timer.obj (.data:$O1$$)
                  200007e4    00000028     ti_radio_config.obj (.data:pOverrides_2gfsk50kbps154g)
                  2000080c    00000024     maclib_nosecure_cc13x2.a : mac_tx.obj (.data:$O1$$)
                  20000830    00000024                              : hmac_global.obj (.data:macActionSet)
                  20000854    00000004                              : lmac_global.obj (.data)
                  20000858    00000020     drivers_cc13x2.aem4f : TRNGCC26XX.oem4f (.data:entropyPoolBuffer)
                  20000878    00000020     app_pem4f.oem4f (.data:ti_sysbios_knl_Clock_Object__table__V)
                  20000898    00000020     app_pem4f.oem4f (.data:xdc_runtime_Error_IgnoreBlock)
                  200008b8    0000001a     osal_port.obj (.data)
                  200008d2    00000002     collector.obj (.data)
                  200008d4    00000018     app_pem4f.oem4f (.data:ti_sysbios_family_arm_m3_Hwi_Object__table__V)
                  200008ec    00000014     maclib_nosecure_cc13x2.a : mac_radio_tx.obj (.data:$O1$$)
                  20000900    00000014                              : hmac_global.obj (.data:macStateTbl)
                  20000914    00000014     macTask.obj (.data)
                  20000928    00000014     main.obj (.data:macUser0Cfg)
                  2000093c    00000010     mac_settings.obj (.data:RF_cmdNop)
                  2000094c    00000010     mac_settings.obj (.data:RF_cmdNopFg)
                  2000095c    00000010     ti_radio_config.obj (.data:RF_prop_2gfsk50kbps154g)
                  2000096c    00000010     mac_cfg.obj (.data:macCfg)
                  2000097c    0000000f     maclib_nosecure_cc13x2.a : mac.obj (.data)
                  2000098b    00000001                              : mac_sleep.obj (.data)
                  2000098c    0000000c                              : mac_hl_patch.obj (.data:$O1$$)
                  20000998    0000000c     app_pem4f.oem4f (.data:ti_sysbios_heaps_HeapCallback_Object__table__V)
                  200009a4    00000008     rtsv7M4_T_le_v4SPD16_eabi.lib : _lock.c.obj (.data:$O1$$)
                  200009ac    00000008     api_mac.obj (.data)
                  200009b4    00000008     drivers_cc13x2.aem4f : PINCC26XX.oem4f (.data)
                  200009bc    00000008                          : TRNGCC26XX.oem4f (.data:jobList)
                  200009c4    00000008     osal_port_timers.obj (.data)
                  200009cc    00000008     app_pem4f.oem4f (.data:ti_sysbios_family_arm_m3_Hwi_Module__root__V)
                  200009d4    00000008     app_pem4f.oem4f (.data:ti_sysbios_gates_GateHwi_Module__root__V)
                  200009dc    00000008     app_pem4f.oem4f (.data:ti_sysbios_gates_GateMutex_Module__root__V)
                  200009e4    00000008     app_pem4f.oem4f (.data:ti_sysbios_hal_Hwi_Module__root__V)
                  200009ec    00000008     app_pem4f.oem4f (.data:ti_sysbios_heaps_HeapCallback_Module__root__V)
                  200009f4    00000008     app_pem4f.oem4f (.data:ti_sysbios_heaps_HeapMem_Module__root__V)
                  200009fc    00000008     app_pem4f.oem4f (.data:ti_sysbios_knl_Clock_Module__root__V)
                  20000a04    00000008     app_pem4f.oem4f (.data:ti_sysbios_knl_Event_Module__root__V)
                  20000a0c    00000008     app_pem4f.oem4f (.data:ti_sysbios_knl_Mailbox_Module__root__V)
                  20000a14    00000008     app_pem4f.oem4f (.data:ti_sysbios_knl_Queue_Module__root__V)
                  20000a1c    00000008     app_pem4f.oem4f (.data:ti_sysbios_knl_Semaphore_Module__root__V)
                  20000a24    00000008     app_pem4f.oem4f (.data:ti_sysbios_knl_Swi_Module__root__V)
                  20000a2c    00000008     app_pem4f.oem4f (.data:ti_sysbios_knl_Task_Module__root__V)
                  20000a34    00000005     drivers_cc13x2.aem4f : TemperatureCC26X2.oem4f (.data)
                  20000a39    00000002                          : TRNGCC26XX.oem4f (.data)
                  20000a3b    00000001     maclib_nosecure_cc13x2.a : mac_tx.obj (.data)
                  20000a3c    00000004                              : mac_mcu.obj (.data)
                  20000a40    00000004     rtsv7M4_T_le_v4SPD16_eabi.lib : stkdepth_vars.c.obj (.data)
                  20000a44    00000004     app_pem4f.oem4f (.data:ti_sysbios_family_arm_m3_Hwi_Module_State_0_excContext__A)
                  20000a48    00000004     app_pem4f.oem4f (.data:ti_sysbios_family_arm_m3_Hwi_Module_State_0_excStack__A)
                  20000a4c    00000004     app_pem4f.oem4f (.data:ti_sysbios_knl_Task_Module_State_0_idleTask__A)
                  20000a50    00000002     app_pem4f.oem4f (.data:ti_sysbios_family_arm_m3_Hwi_Module_State_0_excActive__A)
                  20000a52    00000001     main.obj (.data)
                  20000a53    00000001     rf_multiMode_cc13x2.aem4f : rf_patch_cpe_prop.c.cc13x2.ccs.o (.data)

.bss       0    20000a58    00002044     UNINITIALIZED
                  20000a58    00000800     macTask.obj (.bss:macTaskStack)
                  20001258    00000600     main.obj (.bss:appTaskStack)
                  20001858    000004b8     rf_multiMode_cc13x2.aem4f : RFCC26X2_multiMode.c.cc13x2.ccs.o (.bss:$O1$$)
                  20001d10    00000200     app_pem4f.oem4f (.bss:taskStackSection)
                  20001f10    00000168     (.common:taskTbl)
                  20002078    000000fc     (.common:enhancedAckBuf)
                  20002174    000000d8     (.common:ti_sysbios_family_arm_m3_Hwi_dispatchTable)
                  2000224c    00000004     collector.obj (.bss)
                  20002250    000000b0     maclib_nosecure_cc13x2.a : mac_radio.obj (.bss:RF_object)
                  20002300    00000088     (.common:macPib)
                  20002388    0000007c     (.common:pinHandleTable)
                  20002404    00000054     (.common:macScan)
                  20002458    00000050     (.common:appTask)
                  200024a8    00000050     (.common:macTask)
                  200024f8    0000003c     macTask.obj (.bss:macTaskParams)
                  20002534    0000003c     (.common:RF_cmdIEEERx)
                  20002570    0000003c     (.common:macBeaconCoord)
                  200025ac    00000038     (.common:macDeviceAction1)
                  200025e4    00000034     drivers_cc13x2.aem4f : PINCC26XX.oem4f (.bss:pinSwi)
                  20002618    00000034     (.common:macBeaconDevice)
                  2000264c    00000030     (.common:RF_cmdPropRadioDivSetup)
                  2000267c    00000030     (.common:RF_cmdPropRxAdv)
                  200026ac    0000002c     (.common:macCoord)
                  200026d8    0000002c     (.common:macDevice)
                  20002704    00000028     maclib_nosecure_cc13x2.a : mac_rx.obj (.bss:$O1$$)
                  2000272c    00000028     (.common:macMgmtAction1)
                  20002754    00000020     drivers_cc13x2.aem4f : PINCC26XX.oem4f (.bss:pinGpioConfigTable)
                  20002774    00000020     (.common:RF_cmdIEEECsma)
                  20002794    00000020     (.common:RF_cmdPropTxAdv)
                  200027b4    00000020     (.common:RF_cmdRadioSetup)
                  200027d4    00000020     (.common:macBeacon)
                  200027f4    0000001c     driverlib.lib : osc.obj (.bss:$O1$$)
                  20002810    0000001c     drivers_cc13x2.aem4f : TRNGCC26XX.oem4f (.bss:TRNGCC26XX_hwi)
                  2000282c    0000001c                          : TRNGCC26XX.oem4f (.bss:entropyPool)
                  20002848    0000001c                          : PINCC26XX.oem4f (.bss:pinHwi)
                  20002864    0000001c                          : PINCC26XX.oem4f (.bss:pinSemaphore)
                  20002880    0000001c     (.common:RF_cmdPropCs)
                  2000289c    0000001c     (.common:RF_cmdPropCsSlotted)
                  200028b8    0000001c     (.common:appSem)
                  200028d4    0000001c     (.common:macCoordAction2)
                  200028f0    0000001c     (.common:macReset)
                  2000290c    0000001c     (.common:macSem)
                  20002928    00000018     (.common:RF_cmdFs)
                  20002940    00000018     (.common:RF_cmdIEEETx)
                  20002958    00000018     (.common:macScanAction)
                  20002970    00000014     rf_multiMode_cc13x2.aem4f : RFCC26X2_multiMode.c.cc13x2.ccs.o (.bss:RF_ratSyncCmd)
                  20002984    00000014     drivers_cc13x2.aem4f : Random.oem4f (.bss:state)
                  20002998    00000014     (.common:RF_cmdRxAckCmd)
                  200029ac    00000014     (.common:macDeviceAction2)
                  200029c0    00000014     (.common:macMgmtAction2)
                  200029d4    00000010     (.common:macBeaconDeviceAction)
                  200029e4    00000010     (.common:macCoordAction3)
                  200029f4    00000010     (.common:macData)
                  20002a04    00000010     (.common:macDataTxDelay)
                  20002a14    0000000c     osal_port.obj (.bss)
                  20002a20    0000000c     (.common:macMain)
                  20002a2c    00000009     macTask.obj (.bss)
                  20002a35    00000001     maclib_nosecure_cc13x2.a : mac_tx.obj (.bss)
                  20002a36    00000001     main.obj (.bss)
                  20002a37    00000001     rf_multiMode_cc13x2.aem4f : RFCC26X2_multiMode.c.cc13x2.ccs.o (.bss)
                  20002a38    00000008     drivers_cc13x2.aem4f : TemperatureCC26X2.oem4f (.bss:notificationList)
                  20002a40    00000008     osal_port_timers.obj (.bss)
                  20002a48    00000008     (.common:ApiMac_extAddr)
                  20002a50    00000008     (.common:macBeaconCoordAction1)
                  20002a58    00000008     (.common:macCoordAction1)
                  20002a60    00000005     api_mac.obj (.bss)
                  20002a65    00000001     (.common:AppTaskId)
                  20002a66    00000001     (.common:appTaskId)
                  20002a67    00000001     (.common:driverlib_release_0_56804)
                  20002a68    00000004     drivers_cc13x2.aem4f : PINCC26XX.oem4f (.bss)
                  20002a6c    00000004     (.common:FH_test_var)
                  20002a70    00000004     (.common:HEAPMGR_SIZE)
                  20002a74    00000004     (.common:PowerCC26XX_swiKey)
                  20002a78    00000004     (.common:PowerCC26XX_taskKey)
                  20002a7c    00000004     (.common:macRxSymbol)
                  20002a80    00000004     (.common:macTimerActive)
                  20002a84    00000004     (.common:macTxTimestamp)
                  20002a88    00000004     (.common:timerAlignedQ)
                  20002a8c    00000004     (.common:timerUnalignedQ)
                  20002a90    00000001     (.common:macMgmt)
                  20002a91    00000001     (.common:macPanCoordinator)
                  20002a92    00000001     (.common:macPhyChannel)
                  20002a93    00000001     (.common:macPwr)
                  20002a94    00000001     (.common:macRxActive)
                  20002a95    00000001     (.common:macRxEnableFlags)
                  20002a96    00000001     (.common:macRxOutgoingAckFlag)
                  20002a97    00000001     (.common:macSymbolTimerImpending)
                  20002a98    00000001     (.common:macTaskId)
                  20002a99    00000001     (.common:macTxActive)
                  20002a9a    00000001     (.common:macUnitBackoffPeriod)
                  20002a9b    00000001     (.common:rxFhRsl)

.vtable    0    20002a9c    00000000     UNINITIALIZED

.vtable_ram 
*          0    20002a9c    00000000     UNINITIALIZED

vtable_ram 
*          0    20002a9c    00000000     UNINITIALIZED

.sysmem    0    20002a9c    00000000     UNINITIALIZED

.nonretenvar 
*          0    20002a9c    00000000     UNINITIALIZED

.stack     0    20013aa0    00000560     UNINITIALIZED
                  20013aa0    00000560     --HOLE--

.bootVecs 
*          0    00000000    00000008     DSECT
                  00000000    00000008     boot.aem4f : boot.oem4f (.bootVecs)

.resetVecs 
*          0    00000000    0000003c     
                  00000000    0000003c     app_pem4f.oem4f (.resetVecs)

.vecs      0    20000000    000000d8     NOLOAD SECTION
                  20000000    000000d8     app_pem4f.oem4f (.vecs)

xdc.meta   0    00000000    000000fe     COPY SECTION
                  00000000    000000fe     app_pem4f.oem4f (xdc.meta)

xdc.noload 
*          0    00000000    00000000     COPY SECTION

.data:RAM_MAC_BASE_ADDR 
*          0    2000010c    00000010     UNINITIALIZED
                  2000010c    00000010     rom_init_154.obj (.data:RAM_MAC_BASE_ADDR)

.text.1    0    00001798    0000cbd4     
                  00001798    0000032c     macTask.obj (.text:macTaskFxn)
                  00001ac4    000002e4     maclib_nosecure_cc13x2.a : mac_radio_tx.obj (.text:macRadioTxGoSubG)
                  00001da8    000002d0                              : mac_rx.obj (.text:rxPayloadIsr)
                  00002078    00000210                              : mac_radio.obj (.text:macRadioInitSubG)
                  00002288    00000200     rf_multiMode_cc13x2.aem4f : RFCC26X2_multiMode.c.cc13x2.ccs.o (.text:RF_open)
                  00002488    000001c4     drivers_cc13x2.aem4f : PINCC26XX.oem4f (.text:PIN_init)
                  0000264c    000001c0     maclib_nosecure_cc13x2.a : mac_tx.obj (.text:macTxFrame)
                  0000280c    000001bc                              : mac.obj (.text:macSendReceiveCmdIeee)
                  000029c8    000001b4                              : mac_radio_tx.obj (.text:macRadioTxGoIeee)
                  00002b7c    000001b4                              : mac_hl_patch.obj (.text:macRxBeaconCritical)
                  00002d30    000001a4                              : mac_hl_patch.obj (.text:macWrapperDeleteKeyAndAssociatedDevices)
                  00002ed4    00000198     drivers_cc13x2.aem4f : PowerCC26X2.oem4f (.text:Power_sleep)
                  0000306c    00000198     rf_multiMode_cc13x2.aem4f : RFCC26X2_multiMode.c.cc13x2.ccs.o (.text:RF_dispatchNextCmd)
                  00003204    00000198     maclib_nosecure_cc13x2.a : mac_radio_tx.obj (.text:macRadioTxAck)
                  0000339c    00000198                              : mac_tx.obj (.text:txCsmaDelay)
                  00003534    00000194     drivers_cc13x2.aem4f : PowerCC26X2.oem4f (.text:Power_init)
                  000036c8    00000190                          : PowerCC26X2_calibrateRCOSC.oem4f (.text:calibrateRcoscHf1)
                  00003858    00000190     maclib_nosecure_cc13x2.a : mac_radio_tx.obj (.text:macRadioLbtTxCb)
                  000039e8    00000190     app_pem4f.oem4f (.text:xdc_runtime_System_printfExtend__I)
                  00003b78    0000018c     drivers_cc13x2.aem4f : PowerCC26X2_calibrateRCOSC.oem4f (.text:runCalibrateFsm)
                  00003d04    00000174     maclib_nosecure_cc13x2.a : mac_hl_patch.obj (.text:macWrapperDeleteAllDevices)
                  00003e78    00000170     macTask.obj (.text:MAC_CbackEvent)
                  00003fe8    00000160     osal_port.obj (.text:OsalPort_heapInit)
                  00004148    0000015c     maclib_nosecure_cc13x2.a : mac.obj (.text:macSendReceiveCmdSubG)
                  000042a4    00000004     dpl_cc13x2.aem4f : ClockP_tirtos.oem4f (.text:ClockP_destruct)
                  000042a8    00000156     osal_port.obj (.text:OsalPort_heapMalloc)
                  000043fe    00000002     rf_multiMode_cc13x2.aem4f : rfc.c.cc13x2.ccs.o (.text:NOROM_RFCCpePatchReset)
                  00004400    00000148                               : RFCC26X2_multiMode.c.cc13x2.ccs.o (.text:RF_fsmSetupState)
                  00004548    00000140                               : RFCC26X2_multiMode.c.cc13x2.ccs.o (.text:RF_close)
                  00004688    0000013c                               : RFCC26X2_multiMode.c.cc13x2.ccs.o (.text:RF_ratSetupChannel)
                  000047c4    00000134                               : RFCC26X2_multiMode.c.cc13x2.ccs.o (.text:RF_abortCmd)
                  000048f8    00000134     maclib_nosecure_cc13x2.a : mac_radio.obj (.text:macRadioInitIeee)
                  00004a2c    00000120     drivers_cc13x2.aem4f : PowerCC26X2.oem4f (.text:configureXOSCHF)
                  00004b4c    0000011c     rf_multiMode_cc13x2.aem4f : RFCC26X2_multiMode.c.cc13x2.ccs.o (.text:RF_radioOpDoneCb)
                  00004c68    00000118     maclib_nosecure_cc13x2.a : mac_hl_patch.obj (.text:macScanNextChan)
                  00004d80    00000114                              : mac.obj (.text:macSetupRATChanCompare)
                  00004e94    00000112     rf_multiMode_cc13x2.aem4f : RFCC26X2_multiMode.c.cc13x2.ccs.o (.text:RF_decodeOverridePointers)
                  00004fa6    00000002                               : RFCC26X2_multiMode.c.cc13x2.ccs.o (.text:RF_defaultCallback)
                  00004fa8    00000110                               : RFCC26X2_multiMode.c.cc13x2.ccs.o (.text:RF_initRadioSetup)
                  000050b8    0000010e     osal_port.obj (.text:OsalPort_pwrmgrTaskState)
                  000051c6    00000002     rtsv7M4_T_le_v4SPD16_eabi.lib : _lock.c.obj (.text:_nop)
                  000051c8    00000104     rf_multiMode_cc13x2.aem4f : RFCC26X2_multiMode.c.cc13x2.ccs.o (.text:RF_hwiCpe0Active)
                  000052cc    000000fc     driverlib.lib : sys_ctrl.obj (.text:NOROM_SysCtrlStandby)
                  000053c8    000000fc     macTask.obj (.text:macTaskInit)
                  000054c4    000000f8     drivers_cc13x2.aem4f : PINCC26XX.oem4f (.text:PINCC26XX_setIoCfg)
                  000055bc    000000f8     maclib_nosecure_cc13x2.a : mac_radio_tx.obj (.text:macRadioTxPrepCsmaSlottedSubG)
                  000056b4    000000f8                              : mac_rx.obj (.text:macRxInit)
                  000057ac    000000f0     rf_multiMode_cc13x2.aem4f : RFCC26X2_multiMode.c.cc13x2.ccs.o (.text:RF_fsmPowerUpState)
                  0000589c    00000004     dpl_cc13x2.aem4f : ClockP_tirtos.oem4f (.text:ClockP_getTimeout)
                  000058a0    000000ec     api_mac.obj (.text:ApiMac_init)
                  0000598c    00000004     dpl_cc13x2.aem4f : ClockP_tirtos.oem4f (.text:ClockP_setTimeout)
                  00005990    000000ec     api_mac.obj (.text:processBeaconNotifyInd)
                  00005a7c    00000004     dpl_cc13x2.aem4f : ClockP_tirtos.oem4f (.text:ClockP_start)
                  00005a80    000000e8     osal_port.obj (.text:OsalPort_registerTask)
                  00005b68    000000e8     maclib_nosecure_cc13x2.a : mac_radio.obj (.text:macRadioPowerUp)
                  00005c50    000000e8                              : mac.obj (.text:macSendFsCmd)
                  00005d38    000000e4                              : mac_hl_patch.obj (.text:macEdScanISR)
                  00005e1c    000000e4                              : mac_tx.obj (.text:txCsmaPrep)
                  00005f00    000000dc                              : mac_symbol_timer.obj (.text:macSymbolTimerUpdateWakeup)
                  00005fdc    000000d8     rf_multiMode_cc13x2.aem4f : RFCC26X2_multiMode.c.cc13x2.ccs.o (.text:RF_control)
                  000060b4    000000d8     maclib_nosecure_cc13x2.a : mac_tx.obj (.text:macTxChannelBusyCallback)
                  0000618c    000000d4     rf_multiMode_cc13x2.aem4f : RFCC26X2_multiMode.c.cc13x2.ccs.o (.text:RF_pendCmd)
                  00006260    000000d2                               : RFCC26X2_multiMode.c.cc13x2.ccs.o (.text:RF_updatePaConfiguration)
                  00006332    00000002     drivers_cc13x2.aem4f : PowerCC26X2.oem4f (.text:emptyClockFunc)
                  00006334    000000d0     rf_multiMode_cc13x2.aem4f : RFCC26X2_multiMode.c.cc13x2.ccs.o (.text:RF_swiHw)
                  00006404    00000004     dpl_cc13x2.aem4f : ClockP_tirtos.oem4f (.text:ClockP_stop)
                  00006408    000000d0     api_mac.obj (.text:copyDataInd)
                  000064d8    000000d0     maclib_nosecure_cc13x2.a : mac_hl_patch.obj (.text:macApiStartReq)
                  000065a8    000000d0                              : mac_tx.obj (.text:macTxRequestCsmaDelay)
                  00006678    000000ce     collector.obj (.text:Collector_process)
                  00006746    00000002     maclib_nosecure_cc13x2.a : mac_pwr.obj (.text:macApiPwrOnReq)
                  00006748    000000cc     osal_port.obj (.text:OsalPort_setEvent)
                  00006814    000000cc     maclib_nosecure_cc13x2.a : mac_timer.obj (.text:macSymbolTimerTriggerCallback)
                  000068e0    000000c8     drivers_cc13x2.aem4f : PowerCC26X2.oem4f (.text:Power_releaseDependency)
                  000069a8    000000c4     maclib_nosecure_cc13x2.a : mac_autopend.obj (.text:MAC_SrcMatchAddEntry)
                  00006a6c    000000c4     drivers_cc13x2.aem4f : PowerCC26X2.oem4f (.text:Power_setDependency)
                  00006b30    000000c0     osal_port.obj (.text:HEAPMGR_GETLARGESTFREEBUF)
                  00006bf0    000000c0     osal_port.obj (.text:OsalPort_clearEvent)
                  00006cb0    000000c0     maclib_nosecure_cc13x2.a : mac.obj (.text:macGetRFCmdDuration)
                  00006d70    000000c0                              : mac.obj (.text:macSetupReceiveCmd)
                  00006e30    000000bc                              : mac_radio_tx.obj (.text:macRadioTxAckCb)
                  00006eec    000000bc                              : mac_hl_patch.obj (.text:macScanRxCoordRealign)
                  00006fa8    000000b6     osal_port.obj (.text:OsalPort_msgReceive)
                  0000705e    00000002     maclib_nosecure_cc13x2.a : mac_mcu.obj (.text:macMcuBitReverse)
                  00007060    000000b4     osal_port.obj (.text:OsalPort_setTimer)
                  00007114    000000b4     dpl_cc13x2.aem4f : PowerCC26X2_tirtos.oem4f (.text:PowerCC26XX_standbyPolicy)
                  000071c8    000000b4     drivers_cc13x2.aem4f : TRNGCC26XX.oem4f (.text:TRNG_generateEntropy)
                  0000727c    000000b0     maclib_nosecure_cc13x2.a : mac_hl_patch.obj (.text:macApiBeaconStartReq)
                  0000732c    00000004                              : fh_ie_patch.obj (.text:FHIEPATCH_extractHie)
                  00007330    000000ae     api_mac.obj (.text:convertTxOptions)
                  000073de    00000002     maclib_nosecure_cc13x2.a : mac_radio.obj (.text:macRadioSetRE)
                  000073e0    000000ac     drivers_cc13x2.aem4f : PINCC26XX.oem4f (.text:PIN_open)
                  0000748c    000000ac     driverlib.lib : setup.obj (.text:TrimAfterColdResetWakeupFromShutDown)
                  00007538    000000ac     maclib_nosecure_cc13x2.a : mac_symbol_timer.obj (.text:macSymbolTimerInit)
                  000075e4    00000004                              : fh_ie_patch.obj (.text:FHIEPATCH_extractPie)
                  000075e8    000000aa     osal_port.obj (.text:OsalPort_msgSend)
                  00007692    00000002     maclib_nosecure_cc13x2.a : mac_radio_tx.obj (.text:macRadioTxCancelTxAck)
                  00007694    000000a8                              : mac_hl_patch.obj (.text:macTrackTimeoutCallback)
                  0000773c    000000a8                              : mac_tx.obj (.text:txComplete)
                  000077e4    00000004                              : fh_ie_patch.obj (.text:FHIEPATCH_genHie)
                  000077e8    000000a6     osal_port.obj (.text:OsalPort_buildUint32)
                  0000788e    00000002     maclib_nosecure_cc13x2.a : mac_rx.obj (.text:macRxRadioPowerUpInit)
                  00007890    000000a4     rf_multiMode_cc13x2.aem4f : RFCC26X2_multiMode.c.cc13x2.ccs.o (.text:RF_ratRestartChannels)
                  00007934    000000a4     maclib_nosecure_cc13x2.a : mac_radio_tx.obj (.text:macRadioTxEnhAckCb)
                  000079d8    000000a0     rf_multiMode_cc13x2.aem4f : RFCC26X2_multiMode.c.cc13x2.ccs.o (.text:RF_requestAccess)
                  00007a78    000000a0     auto_init.aem4f : auto_init.oem4f (.text)
                  00007b18    000000a0     maclib_nosecure_cc13x2.a : mac_radio_tx.obj (.text:macRadioSendImmAck)
                  00007bb8    0000009c                              : mac_radio_tx.obj (.text:macRadioTxPrepLbt)
                  00007c54    0000009c     rtsv7M4_T_le_v4SPD16_eabi.lib : memcpy_t2.asm.obj (.text)
                  00007cf0    00000098     driverlib.lib : setup.obj (.text:NOROM_SetupTrimDevice)
                  00007d88    00000098     rf_multiMode_cc13x2.aem4f : RFCC26X2_multiMode.c.cc13x2.ccs.o (.text:RF_calculateDispatchTime)
                  00007e20    00000098     maclib_nosecure_cc13x2.a : mac_radio.obj (.text:macRadioStartScan)
                  00007eb8    00000098                              : mac_radio.obj (.text:macRadioUpdateChannel)
                  00007f50    00000098                              : mac_radio.obj (.text:macRadioUpdateChannelRx)
                  00007fe8    00000098                              : mac_tx.obj (.text:macTxStartQueuedFrame)
                  00008080    00000096     macTask.obj (.text:macApp)
                  00008116    00000096     rtsv7M4_T_le_v4SPD16_eabi.lib : ull_div_t2.asm.obj (.text)
                  000081ac    00000094     rf_multiMode_cc13x2.aem4f : RFCC26X2_multiMode.c.cc13x2.ccs.o (.text:RF_getInfo)
                  00008240    00000094     drivers_cc13x2.aem4f : TRNGCC26XX.oem4f (.text:TRNGCC26XX_hwiFxn)
                  000082d4    00000094     maclib_nosecure_cc13x2.a : mac_radio_tx.obj (.text:macRadioTxPrepSlotted)
                  00008368    00000094                              : mac_timer.obj (.text:macTimerUpdateSymbolTimer)
                  000083fc    00000094                              : mac_hl_patch.obj (.text:macTrackStartCallback)
                  00008490    00000092     osal_port.obj (.text:OsalPort_heapFree)
                  00008522    00000006     rf_multiMode_cc13x2.aem4f : RFCC26X2_multiMode.c.cc13x2.ccs.o (.text:RF_clkReqAccess)
                  00008528    00000090     osal_port.obj (.text:OsalPort_waitEvent)
                  000085b8    00000090     rf_multiMode_cc13x2.aem4f : RFCC26X2_multiMode.c.cc13x2.ccs.o (.text:RF_discardPendCmd)
                  00008648    00000090     maclib_nosecure_cc13x2.a : mac_hl_patch.obj (.text:macCcmDecrypt)
                  000086d8    00000090                              : mac_sleep.obj (.text:macSleep)
                  00008768    00000090                              : mac_autopend.obj (.text:macSrcMatchCheckSrcAddr)
                  000087f8    0000008e     CC1312R1_LAUNCHXL_fxns.obj (.text:CC1312R1_LAUNCHXL_sendExtFlashByte)
                  00008886    00000002     rtsv7M4_T_le_v4SPD16_eabi.lib : div0.asm.obj (.text)
                  00008888    0000008c     collector.obj (.text:Collector_init)
                  00008914    0000008c     maclib_nosecure_cc13x2.a : mac_hl_patch.obj (.text:MAC_ResumeReq)
                  000089a0    0000008c                              : mac_hl_patch.obj (.text:macCcmEncrypt)
                  00008a2c    0000008c                              : mac_mcu.obj (.text:macMcuOverflowSetPeriod)
                  00008ab8    00000088     driverlib.lib : osc.obj (.text:NOROM_OSCHF_AttemptToSwitchToXosc)
                  00008b40    00000088     rf_multiMode_cc13x2.aem4f : RFCC26X2_multiMode.c.cc13x2.ccs.o (.text:RF_cmdDispatchTime)
                  00008bc8    00000088                               : RFCC26X2_multiMode.c.cc13x2.ccs.o (.text:RF_getTxPower)
                  00008c50    00000088     drivers_cc13x2.aem4f : PowerCC26X2_calibrateRCOSC.oem4f (.text:calibrateRcoscHf2)
                  00008cd8    00000088                          : PowerCC26X2.oem4f (.text:disableLFClockQualifiers)
                  00008d60    00000088     maclib_nosecure_cc13x2.a : mac_mcu.obj (.text:macMcuOverflowSetCompare)
                  00008de8    00000088                              : mac_pwr.obj (.text:macPwrVote)
                  00008e70    00000088     drivers_cc13x2.aem4f : PowerCC26X2_calibrateRCOSC.oem4f (.text:updateSubSecInc)
                  00008ef8    00000084     rf_multiMode_cc13x2.aem4f : RFCC26X2_multiMode.c.cc13x2.ccs.o (.text:RF_issueRadioFreeCb)
                  00008f7c    00000084                               : RFCC26X2_multiMode.c.cc13x2.ccs.o (.text:RF_verifyGap)
                  00009000    00000084     maclib_nosecure_cc13x2.a : mac_rx_onoff.obj (.text:macRxOffRequest)
                  00009084    00000084                              : mac_timer.obj (.text:macTimerSetRollover)
                  00009108    00000080     api_mac.obj (.text:ApiMac_convertCapabilityInfo)
                  00009188    00000080     maclib_nosecure_cc13x2.a : mac_radio.obj (.text:macRadioWakeupCb)
                  00009208    00000080                              : mac.obj (.text:macSetTxPowerVal)
                  00009288    00000080     rom_sysbios.aem4f : rom_sysbios.obj (.text:ti_sysbios_family_arm_cc26xx_Timer_start__E)
                  00009308    0000007c     rf_multiMode_cc13x2.aem4f : RFCC26X2_multiMode.c.cc13x2.ccs.o (.text:RF_ratFreeChannel)
                  00009384    00000004     maclib_nosecure_cc13x2.a : fh_ie_patch.obj (.text:FHIEPATCH_genPieContent)
                  00009388    0000007a     api_mac.obj (.text:processScanCnf)
                  00009402    0000007a     rtsv7M4_T_le_v4SPD16_eabi.lib : memset_t2.asm.obj (.text)
                  0000947c    00000078     maclib_nosecure_cc13x2.a : mac_autopend.obj (.text:MAC_SrcMatchEnable)
                  000094f4    00000078                              : mac_symbol_timer.obj (.text:macSymbolTimerPeriodIsr)
                  0000956c    00000078                              : mac_timer.obj (.text:macTimerRealign)
                  000095e4    00000004                              : fh_ie_patch.obj (.text:FHIEPATCH_getHieLen)
                  000095e8    00000076     osal_port.obj (.text:OsalPort_msgEnqueueMax)
                  0000965e    00000002     rom_sysbios.aem4f : rom_sysbios.obj (.text:ti_sysbios_heaps_HeapCallback_defaultDelete)
                  00009660    00000074     drivers_cc13x2.aem4f : PowerCC26X2_calibrateRCOSC.oem4f (.text:PowerCC26X2_auxISR)
                  000096d4    00000074     rf_multiMode_cc13x2.aem4f : RFCC26X2_multiMode.c.cc13x2.ccs.o (.text:RF_yield)
                  00009748    00000074     drivers_cc13x2.aem4f : TRNGCC26XX.oem4f (.text:TRNG_construct)
                  000097bc    00000074     maclib_nosecure_cc13x2.a : mac_hl_patch.obj (.text:macAutoPoll)
                  00009830    00000072     rf_multiMode_cc13x2.aem4f : RFCC26X2_multiMode.c.cc13x2.ccs.o (.text:RF_detachOverrides)
                  000098a2    00000070                               : rfc.c.cc13x2.ccs.o (.text:NOROM_RFCAnaDivTxOverride)
                  00009912    00000002     rom_sysbios.aem4f : rom_sysbios.obj (.text:xdc_runtime_SysCallback_defaultAbort)
                  00009914    00000070     rf_multiMode_cc13x2.aem4f : RFCC26X2_multiMode.c.cc13x2.ccs.o (.text:RF_hwiHw)
                  00009984    00000070                               : RFCC26X2_multiMode.c.cc13x2.ccs.o (.text:RF_ratDisableChannel)
                  000099f4    00000070     drivers_cc13x2.aem4f : Random.oem4f (.text:Random_seedAutomatic)
                  00009a64    00000004     maclib_nosecure_cc13x2.a : fh_ie_patch.obj (.text:FHIEPATCH_getPieContentLen)
                  00009a68    00000070     api_mac.obj (.text:copyMacPanDescToApiMacPanDesc)
                  00009ad8    0000006e     rf_multiMode_cc13x2.aem4f : RFCC26X2_multiMode.c.cc13x2.ccs.o (.text:RF_attachOverrides)
                  00009b46    0000006e                               : RFCC26X2_multiMode.c.cc13x2.ccs.o (.text:RF_howToSchedule)
                  00009bb4    00000004     maclib_nosecure_cc13x2.a : fh_ie_patch.obj (.text:FHIEPATCH_parseHie)
                  00009bb8    0000006e     mac_user_config.obj (.text:rfSelect)
                  00009c26    0000006e     rtsv7M4_T_le_v4SPD16_eabi.lib : ll_div_t2.asm.obj (.text)
                  00009c94    0000006d     rom_sysbios.aem4f : rom_sysbios.obj (.text:xdc_runtime_System_formatNum__I)
                  00009d01    00000001     --HOLE-- [fill = 0]
                  00009d02    00000002                       : rom_sysbios.obj (.text:xdc_runtime_SysCallback_defaultExit)
                  00009d04    0000006c     rf_multiMode_cc13x2.aem4f : RFCC26X2_multiMode.c.cc13x2.ccs.o (.text:RF_getCurrentTime)
                  00009d70    0000006c     maclib_nosecure_cc13x2.a : mac_radio.obj (.text:macRadioPowerDown)
                  00009ddc    0000006c                              : mac_rx.obj (.text:macRxHaltCleanup)
                  00009e48    0000006c                              : mac_rx_onoff.obj (.text:macRxOn)
                  00009eb4    0000006c                              : mac_hl_patch.obj (.text:macTrackPeriodCallback)
                  00009f20    00000068     driverlib.lib : osc.obj (.text:NOROM_OSCHF_SwitchToRcOscTurnOffXosc)
                  00009f88    00000068                   : sys_ctrl.obj (.text:NOROM_SysCtrlSetRechargeBeforePowerDown)
                  00009ff0    00000068     rtsv7M4_T_le_v4SPD16_eabi.lib : copy_decompress_lzss.c.obj (.text:decompress:lzss:__TI_decompress_lzss)
                  0000a058    00000068     maclib_nosecure_cc13x2.a : mac_timer.obj (.text:macSymbolTimerRolloverCallback)
                  0000a0c0    00000068                              : mac_timer.obj (.text:macTimerAddTimer)
                  0000a128    00000068     saddr.obj (.text:sAddrCmp)
                  0000a190    00000064     osal_port.obj (.text:OsalPort_msgEnqueue)
                  0000a1f4    00000064     rf_multiMode_cc13x2.aem4f : RFCC26X2_multiMode.c.cc13x2.ccs.o (.text:RF_dispatchNextEvent)
                  0000a258    00000064     maclib_nosecure_cc13x2.a : mac.obj (.text:macSetupFsCmd)
                  0000a2bc    00000064                              : mac_timer.obj (.text:macTimerGetNextTimer)
                  0000a320    00000062     api_mac.obj (.text:ApiMac_buildMsgCapInfo)
                  0000a382    00000002     rom_sysbios.aem4f : rom_sysbios.obj (.text:xdc_runtime_SysCallback_defaultFlush)
                  0000a384    00000060     rf_multiMode_cc13x2.aem4f : RFCC26X2_multiMode.c.cc13x2.ccs.o (.text:RF_applyRfCorePatch)
                  0000a3e4    00000060     drivers_cc13x2.aem4f : TRNGCC26XX.oem4f (.text:TRNGCC26XX_startTrng)
                  0000a444    00000060     maclib_nosecure_cc13x2.a : mac.obj (.text:macFsCb)
                  0000a4a4    00000060                              : mac_mcu.obj (.text:macMcuInit)
                  0000a504    00000060                              : mac_radio_tx.obj (.text:macRadioTxBackoffBoundary)
                  0000a564    00000060                              : mac_radio_tx.obj (.text:macRadioTxGoLbt)
                  0000a5c4    00000060                              : mac_timer.obj (.text:macTimerCancel)
                  0000a624    00000004                              : fh_ie_patch.obj (.text:FHIEPATCH_parsePie)
                  0000a628    0000005e     macTask.obj (.text:macInit)
                  0000a686    00000002     rom_sysbios.aem4f : rom_sysbios.obj (.text:xdc_runtime_SysCallback_defaultPutch)
                  0000a688    0000005e     app_pem4f.oem4f (.text:xdc_runtime_Startup_getState__I)
                  0000a6e6    00000002     --HOLE-- [fill = 0]
                  0000a6e8    0000005c     osal_port.obj (.text:OsalPort_deleteTimer)
                  0000a744    0000005c     drivers_cc13x2.aem4f : PINCC26XX.oem4f (.text:PIN_remove)
                  0000a7a0    0000005c     rf_multiMode_cc13x2.aem4f : RFCC26X2_multiMode.c.cc13x2.ccs.o (.text:RF_syncCb)
                  0000a7fc    00000004     dpl_cc13x2.aem4f : HwiP_tirtos.oem4f (.text:HwiP_destruct)
                  0000a800    0000005c     main.obj (.text:main)
                  0000a85c    00000058     drivers_cc13x2.aem4f : PowerCC26X2_calibrateRCOSC.oem4f (.text:PowerCC26X2_initiateCalibration)
                  0000a8b4    00000058     rf_multiMode_cc13x2.aem4f : RFCC26X2_multiMode.c.cc13x2.ccs.o (.text:RF_TxPowerTable_findValue)
                  0000a90c    00000058                               : RFCC26X2_multiMode.c.cc13x2.ccs.o (.text:RF_fsmXOSCState)
                  0000a964    00000058                               : RFCC26X2_multiMode.c.cc13x2.ccs.o (.text:RF_hwiCpe0PowerFsm)
                  0000a9bc    00000058     drivers_cc13x2.aem4f : TRNGCC26XX.oem4f (.text:TRNG_init)
                  0000aa14    00000058     boot.aem4f : boot.oem4f (.text)
                  0000aa6c    00000058     maclib_nosecure_cc13x2.a : mac_radio.obj (.text:macRadioSetChannelRx)
                  0000aac4    00000058                              : mac_radio_tx.obj (.text:macRadioTxRequestTxAck)
                  0000ab1c    00000058                              : mac_hl_patch.obj (.text:macSetDefaultsByPatch)
                  0000ab74    00000058                              : mac_symbol_timer.obj (.text:macSymbolTimerEventHandler)
                  0000abcc    00000058                              : mac_rx.obj (.text:rxPostRxUpdates)
                  0000ac24    00000056     rf_multiMode_cc13x2.aem4f : RFCC26X2_multiMode.c.cc13x2.ccs.o (.text:RF_defaultSubmitPolicy)
                  0000ac7a    00000002     --HOLE-- [fill = 0]
                  0000ac7c    00000054     driverlib.lib : chipinfo.obj (.text:NOROM_ChipInfo_GetChipType)
                  0000acd0    00000054     osal_port_timers.obj (.text:OsalPortTimers_cleanUpTimers)
                  0000ad24    00000054     drivers_cc13x2.aem4f : StructRingBuf.oem4f (.text:StructRingBuf_put)
                  0000ad78    00000054     maclib_nosecure_cc13x2.a : mac_radio.obj (.text:macRadioSetChannel)
                  0000adcc    00000054                              : mac_radio_tx.obj (.text:macRadioTxPrepCsmaSlottedIeee)
                  0000ae20    00000054                              : mac_radio_tx.obj (.text:macRadioTxPrepCsmaUnslottedIeee)
                  0000ae74    00000054                              : mac.obj (.text:macRatDisableChannels)
                  0000aec8    00000054                              : mac_rx_onoff.obj (.text:macRxDisable)
                  0000af1c    00000054                              : mac.obj (.text:macStopCmd)
                  0000af70    00000054                              : mac_tx.obj (.text:macTxDoneCallback)
                  0000afc4    00000050     rf_multiMode_cc13x2.aem4f : RFCC26X2_multiMode.c.cc13x2.ccs.o (.text:RF_wakeupNotification)
                  0000b014    00000050     drivers_cc13x2.aem4f : TRNGCC26XX.oem4f (.text:TRNGCC26XX_waitForResult)
                  0000b064    00000050                          : TemperatureCC26X2.oem4f (.text:degreesToCode)
                  0000b0b4    00000050     maclib_nosecure_cc13x2.a : mac_sleep.obj (.text:macCanSleep)
                  0000b104    00000050                              : mac_radio_tx.obj (.text:macRadioTxHandleAck)
                  0000b154    00000004     dpl_cc13x2.aem4f : HwiP_tirtos.oem4f (.text:HwiP_disable)
                  0000b158    0000004e     osal_port.obj (.text:OsalPort_msgExtract)
                  0000b1a6    00000002     --HOLE-- [fill = 0]
                  0000b1a8    0000004c     CC1312R1_LAUNCHXL_fxns.obj (.text:CC1312R1_LAUNCHXL_wakeUpExtFlash)
                  0000b1f4    0000004c     drivers_cc13x2.aem4f : StructRingBuf.oem4f (.text:StructRingBuf_get)
                  0000b240    0000004c     rtsv7M4_T_le_v4SPD16_eabi.lib : cpy_tbl.c.obj (.text:copy_in)
                  0000b28c    0000004c     maclib_nosecure_cc13x2.a : mac_radio.obj (.text:macGetRadioTxPowerReg)
                  0000b2d8    0000004c                              : mac_radio_tx.obj (.text:macRadioSendEnhAck)
                  0000b324    0000004c                              : mac_radio.obj (.text:macRadioSetPanCoordinator)
                  0000b370    0000004c                              : mac_timer.obj (.text:macTimerUpdActive)
                  0000b3bc    0000004c                              : mac_tx.obj (.text:macTxAckReceivedCallback)
                  0000b408    0000004c     drivers_cc13x2.aem4f : PowerCC26X2.oem4f (.text:switchXOSCHF)
                  0000b454    00000048     rf_multiMode_cc13x2.aem4f : rfc.c.cc13x2.ccs.o (.text:NOROM_RFCSynthPowerDown)
                  0000b49c    00000004     dpl_cc13x2.aem4f : HwiP_tirtos.oem4f (.text:HwiP_enableInterrupt)
                  0000b4a0    00000048     osal_port.obj (.text:OsalPort_heapGetStats)
                  0000b4e8    00000048     osal_port.obj (.text:OsalPort_memcmp)
                  0000b530    00000048     osal_port.obj (.text:OsalPort_msgAllocate)
                  0000b578    00000048     drivers_cc13x2.aem4f : PowerCC26X2_calibrateRCOSC.oem4f (.text:PowerCC26X2_RCOSC_clockFunc)
                  0000b5c0    00000048                          : PowerCC26X2.oem4f (.text:PowerCC26XX_switchXOSC_HF)
                  0000b608    00000048     maclib_nosecure_cc13x2.a : mac_radio_tx.obj (.text:macRadioTxPrepCsmaUnslottedSubG)
                  0000b650    00000048     saddr.obj (.text:sAddrExtCmp)
                  0000b698    00000044     driverlib.lib : chipinfo.obj (.text:NOROM_ChipInfo_GetHwRevision)
                  0000b6dc    00000004     dpl_cc13x2.aem4f : HwiP_tirtos.oem4f (.text:HwiP_post)
                  0000b6e0    00000044     osal_port.obj (.text:OsalPort_msgDequeue)
                  0000b724    00000044     drivers_cc13x2.aem4f : PINCC26XX.oem4f (.text:PIN_swi)
                  0000b768    00000044     maclib_nosecure_cc13x2.a : mac_radio.obj (.text:macRadioStopScan)
                  0000b7ac    00000044                              : mac_rx.obj (.text:macRxNokIsr)
                  0000b7f0    00000042     CC1312R1_LAUNCHXL_fxns.obj (.text:CC1312R1_LAUNCHXL_shutDownExtFlash)
                  0000b832    00000006     rf_multiMode_cc13x2.aem4f : RFCC26X2_multiMode.c.cc13x2.ccs.o (.text:RF_runDirectCmd)
                  0000b838    00000042     osal_port.obj (.text:OsalPort_memcpy)
                  0000b87a    00000040     dpl_cc13x2.aem4f : ClockP_tirtos.oem4f (.text:ClockP_construct)
                  0000b8ba    00000002     --HOLE-- [fill = 0]
                  0000b8bc    00000040     maclib_nosecure_cc13x2.a : mac_timer.obj (.text:MAC_PwrNextTimeout)
                  0000b8fc    00000040     drivers_cc13x2.aem4f : PowerCC26X2.oem4f (.text:PowerCC26XX_isStableXOSC_HF)
                  0000b93c    00000040                          : Random.oem4f (.text:Random_getNumber)
                  0000b97c    00000040                          : TRNGCC26XX.oem4f (.text:TRNGCC26XX_copyToClient)
                  0000b9bc    00000040     maclib_nosecure_cc13x2.a : mac_low_level.obj (.text:macLowLevelYield)
                  0000b9fc    00000040                              : mac_radio.obj (.text:macRadioUpdateTxPower)
                  0000ba3c    00000040                              : mac_autopend.obj (.text:macSrcMatchSetEnableBit)
                  0000ba7c    00000040                              : mac_symbol_timer.obj (.text:macSymbolTimerRealignIeee)
                  0000babc    00000040                              : mac_symbol_timer.obj (.text:macSymbolTimerRealignSubG)
                  0000bafc    00000040                              : mac_timer.obj (.text:macTimerRecalcUnaligned)
                  0000bb3c    00000040                              : mac_tx.obj (.text:macTxTimestampCallback)
                  0000bb7c    00000040     rtsv7M4_T_le_v4SPD16_eabi.lib : u_divt2.asm.obj (.text)
                  0000bbbc    00000040     drivers_cc13x2.aem4f : TemperatureCC26X2.oem4f (.text:setNextThresholds)
                  0000bbfc    00000040     rom_sysbios.aem4f : rom_sysbios.obj (.text:ti_sysbios_family_arm_cc26xx_Timer_setThreshold__I)
                  0000bc3c    00000040                       : rom_sysbios.obj (.text:ti_sysbios_heaps_HeapCallback_Module_startup__E)
                  0000bc7c    0000003e     dpl_cc13x2.aem4f : HwiP_tirtos.oem4f (.text:HwiP_construct)
                  0000bcba    00000002     --HOLE-- [fill = 0]
                  0000bcbc    0000003c     drivers_cc13x2.aem4f : PINCC26XX.oem4f (.text:PIN_setOutputValue)
                  0000bcf8    0000003c     rf_multiMode_cc13x2.aem4f : RFCC26X2_multiMode.c.cc13x2.ccs.o (.text:RF_cmdGet)
                  0000bd34    0000003c                               : RFCC26X2_multiMode.c.cc13x2.ccs.o (.text:RF_cmdStoreEvents)
                  0000bd70    0000003c     dpl_cc13x2.aem4f : SwiP_tirtos.oem4f (.text:SwiP_construct)
                  0000bdac    0000003c     maclib_nosecure_cc13x2.a : mac_low_level.obj (.text:macLowLevelInit)
                  0000bde8    0000003c                              : mac_radio.obj (.text:macRadioNeedAdjustPower)
                  0000be24    0000003c                              : mac_radio_tx.obj (.text:macRadioTxGoSlottedCsma)
                  0000be60    0000003c                              : mac_radio_tx.obj (.text:macRadioTxPrepGreenPower)
                  0000be9c    0000003c                              : mac_tx.obj (.text:macTxUpdateIE)
                  0000bed8    0000003c     rom_sysbios.aem4f : rom_sysbios.obj (.text:ti_sysbios_family_arm_m3_Hwi_construct2__E)
                  0000bf14    00000004     dpl_cc13x2.aem4f : HwiP_tirtos.oem4f (.text:HwiP_setPriority)
                  0000bf18    0000003a     api_mac.obj (.text:ApiMac_processIncoming)
                  0000bf52    00000002     --HOLE-- [fill = 0]
                  0000bf54    00000038     driverlib.lib : osc.obj (.text:NOROM_OSC_HPOSCRelativeFrequencyOffsetGet)
                  0000bf8c    00000038     drivers_cc13x2.aem4f : PINCC26XX.oem4f (.text:PIN_setConfig)
                  0000bfc4    00000038     rf_multiMode_cc13x2.aem4f : RFCC26X2_multiMode.c.cc13x2.ccs.o (.text:RF_checkCmdFsError)
                  0000bffc    00000038                               : RFCC26X2_multiMode.c.cc13x2.ccs.o (.text:RF_powerConstraintRelease)
                  0000c034    00000004                               : rfc.c.cc13x2.ccs.o (.text:NOROM_RFCOverrideUpdate)
                  0000c038    00000038     api_mac.obj (.text:copyApiMacAddrToMacAddr)
                  0000c070    00000038     api_mac.obj (.text:copyMacAddrToApiMacAddr)
                  0000c0a8    00000038     maclib_nosecure_cc13x2.a : mac_radio.obj (.text:macRadioPowerUpWait)
                  0000c0e0    00000038                              : mac_radio.obj (.text:macRadioSetIEEEAddr)
                  0000c118    00000038                              : mac.obj (.text:macRatCb_B)
                  0000c150    00000038                              : mac_symbol_timer.obj (.text:macSymbolTimerSetTrigger)
                  0000c188    00000038                              : mac_timer.obj (.text:macTimerAligned)
                  0000c1c0    00000038     drivers_cc13x2.aem4f : PowerCC26X2.oem4f (.text:notify)
                  0000c1f8    00000038     rom_sysbios.aem4f : rom_sysbios.obj (.text:ti_sysbios_family_arm_cc26xx_Timer_getCurrentTick__E)
                  0000c230    00000038     maclib_nosecure_cc13x2.a : mac_tx.obj (.text:txGo)
                  0000c268    00000036     rf_multiMode_cc13x2.aem4f : rf_patch_cpe_prop.c.cc13x2.ccs.o (.text:configurePropPatch)
                  0000c29e    00000036     rom_sysbios.aem4f : rom_sysbios.obj (.text:ti_sysbios_family_arm_cc26xx_Timer_setNextTick__E)
                  0000c2d4    00000034     driverlib.lib : aux_sysif.obj (.text:NOROM_AUXSYSIFOpModeChange)
                  0000c308    00000034                   : sys_ctrl.obj (.text:NOROM_SysCtrlIdle)
                  0000c33c    00000034     rf_multiMode_cc13x2.aem4f : RFCC26X2_multiMode.c.cc13x2.ccs.o (.text:RF_runDirectImmediateCmd)
                  0000c370    00000034     maclib_nosecure_cc13x2.a : mac_hl_patch.obj (.text:macCheckPhyRate)
                  0000c3a4    00000034                              : mac_low_level.obj (.text:macLowLevelDiags)
                  0000c3d8    00000034                              : mac.obj (.text:macRatDisableChannelB)
                  0000c40c    00000034                              : mac_rx_onoff.obj (.text:macRxHardDisable)
                  0000c440    00000034                              : mac_sleep.obj (.text:macSleepWakeUp)
                  0000c474    00000034                              : mac_symbol_timer.obj (.text:macSymbolTimerBCWakeUp)
                  0000c4a8    00000034                              : mac_symbol_timer.obj (.text:macSymbolTimerSetCount)
                  0000c4dc    00000034                              : mac_timer.obj (.text:macTimerInit)
                  0000c510    00000034                              : mac_timer.obj (.text:macTimerStart)
                  0000c544    00000034                              : mac_tx.obj (.text:macTxAckNotReceivedCallback)
                  0000c578    00000034                              : mac_tx.obj (.text:macTxFrameIsr)
                  0000c5ac    00000004     rf_multiMode_cc13x2.aem4f : RFCC26X2_multiMode.c.cc13x2.ccs.o (.text:RF_defaultConflictPolicy)
                  0000c5b0    00000034     saddr.obj (.text:sAddrCpy)
                  0000c5e4    00000034     rom_sysbios.aem4f : rom_sysbios.obj (.text:ti_sysbios_knl_Swi_setPri__E)
                  0000c618    00000034     drivers_cc13x2.aem4f : TemperatureCC26X2.oem4f (.text:updateThresholds)
                  0000c64c    00000004     dpl_cc13x2.aem4f : SemaphoreP_tirtos.oem4f (.text:SemaphoreP_destruct)
                  0000c650    00000032     macTask.obj (.text:MAC_CbackCheckPending)
                  0000c682    00000006     rf_multiMode_cc13x2.aem4f : RFCC26X2_multiMode.c.cc13x2.ccs.o (.text:RF_runImmediateCmd)
                  0000c688    00000032     macTask.obj (.text:MAC_CbackQueryRetransmit)
                  0000c6ba    00000006     drivers_cc13x2.aem4f : PowerCC26X2.oem4f (.text:delayUs)
                  0000c6c0    00000032     osal_port.obj (.text:OsalPort_msgDeallocate)
                  0000c6f2    00000006     maclib_nosecure_cc13x2.a : mac_radio_tx.obj (.text:macRadioTxGoGreenPower)
                  0000c6f8    00000032     app_pem4f.oem4f (.text:ti_sysbios_BIOS_atExitFunc__I)
                  0000c72a    00000006     maclib_nosecure_cc13x2.a : mac_radio_tx.obj (.text:macRadioTxGoSlotted)
                  0000c730    00000032     app_pem4f.oem4f (.text:ti_sysbios_heaps_HeapCallback_Object__create__S)
                  0000c762    00000002     --HOLE-- [fill = 0]
                  0000c764    00000030     drivers_cc13x2.aem4f : PowerCC26X2.oem4f (.text:Power_releaseConstraint)
                  0000c794    00000030                          : PowerCC26X2.oem4f (.text:Power_setConstraint)
                  0000c7c4    00000030                          : TRNGCC26XX.oem4f (.text:TRNGCC26XX_fillEntropyPool)
                  0000c7f4    00000030                          : TemperatureCC26X2.oem4f (.text:Temperature_unregisterNotify)
                  0000c824    00000030     maclib_nosecure_cc13x2.a : mac_radio.obj (.text:macRadioLimitTxPower)
                  0000c854    00000030                              : mac.obj (.text:macRatCb_A)
                  0000c884    00000030                              : mac_rx_onoff.obj (.text:macRxSoftDisable)
                  0000c8b4    00000030                              : mac_symbol_timer.obj (.text:macSymbolTimerCount)
                  0000c8e4    00000030                              : mac_symbol_timer.obj (.text:macSymbolTimerICallTimerCback)
                  0000c914    00000030                              : mac_timer.obj (.text:macTimerCheckUnAlignedQ)
                  0000c944    00000030                              : mac_tx.obj (.text:macTxInit)
                  0000c974    00000030                              : mac_tx.obj (.text:macTxRequestCsmaRtcDelay)
                  0000c9a4    00000004     dpl_cc13x2.aem4f : SemaphoreP_tirtos.oem4f (.text:SemaphoreP_post)
                  0000c9a8    00000030     app_pem4f.oem4f (.text:ti_sysbios_BIOS_startFunc__I)
                  0000c9d8    00000030     rom_sysbios.aem4f : rom_sysbios.obj (.text:ti_sysbios_family_arm_cc26xx_Timer_initDevice__I)
                  0000ca08    0000002e     rf_multiMode_cc13x2.aem4f : RFCC26X2_multiMode.c.cc13x2.ccs.o (.text:RF_queueEnd)
                  0000ca36    00000002     --HOLE-- [fill = 0]
                  0000ca38    0000002c                               : RFCC26X2_multiMode.c.cc13x2.ccs.o (.text:RF_executeDirectImmediateCmd)
                  0000ca64    0000002c     dpl_cc13x2.aem4f : SemaphoreP_tirtos.oem4f (.text:SemaphoreP_constructBinary)
                  0000ca90    0000002c     drivers_cc13x2.aem4f : TRNGCC26XX.oem4f (.text:TRNGCC26XX_stopTrng)
                  0000cabc    0000002c     rf_multiMode_cc13x2.aem4f : rf_patch_cpe_prop.c.cc13x2.ccs.o (.text:applyPropPatch)
                  0000cae8    0000002c     maclib_nosecure_cc13x2.a : mac_tx.obj (.text:macHandleTxAck)
                  0000cb14    0000002c                              : mac_radio.obj (.text:macRadioSetShortAddr)
                  0000cb40    0000002c                              : mac_rx_onoff.obj (.text:macRxSoftEnable)
                  0000cb6c    00000004     dpl_cc13x2.aem4f : SwiP_tirtos.oem4f (.text:SwiP_destruct)
                  0000cb70    0000002c     app_pem4f.oem4f (.text:ti_sysbios_heaps_HeapCallback_Handle__label__S)
                  0000cb9c    0000002c     rom_sysbios.aem4f : rom_sysbios.obj (.text:ti_sysbios_knl_Clock_getTicksUntilInterrupt__E)
                  0000cbc8    0000002a     drivers_cc13x2.aem4f : List.oem4f (.text:List_insert)
                  0000cbf2    0000002a     maclib_nosecure_cc13x2.a : mac_autopend.obj (.text:MAC_SrcMatchDeleteEntry)
                  0000cc1c    00000004     dpl_cc13x2.aem4f : SwiP_tirtos.oem4f (.text:SwiP_disable)
                  0000cc20    0000002a     osal_port.obj (.text:OsalPort_msgPush)
                  0000cc4a    0000002a     rf_multiMode_cc13x2.aem4f : RFCC26X2_multiMode.c.cc13x2.ccs.o (.text:RF_searchAndReplacePAOverride)
                  0000cc74    0000002a     rom_sysbios.aem4f : rom_sysbios.obj (.text:ti_sysbios_knl_Clock_getTimeout__E)
                  0000cc9e    00000002     --HOLE-- [fill = 0]
                  0000cca0    00000028     driverlib.lib : osc.obj (.text:NOROM_OSCHF_TurnOnXosc)
                  0000ccc8    00000028     rf_multiMode_cc13x2.aem4f : rfc.c.cc13x2.ccs.o (.text:NOROM_RFCOverrideSearch)
                  0000ccf0    00000028     osal_port_timers.obj (.text:OsalPortTimers_registerCleanupEvent)
                  0000cd18    00000028     drivers_cc13x2.aem4f : PowerCC26X2.oem4f (.text:Power_registerNotify)
                  0000cd40    00000028     rf_multiMode_cc13x2.aem4f : RFCC26X2_multiMode.c.cc13x2.ccs.o (.text:RF_calculateDeltaTimeUs)
                  0000cd68    00000028     drivers_cc13x2.aem4f : TRNGCC26XX.oem4f (.text:TRNGCC26XX_serviceJob)
                  0000cd90    00000028     maclib_nosecure_cc13x2.a : mac_radio.obj (.text:macRadioSetPanID)
                  0000cdb8    00000028                              : mac_rx_onoff.obj (.text:macRxEnable)
                  0000cde0    00000028                              : mac_rx_onoff.obj (.text:macRxOnOffInit)
                  0000ce08    00000028                              : mac.obj (.text:macSetCurrChan)
                  0000ce30    00000028                              : mac.obj (.text:macSetUserConfig)
                  0000ce58    00000028                              : mac_tx.obj (.text:macTxAbortIsr)
                  0000ce80    00000028     drivers_cc13x2.aem4f : PowerCC26X2.oem4f (.text:oscillatorISR)
                  0000cea8    00000028     app_pem4f.oem4f (.text:ti_sysbios_BIOS_registerRTSLock__I)
                  0000ced0    00000026     ti_drivers_config.obj (.text:Board_init)
                  0000cef6    00000026     drivers_cc13x2.aem4f : List.oem4f (.text:List_put)
                  0000cf1c    00000026                          : List.oem4f (.text:List_putHead)
                  0000cf42    00000026                          : List.oem4f (.text:List_remove)
                  0000cf68    00000026     app_pem4f.oem4f (.text:ti_sysbios_heaps_HeapCallback_Object__delete__S)
                  0000cf8e    00000002     --HOLE-- [fill = 0]
                  0000cf90    00000024     rf_multiMode_cc13x2.aem4f : rfc.c.cc13x2.ccs.o (.text:NOROM_RFCDoorbellSendTo)
                  0000cfb4    00000024                               : RFCC26X2_multiMode.c.cc13x2.ccs.o (.text:RF_cmdAlloc)
                  0000cfd8    00000024                               : RFCC26X2_multiMode.c.cc13x2.ccs.o (.text:RF_invokeGlobalCallback)
                  0000cffc    00000024     drivers_cc13x2.aem4f : PowerCC26X2_calibrateRCOSC.oem4f (.text:getTdcSemaphore)
                  0000d020    00000024     maclib_nosecure_cc13x2.a : mac_radio.obj (.text:macGetRadioState)
                  0000d044    00000024                              : mac_radio.obj (.text:macRadioSelectConfig)
                  0000d068    00000024                              : mac_radio.obj (.text:macRadioSwInit)
                  0000d08c    00000024                              : mac_symbol_timer.obj (.text:macSymbolTimerPowerDown)
                  0000d0b0    00000024                              : mac_timer.obj (.text:macTimer)
                  0000d0d4    00000024     rtsv7M4_T_le_v4SPD16_eabi.lib : memcmp.c.obj (.text:memcmp)
                  0000d0f8    00000024     collector.obj (.text:startCnfCb)
                  0000d11c    00000004     dpl_cc13x2.aem4f : SwiP_tirtos.oem4f (.text:SwiP_getTrigger)
                  0000d120    00000024     app_pem4f.oem4f (.text:ti_sysbios_BIOS_removeRTSLock__I)
                  0000d144    00000024     rom_sysbios.aem4f : rom_sysbios.obj (.text:ti_sysbios_family_arm_cc26xx_Timer_getMaxTicks__E)
                  0000d168    00000022     drivers_cc13x2.aem4f : List.oem4f (.text:List_get)
                  0000d18a    00000022     maclib_nosecure_cc13x2.a : mac_radio.obj (.text:radioComputeED)
                  0000d1ac    00000004     dpl_cc13x2.aem4f : SwiP_tirtos.oem4f (.text:SwiP_or)
                  0000d1b0    00000022     app_pem4f.oem4f (.text:ti_sysbios_BIOS_rtsLock__I)
                  0000d1d2    00000006     rom_sysbios.aem4f : rom_sysbios.obj (.text:ti_sysbios_family_arm_m3_Hwi_setFunc__E)
                  0000d1d8    00000022     app_pem4f.oem4f (.text:ti_sysbios_heaps_HeapCallback_Object__get__S)
                  0000d1fa    00000020     dpl_cc13x2.aem4f : HwiP_tirtos.oem4f (.text:HwiP_setFunc)
                  0000d21a    00000002     --HOLE-- [fill = 0]
                  0000d21c    00000020     maclib_nosecure_cc13x2.a : mac_autopend.obj (.text:MAC_SrcMatchAckAllPending)
                  0000d23c    00000004     dpl_cc13x2.aem4f : SwiP_tirtos.oem4f (.text:SwiP_setPriority)
                  0000d240    00000020     osal_port.obj (.text:OsalPort_leaveCS)
                  0000d260    00000020     drivers_cc13x2.aem4f : PINCC26XX.oem4f (.text:PINCC26XX_setIoCfgMux)
                  0000d280    00000020                          : PowerCC26X2.oem4f (.text:Power_unregisterNotify)
                  0000d2a0    00000020     rf_multiMode_cc13x2.aem4f : RFCC26X2_multiMode.c.cc13x2.ccs.o (.text:RF_clkPowerUp)
                  0000d2c0    00000020                               : RFCC26X2_multiMode.c.cc13x2.ccs.o (.text:RF_hwiCpe0ChangePhy)
                  0000d2e0    00000020                               : RFCC26X2_multiMode.c.cc13x2.ccs.o (.text:RF_isStateTransitionAllowed)
                  0000d300    00000020                               : RFCC26X2_multiMode.c.cc13x2.ccs.o (.text:RF_ratIsRunning)
                  0000d320    00000020                               : RFCC26X2_multiMode.c.cc13x2.ccs.o (.text:RF_setTxPower)
                  0000d340    00000020     maclib_nosecure_cc13x2.a : mac_mcu.obj (.text:macMcuTimerCapture)
                  0000d360    00000020                              : mac_rx_onoff.obj (.text:macRxOff)
                  0000d380    00000020                              : mac_symbol_timer.obj (.text:macSymbolTimerSetRollover)
                  0000d3a0    00000020                              : mac_tx.obj (.text:macTxFrameRetransmit)
                  0000d3c0    00000020     drivers_cc13x2.aem4f : TemperatureCC26X2.oem4f (.text:setTempLowerLimit)
                  0000d3e0    00000020                          : TemperatureCC26X2.oem4f (.text:setTempUpperLimit)
                  0000d400    00000020     rom_sysbios.aem4f : rom_sysbios.obj (.text:ti_sysbios_family_arm_cc26xx_Timer_dynamicStub__E)
                  0000d420    0000001e     drivers_cc13x2.aem4f : PINCC26XX.oem4f (.text:PIN_close)
                  0000d43e    0000001e                          : PowerCC26X2.oem4f (.text:Power_getTransitionLatency)
                  0000d45c    00000004                          : PowerCC26X2.oem4f (.text:configureRFCoreClocks)
                  0000d460    0000001e     main.obj (.text:appTaskFxn)
                  0000d47e    0000001e     maclib_nosecure_cc13x2.a : mac_hl_patch.obj (.text:macPibIndex)
                  0000d49c    0000001c     driverlib.lib : chipinfo.obj (.text:NOROM_ChipInfo_GetChipFamily)
                  0000d4b8    0000001c     drivers_cc13x2.aem4f : PINCC26XX.oem4f (.text:PIN_hwi)
                  0000d4d4    0000001c     dpl_cc13x2.aem4f : PowerCC26X2_tirtos.oem4f (.text:PowerCC26XX_schedulerDisable)
                  0000d4f0    0000001c                      : PowerCC26X2_tirtos.oem4f (.text:PowerCC26XX_schedulerRestore)
                  0000d50c    0000001c     rf_multiMode_cc13x2.aem4f : RFCC26X2_multiMode.c.cc13x2.ccs.o (.text:RF_ScheduleCmdParams_init)
                  0000d528    0000001c                               : RFCC26X2_multiMode.c.cc13x2.ccs.o (.text:RF_clkInactivityCallback)
                  0000d544    0000001c                               : RFCC26X2_multiMode.c.cc13x2.ccs.o (.text:RF_getPAOverrideOffsetAndValue)
                  0000d560    0000001c                               : RFCC26X2_multiMode.c.cc13x2.ccs.o (.text:RF_getRssi)
                  0000d57c    0000001c                               : RFCC26X2_multiMode.c.cc13x2.ccs.o (.text:RF_powerConstraintSet)
                  0000d598    0000001c     maclib_nosecure_cc13x2.a : mac_mcu.obj (.text:macMcuOverflowCapture)
                  0000d5b4    0000001c                              : mac_radio.obj (.text:macRadioEnergyDetectStop)
                  0000d5d0    0000001c                              : mac_radio.obj (.text:macRadioInit)
                  0000d5ec    0000001c                              : mac_radio_tx.obj (.text:macRadioTxGo)
                  0000d608    0000001c                              : mac_radio_tx.obj (.text:macRadioTxPrepCsmaSlotted)
                  0000d624    0000001c                              : mac_radio_tx.obj (.text:macRadioTxPrepCsmaUnslotted)
                  0000d640    0000001c                              : mac_rx.obj (.text:macRxAckTxDoneCallback)
                  0000d65c    0000001c                              : mac.obj (.text:macSendReceiveCmd)
                  0000d678    0000001c                              : mac_symbol_timer.obj (.text:macSymbolTimerCompareIsr)
                  0000d694    0000001c                              : mac_symbol_timer.obj (.text:macSymbolTimerRealign)
                  0000d6b0    0000001c                              : mac_symbol_timer.obj (.text:macSymbolTimerRestore)
                  0000d6cc    0000001c                              : mac_timer.obj (.text:macTimerRemoveTimer)
                  0000d6e8    0000001c                              : mac_rx.obj (.text:rxDone)
                  0000d704    0000001c     rom_sysbios.aem4f : rom_sysbios.obj (.text:ti_sysbios_knl_Swi_construct2__E)
                  0000d720    0000001a     api_mac.obj (.text:ApiMac_mlmeSetReqArray)
                  0000d73a    00000004     maclib_nosecure_cc13x2.a : mac_hl_patch.obj (.text:macBlacklistChecking)
                  0000d73e    00000002     --HOLE-- [fill = 0]
                  0000d740    0000001a     main.obj (.text:Main_assertHandler)
                  0000d75a    00000004     maclib_nosecure_cc13x2.a : mac_hl_patch.obj (.text:macCcmStarInverseTransform)
                  0000d75e    00000002     --HOLE-- [fill = 0]
                  0000d760    0000001a     osal_port.obj (.text:OsalPort_clockFunc)
                  0000d77a    0000001a     drivers_cc13x2.aem4f : PowerCC26X2.oem4f (.text:PowerCC26XX_calibrate)
                  0000d794    0000001a     maclib_nosecure_cc13x2.a : mac_hl_patch.obj (.text:macCheckPhyMode)
                  0000d7ae    0000001a                              : mac_mcu.obj (.text:macMcuLongDiv)
                  0000d7c8    0000001a     app_pem4f.oem4f (.text:ti_sysbios_BIOS_rtsUnlock__I)
                  0000d7e2    00000004     maclib_nosecure_cc13x2.a : mac_hl_patch.obj (.text:macCcmStarTransform)
                  0000d7e6    00000002     --HOLE-- [fill = 0]
                  0000d7e8    0000001a     app_pem4f.oem4f (.text:xdc_runtime_Startup_exec__I)
                  0000d802    00000004     maclib_nosecure_cc13x2.a : mac_hl_patch.obj (.text:macDeviceDescriptorLookup)
                  0000d806    00000002     --HOLE-- [fill = 0]
                  0000d808    00000018     api_mac.obj (.text:ApiMac_mlmeSetReqBool)
                  0000d820    00000018     api_mac.obj (.text:ApiMac_mlmeSetReqUint8)
                  0000d838    00000018     maclib_nosecure_cc13x2.a : mac_pwr.obj (.text:MAC_PwrOnReq)
                  0000d850    00000018                              : mac_autopend.obj (.text:MAC_SrcMatchCheckResult)
                  0000d868    00000018     driverlib.lib : chipinfo.obj (.text:NOROM_ChipInfo_GetPackageType)
[...]
10039e69  macBcTimerHandler                                                  
10039e7d  macIsCsmOperational                                                
10039e91  macSecCpy                                                          
10039ea5  macUpdateCsmPhyParam                                               
10039eb9  macGetCSMPhy                                                       
10039ec1  macNoAction                                                        
10039ec5  MAC_MlmeSetReq                                                     
1003a115  macMRFSKGetPhyDesc                                                 
1003a169  MAC_MlmeGetReq                                                     
1003a1b9  MAC_GetPHYParamReq                                                 
1003a1f9  MAC_SetPHYParamReq                                                 
1003a239  macPibReset                                                        
1003a275  MAC_MlmeGetReqSize                                                 
1003a29d  macIEEEGetPhyDesc                                                  
1003a2ad  macApiScanReq                                                      
1003a599  macScanRxBeacon                                                    
1003a689  MAC_MlmeScanReq                                                    
1003a839  macScanComplete                                                    
1003a8b9  macScanStartTimer                                                  
1003a931  macScanCnfInit                                                     
1003a96d  macScanFailedInProgress                                            
1003a99d  MAC_MlmeSetSecurityReq                                             
1003ac6d  macSecurityPibReset                                                
1003af09  MAC_MlmeGetSecurityReq                                             
1003b101  MAC_MlmeGetSecurityReqSize                                         
1003b159  MAC_MlmeGetPointerSecurityReq                                      
1003b199  macSecurityPibIndex                                                
1003b9f1  macUpdatePanId                                                     
1003ba75  macGetEUIIndex                                                     
1003bb81  macGetEUI                                                          
1003c6e9  macWrapperGetDefaultSourceKey                                      
20000000  ti_sysbios_family_arm_m3_Hwi_ramVectors                            
20000100  xdcRomConstPtr                                                     
20000104  xdcRomExternFuncPtr                                                
20000108  xdcRomStatePtr                                                     
2000010c  RAM_MAC_BASE_ADDR                                                  
20000120  PowerCC26X2_module                                                 
20000254  ROM_stateStruct                                                    
20000254  ti_sysbios_knl_Clock_Module__state__V                              
20000280  ti_sysbios_family_arm_cc26xx_TimestampProvider_Module__state__V    
20000284  xdc_runtime_Startup_Module__state__V                               
2000028c  xdc_runtime_Registry_Module__state__V                              
20000294  ti_sysbios_BIOS_Module__state__V                                   
200002b8  ti_sysbios_knl_Swi_Module__state__V                                
200002d4  ti_sysbios_knl_Task_Module__state__V                               
20000318  xdc_runtime_Memory_Module__state__V                                
2000031c  xdc_runtime_System_Module__state__V                                
20000324  ti_sysbios_family_arm_m3_Hwi_Module__state__V                      
20000358  ti_sysbios_family_arm_cc26xx_Timer_Module__state__V                
20000362  rxCmdHandle                                                        
20000364  fsCmdHandle                                                        
2000036c  lastPostCmd                                                        
20000370  macSfdDetectCback                                                  
20000374  pMacRadioConfig                                                    
20000378  macRfDrvTblPtr                                                     
20000388  macRxOutputSubG                                                    
20000394  macRxOutputIeee                                                    
200003a4  macFrmFilter                                                       
200003b4  macSrcShortAddrList                                                
200003d0  macSrcExtAddrList                                                  
20000400  macMRFSKGenPhyTable                                                
200004a0  fhObject                                                           
2000050c  txPowerTable_868_pa13                                              
20000570  ti_sysbios_knl_Task_Object__table__V                               
200005bc  Collector_macCallbacks                                             
20000604  macSrcMatchIsAckAllPending                                         
20000605  macSrcResIndex                                                     
20000608  ti_sysbios_family_arm_cc26xx_Timer_Object__table__V                
20000658  macPhyTxPower                                                      
20000660  pRfMode                                                            
20000664  pRfPowerTable                                                      
20000668  pMaxPower                                                          
2000066c  RF_handle                                                          
20000670  RF_params                                                          
20000690  ti_sysbios_gates_GateMutex_Object__table__V                        
200006c8  macBeaconPayload                                                   
200006fc  pMacDataTx                                                         
20000700  macDataTxIndirect                                                  
20000704  macDataRequeueIndirect                                             
20000708  macDataRxBeaconCritical                                            
2000070c  macDataTxBeaconComplete                                            
20000710  macDataSetSched                                                    
20000714  macDataCheckSched                                                  
20000718  macDataCheckTxTime                                                 
2000071c  macDataBeaconRequeue                                               
20000720  csmPhy                                                             
20000724  macTimerRollover                                                   
20000728  macTimerNewRollover                                                
2000072c  ti_sysbios_knl_Swi_Module_State_0_readyQ__A                        
2000075c  ti_sysbios_knl_Swi_Object__table__V                                
2000078c  ti_sysbios_knl_Task_Module_State_0_readyQ__A                       
200007bc  macSpecUsecsPerSymbol                                              
200007c0  macSymbolTimerRollover                                             
200007c4  macPrevPeriodRatCount                                              
200007c8  macSymbolTimerTrigger                                              
200007e4  pOverrides_2gfsk50kbps154g                                         
2000080c  macTxType                                                          
2000080d  macTxBe                                                            
2000080e  macTxGpInterframeDelay                                             
2000080f  txAckReq                                                           
20000812  txSeqn                                                             
20000814  numTx                                                              
20000816  macTxCsmaBackoffDelay                                              
20000818  macCsmaRtcTimerId                                                  
2000081c  macAckDbg                                                          
20000830  macActionSet                                                       
20000854  macTxSlottedDelay                                                  
20000855  bInSwi                                                             
20000856  macSrcMatchIsEnabled                                               
20000857  macRadioYielded                                                    
20000878  ti_sysbios_knl_Clock_Object__table__V                              
20000898  xdc_runtime_Error_IgnoreBlock                                      
200008b8  taskCnt                                                            
200008bc  macTasksEvents                                                     
200008c0  heapmgrMemFreeTotal                                                
200008c4  heapmgrMemFreeError                                                
200008d2  Collector_events                                                   
200008d4  ti_sysbios_family_arm_m3_Hwi_Object__table__V                      
200008ec  txCmdHandle                                                        
200008ee  macRadioAckIeeeFrame                                               
200008f4  pMacEnhancedAck                                                    
200008f8  macRadioAckFrame                                                   
20000900  macStateTbl                                                        
20000920  pMacCbackQueryRetransmit                                           
20000924  pMacCbackCheckPending                                              
20000928  macUser0Cfg                                                        
2000093c  RF_cmdNop                                                          
2000094c  RF_cmdNopFg                                                        
2000095c  RF_prop_2gfsk50kbps154g                                            
2000096c  macCfg                                                             
2000097c  lastRatChanA                                                       
2000097d  lastRatChanB                                                       
2000097e  macRxCmdActive                                                     
2000097f  macTxCmdActive                                                     
20000980  macFsCmdActive                                                     
20000982  macReqAccessCnt                                                    
20000984  macReqAccessTimeCnt                                                
20000985  reqAccessAlloc                                                     
20000986  macReqAccErrCnt                                                    
20000988  numRfCmd                                                           
20000989  numRxCmd                                                           
2000098a  numRxPostCmd                                                       
2000098b  macSleepState                                                      
20000994  pClockHandleEDScan                                                 
20000998  ti_sysbios_heaps_HeapCallback_Object__table__V                     
200009a4  _lock                                                              
200009a8  _unlock                                                            
200009ac  appEvents                                                          
200009b4  pinUpperBound                                                      
200009b8  pinLowerBound                                                      
200009cc  ti_sysbios_family_arm_m3_Hwi_Module__root__V                       
200009d4  ti_sysbios_gates_GateHwi_Module__root__V                           
200009dc  ti_sysbios_gates_GateMutex_Module__root__V                         
200009e4  ti_sysbios_hal_Hwi_Module__root__V                                 
200009ec  ti_sysbios_heaps_HeapCallback_Module__root__V                      
200009f4  ti_sysbios_heaps_HeapMem_Module__root__V                           
200009fc  ti_sysbios_knl_Clock_Module__root__V                               
20000a04  ti_sysbios_knl_Event_Module__root__V                               
20000a0c  ti_sysbios_knl_Mailbox_Module__root__V                             
20000a14  ti_sysbios_knl_Queue_Module__root__V                               
20000a1c  ti_sysbios_knl_Semaphore_Module__root__V                           
20000a24  ti_sysbios_knl_Swi_Module__root__V                                 
20000a2c  ti_sysbios_knl_Task_Module__root__V                                
20000a3b  macTxSlottedDelayFactor                                            
20000a40  main_func_sp                                                       
20000a44  ti_sysbios_family_arm_m3_Hwi_Module_State_0_excContext__A          
20000a48  ti_sysbios_family_arm_m3_Hwi_Module_State_0_excStack__A            
20000a4c  ti_sysbios_knl_Task_Module_State_0_idleTask__A                     
20000a50  ti_sysbios_family_arm_m3_Hwi_Module_State_0_excActive__A           
20000a52  Main_assertReason                                                  
20001d10  ti_sysbios_knl_Task_Instance_State_0_stack__A                      
20001f10  taskTbl                                                            
20002078  enhancedAckBuf                                                     
20002174  ti_sysbios_family_arm_m3_Hwi_dispatchTable                         
20002300  macPib                                                             
20002388  pinHandleTable                                                     
20002404  macScan                                                            
20002458  appTask                                                            
200024a8  macTask                                                            
20002534  RF_cmdIEEERx                                                       
20002570  macBeaconCoord                                                     
200025ac  macDeviceAction1                                                   
20002618  macBeaconDevice                                                    
2000264c  RF_cmdPropRadioDivSetup                                            
2000267c  RF_cmdPropRxAdv                                                    
200026ac  macCoord                                                           
200026d8  macDevice                                                          
20002704  macRxFilter                                                        
20002705  rxPromiscuousMode                                                  
20002708  rxSeqNum                                                           
20002710  macRxDataEntryOffset                                               
20002718  rxRadioBufferPtr                                                   
20002724  macRxDataEntryQueue                                                
2000272c  macMgmtAction1                                                     
20002774  RF_cmdIEEECsma                                                     
20002794  RF_cmdPropTxAdv                                                    
200027b4  RF_cmdRadioSetup                                                   
200027d4  macBeacon                                                          
20002880  RF_cmdPropCs                                                       
2000289c  RF_cmdPropCsSlotted                                                
200028b8  appSem                                                             
200028d4  macCoordAction2                                                    
200028f0  macReset                                                           
2000290c  macSem                                                             
20002928  RF_cmdFs                                                           
20002940  RF_cmdIEEETx                                                       
20002958  macScanAction                                                      
20002998  RF_cmdRxAckCmd                                                     
200029ac  macDeviceAction2                                                   
200029c0  macMgmtAction2                                                     
200029d4  macBeaconDeviceAction                                              
200029e4  macCoordAction3                                                    
200029f4  macData                                                            
20002a04  macDataTxDelay                                                     
20002a20  macMain                                                            
20002a48  ApiMac_extAddr                                                     
20002a50  macBeaconCoordAction1                                              
20002a58  macCoordAction1                                                    
20002a65  AppTaskId                                                          
20002a66  appTaskId                                                          
20002a67  driverlib_release_0_56804                                          
20002a6c  FH_test_var                                                        
20002a70  HEAPMGR_SIZE                                                       
20002a74  PowerCC26XX_swiKey                                                 
20002a78  PowerCC26XX_taskKey                                                
20002a7c  macRxSymbol                                                        
20002a80  macTimerActive                                                     
20002a84  macTxTimestamp                                                     
20002a88  timerAlignedQ                                                      
20002a8c  timerUnalignedQ                                                    
20002a90  macMgmt                                                            
20002a91  macPanCoordinator                                                  
20002a92  macPhyChannel                                                      
20002a93  macPwr                                                             
20002a94  macRxActive                                                        
20002a95  macRxEnableFlags                                                   
20002a96  macRxOutgoingAckFlag                                               
20002a97  macSymbolTimerImpending                                            
20002a98  macTaskId                                                          
20002a99  macTxActive                                                        
20002a9a  macUnitBackoffPeriod                                               
20002a9b  rxFhRsl                                                            
20002a9c  heapStart                                                          
20013aa0  __stack                                                            
20013aa0  heapEnd                                                            
20014000  __STACK_END                                                        
20014000  __STACK_TOP                                                        
e000e000  ti_sysbios_family_arm_m3_Hwi_nvic                                  
ffffffff  __TI_pprof_out_hndl                                                
ffffffff  __TI_prof_data_size                                                
ffffffff  __TI_prof_data_start                                               
ffffffff  __binit__                                                          
ffffffff  __c_args__                                                         
ffffffff  binit                                                              
UNDEFED   SHT$$INIT_ARRAY$$Base                                              
UNDEFED   SHT$$INIT_ARRAY$$Limit                                             

[1671 symbols]
